******************************************************************************
               TMS320C6x Linker PC v8.1.3                      
******************************************************************************
>> Linked Tue Jan 23 17:27:16 2018

OUTPUT FILE NAME:   <edma_spi.out>
ENTRY POINT SYMBOL: "_c_int00"  address: 0c00cdc0


MEMORY CONFIGURATION

         name            origin    length      used     unused   attr    fill
----------------------  --------  ---------  --------  --------  ----  --------
  LOCAL_L2_SRAM         00800000   00080000  0000016c  0007fe94  RWIX
  LOCAL_L1P_SRAM        00e00000   00008000  00000000  00008000  RWIX
  LOCAL_L1D_SRAM        00f00000   00008000  00000000  00008000  RWIX
  SHRAM                 0c000000   00400000  00018744  003e78bc  RWIX
  EMIF16_CS2            70000000   04000000  00000000  04000000  RWIX
  EMIF16_CS3            74000000   04000000  00000000  04000000  RWIX
  EMIF16_CS4            78000000   04000000  00000000  04000000  RWIX
  EMIF16_CS5            7c000000   04000000  00000000  04000000  RWIX
  DDR3                  80000000   20000000  00000180  1ffffe80  RWIX


SEGMENT ALLOCATION MAP

run origin  load origin   length   init length attrs members
----------  ----------- ---------- ----------- ----- -------
00800000    00800000    0000016c   00000000    rw-
  00800000    00800000    0000016c   00000000    rw- .testData
0c000000    0c000000    0000d940   0000d940    r-x
  0c000000    0c000000    0000d940   0000d940    r-x .text
0c00d940    0c00d940    0000a32c   00000000    rw-
  0c00d940    0c00d940    00008000   00000000    rw- .sysmem
  0c015940    0c015940    00002000   00000000    rw- .stack
  0c017940    0c017940    0000032c   00000000    rw- .fardata
0c017c70    0c017c70    000002f8   000002f8    r--
  0c017c70    0c017c70    00000194   00000194    r-- .const
  0c017e04    0c017e04    00000164   00000164    r-- .switch
0c017f68    0c017f68    0000006a   00000000    rw-
  0c017f68    0c017f68    0000005a   00000000    rw- .bss
  0c017fc4    0c017fc4    0000000e   00000000    rw- .neardata
0c018000    0c018000    00000220   00000220    r-x
  0c018000    0c018000    00000220   00000220    r-x .csl_vect
0c018220    0c018220    00000380   00000000    rw-
  0c018220    0c018220    00000158   00000000    rw- .far
  0c018378    0c018378    00000120   00000000    rw- .cio
  0c018498    0c018498    00000108   00000000    rw- platform_lib
0c0185a0    0c0185a0    000001d8   000001d8    r--
  0c0185a0    0c0185a0    000001d8   000001d8    r-- .cinit
80000000    80000000    00000180   00000000    rw-
  80000000    80000000    00000100   00000000    rw- .gem0_data
  80000100    80000100    00000080   00000000    rw- .gem1_data


SECTION ALLOCATION MAP

 output                                  attributes/
section   page    origin      length       input sections
--------  ----  ----------  ----------   ----------------
.text      0    0c000000    0000d940     
                  0c000000    00000f00     main4my.obj (.text)
                  0c000f00    00000880     rts6600_elf.lib : _printfi.obj (.text:_pproc_diouxp)
                  0c001780    00000780                     : _printfi.obj (.text:__TI_printfi)
                  0c001f00    00000620                     : _printfi.obj (.text:_pconv_g)
                  0c002520    00000600                     : divd.obj (.text:__c6xabi_divd)
                  0c002b20    000005a0                     : _printfi.obj (.text:_setfield)
                  0c0030c0    000005a0     ti.csl.ae66 : csl_edma3HwChannelControl.oe66 (.text:csl_section:edma3:CSL_edma3HwChannelControl)
                  0c003660    00000500     rts6600_elf.lib : _printfi.obj (.text:_pconv_e)
                  0c003b60    000004e0     ti.csl.ae66 : csl_edma3HwControl.oe66 (.text:csl_section:edma3:CSL_edma3HwControl)
                  0c004040    00000440     ti.platform.evm6678l.ae66 : evmc6678.dbg.oe66 (.text:DDR3Init)
                  0c004480    00000440     rts6600_elf.lib : _printfi.obj (.text:_pconv_a)
                  0c0048c0    00000400     ti.csl.intc.ae66 : csl_intcHwControl.oe66 (.text:csl_section:intc:CSL_intcHwControl)
                  0c004cc0    000003c0     rts6600_elf.lib : memory.obj (.text:free)
                  0c005080    00000360                     : _printfi.obj (.text:acvt)
                  0c0053e0    00000360                     : fputs.obj (.text:fputs)
                  0c005740    00000340     spi_test.obj (.text)
                  0c005a80    00000320     rts6600_elf.lib : _printfi.obj (.text:_pproc_fgea)
                  0c005da0    00000300     ti.platform.evm6678l.ae66 : evmc6678.dbg.oe66 (.text:CSL_EMIF4F_SetSDRAMConfig)
                  0c0060a0    00000300     intc_test.obj (.text)
                  0c0063a0    000002e0     ti.csl.ae66 : csl_edma3GetHwStatus.oe66 (.text:csl_section:edma3:CSL_edma3GetHwStatus)
                  0c006680    000002e0     rts6600_elf.lib : _printfi.obj (.text:fcvt)
                  0c006960    000002a0                     : _printfi.obj (.text:_pproc_fwp)
                  0c006c00    00000280     ti.platform.evm6678l.ae66 : evmc6678.dbg.oe66 (.text:CorePllcHwSetup)
                  0c006e80    00000280     rts6600_elf.lib : _printfi.obj (.text:_pconv_f)
                  0c007100    00000260     ti.csl.intc.ae66 : csl_intcOpen.oe66 (.text:csl_section:intc:CSL_intcOpen)
                  0c007360    00000260     ti.platform.evm6678l.ae66 : platform.dbg.oe66 (.text:platform_init)
                  0c0075c0    00000240     rts6600_elf.lib : imath64.obj (.text:__c6xabi_divull)
                  0c007800    00000240                     : _printfi.obj (.text:_ltostr)
                  0c007a40    00000240                     : setvbuf.obj (.text:setvbuf)
                  0c007c80    00000220     ti.platform.evm6678l.ae66 : evmc6678.dbg.oe66 (.text:SetPaPllConfig)
                  0c007ea0    00000220     ti.csl.intc.ae66 : _csl_intcCombEventDispatcher.oe66 (.text:csl_section:intc:CSL_intcEvent0Dispatcher)
                  0c0080c0    00000220                      : _csl_intcCombEventDispatcher.oe66 (.text:csl_section:intc:CSL_intcEvent1Dispatcher)
                  0c0082e0    00000220                      : _csl_intcCombEventDispatcher.oe66 (.text:csl_section:intc:CSL_intcEvent2Dispatcher)
                  0c008500    00000220                      : _csl_intcCombEventDispatcher.oe66 (.text:csl_section:intc:CSL_intcEvent3Dispatcher)
                  0c008720    00000220     rts6600_elf.lib : fputc.obj (.text:fputc)
                  0c008940    000001c0                     : imath40.obj (.text:__c6xabi_divul)
                  0c008b00    000001c0     ti.csl.intc.ae66 : _csl_intcDispatcher.oe66 (.text:csl_section:intc:CSL_intcDispatcher)
                  0c008cc0    000001a0     rts6600_elf.lib : trgdrv.obj (.text:HOSTrename)
                  0c008e60    000001a0     ti.platform.evm6678l.ae66 : evmc6678.dbg.oe66 (.text:SetDDR3PllConfig)
                  0c009000    000001a0     rts6600_elf.lib : frexp.obj (.text:frexp)
                  0c0091a0    000001a0                     : lowlev.obj (.text:getdevice)
                  0c009340    00000180     ti.csl.intc.ae66 : csl_intcInit.oe66 (.text:csl_section:intc:CSL_intcInit)
                  0c0094c0    00000180     rts6600_elf.lib : memory.obj (.text:malloc)
                  0c009640    00000160     ti.platform.evm6678l.ae66 : evmc6678.dbg.oe66 (.text:prog_pll1_values)
                  0c0097a0    00000140                               : evmc6678.dbg.oe66 (.text:CSL_EMIF4F_GetSDRAMConfig)
                  0c0098e0    00000140                               : evmc6678.dbg.oe66 (.text:CSL_EMIF4F_SetTiming1Config)
                  0c009a20    00000140     rts6600_elf.lib : fclose.obj (.text:__TI_closefile)
                  0c009b60    00000140                     : autoinit.obj (.text:_auto_init_elf)
                  0c009ca0    00000140     ti.csl.intc.ae66 : _csl_intcIntrEnDisRes.oe66 (.text:csl_section:intc)
                  0c009de0    00000140     rts6600_elf.lib : ldexp.obj (.text:ldexp)
                  0c009f20    00000140     ti.platform.evm6678l.ae66 : platform.dbg.oe66 (.text:platform_memory_test)
                  0c00a060    00000120                               : evmc6678.dbg.oe66 (.text:CSL_EMIF4F_SetOutputImpedanceConfig)
                  0c00a180    00000120                               : evmc6678.dbg.oe66 (.text:CSL_EMIF4F_SetTiming2Config)
                  0c00a2a0    00000120                               : evmc6678.dbg.oe66 (.text:CSL_EMIF4F_SetTiming3Config)
                  0c00a3c0    00000120                               : evmc6678.dbg.oe66 (.text:CSL_XMC_setXMPAXL)
                  0c00a4e0    00000120     ti.csl.ae66 : csl_chip.oe66 (.text:CSL_chipReadReg)
                  0c00a600    00000120     ti.platform.evm6678l.ae66 : evmc6678_phy.dbg.oe66 (.text:Init_SGMII)
                  0c00a720    00000120     ti.csl.ae66 : csl_edma3ChannelOpen.oe66 (.text:csl_section:edma3:CSL_edma3ChannelOpen)
                  0c00a840    00000120     rts6600_elf.lib : fseek.obj (.text:fseek)
                  0c00a960    00000100     ti.platform.evm6678l.ae66 : evmc6678.dbg.oe66 (.text:CorePllcGetHwSetup)
                  0c00aa60    00000100     rts6600_elf.lib : trgdrv.obj (.text:HOSTlseek)
                  0c00ab60    00000100                     : copy_decompress_rle.obj (.text:__TI_decompress_rle_core)
                  0c00ac60    00000100                     : _io_perm.obj (.text:__TI_wrt_ok)
                  0c00ad60    00000100                     : atoi.obj (.text:atoi)
                  0c00ae60    00000100                     : cpy_tbl.obj (.text:copy_in)
                  0c00af60    00000100     ti.csl.ae66 : csl_edma3GetBaseAddress.oe66 (.text:csl_section:edma:CSL_edma3ccGetModuleBaseAddr)
                  0c00b060    00000100     ti.csl.intc.ae66 : csl_intcPlugEventHandler.oe66 (.text:csl_section:intc:CSL_intcPlugEventHandler)
                  0c00b160    000000e0     ti.platform.evm6678l.ae66 : evmc6678.dbg.oe66 (.text:CSL_EMIF4F_SetPowerMgmtConfig)
                  0c00b240    000000e0     rts6600_elf.lib : trgdrv.obj (.text:HOSTopen)
                  0c00b320    000000e0                     : trgdrv.obj (.text:HOSTwrite)
                  0c00b400    000000e0                     : divi.obj (.text:__divi)
                  0c00b4e0    000000e0                     : lowlev.obj (.text:close)
                  0c00b5c0    000000e0                     : ltoa.obj (.text:ltoa)
                  0c00b6a0    000000e0                     : memset.obj (.text:memset)
                  0c00b780    000000e0                     : printf.obj (.text:printf)
                  0c00b860    000000c0     ti.platform.evm6678l.ae66 : evmc6678_phy.dbg.oe66 (.text:CSL_SGMII_setAdvAbility)
                  0c00b920    000000c0     rts6600_elf.lib : trgdrv.obj (.text:HOSTread)
                  0c00b9e0    000000c0                     : trgdrv.obj (.text:HOSTunlink)
                  0c00baa0    000000c0                     : fflush.obj (.text:__TI_doflush)
                  0c00bb60    000000c0                     : divu.obj (.text:__divu)
                  0c00bc20    000000c0     ti.csl.ae66 : csl_edma3HwChannelSetup.oe66 (.text:csl_section:edma3:CSL_edma3HwChannelSetupQue)
                  0c00bce0    000000c0                 : csl_edma3Open.oe66 (.text:csl_section:edma3:CSL_edma3Open)
                  0c00bda0    000000c0     ti.csl.intc.ae66 : csl_intcClose.oe66 (.text:csl_section:intc:CSL_intcClose)
                  0c00be60    000000c0     rts6600_elf.lib : exit.obj (.text:exit)
                  0c00bf20    000000c0                     : memory.obj (.text:minsert)
                  0c00bfe0    000000c0                     : memory.obj (.text:mremove)
                  0c00c0a0    000000c0                     : tls.obj (.text:tls:init:__TI_tls_init)
                  0c00c160    000000a0     ti.platform.evm6678l.ae66 : evmc6678.dbg.oe66 (.text:CSL_EMIF4F_SetLevelingControlInfo)
                  0c00c200    000000a0                               : evmc6678.dbg.oe66 (.text:CSL_EMIF4F_SetLevelingRampControlInfo)
                  0c00c2a0    000000a0                               : evmc6678_phy.dbg.oe66 (.text:CSL_SGMII_getStatus)
                  0c00c340    000000a0     rts6600_elf.lib : trgdrv.obj (.text:HOSTclose)
                  0c00c3e0    000000a0     ti.platform.evm6678l.ae66 : evmc6678.dbg.oe66 (.text:PowerUpDomains)
                  0c00c480    000000a0     rts6600_elf.lib : fopen.obj (.text:__TI_cleanup)
                  0c00c520    000000a0                     : memory.obj (.text:_minit)
                  0c00c5c0    000000a0     ti.platform.evm6678l.ae66 : evmc6678_phy.dbg.oe66 (.text:configSerdes)
                  0c00c660    000000a0     ti.csl.ae66 : csl_edma3HwChannelSetup.oe66 (.text:csl_section:edma3:CSL_edma3HwChannelSetupParam)
                  0c00c700    000000a0                 : csl_edma3Param.oe66 (.text:csl_section:edma3:CSL_edma3ParamSetup)
                  0c00c7a0    000000a0     rts6600_elf.lib : memcpy64.obj (.text:memcpy)
                  0c00c840    00000080                     : trgmsg.obj (.text:__TI_readmsg)
                  0c00c8c0    00000080                     : trgmsg.obj (.text:__TI_writemsg)
                  0c00c940    00000080                     : llshift.obj (.text:__c6xabi_llshl)
                  0c00c9c0    00000080     ti.csl.ae66 : csl_edma3Param.oe66 (.text:csl_section:edma3:CSL_edma3GetParamHandle)
                  0c00ca40    00000080     rts6600_elf.lib : lowlev.obj (.text:unlink)
                  0c00cac0    00000060     ti.platform.evm6678l.ae66 : evmc6678_phy.dbg.oe66 (.text:CSL_BootCfgSetSGMIIRxConfig)
                  0c00cb20    00000060                               : evmc6678_phy.dbg.oe66 (.text:CSL_BootCfgSetSGMIITxConfig)
                  0c00cb80    00000060     ti.csl.ae66 : csl_cpIntcGetBaseAddress.oe66 (.text:CSL_CPINTC_open)
                  0c00cbe0    00000060     ti.platform.evm6678l.ae66 : evmc6678.dbg.oe66 (.text:CSL_EMIF4F_SetPhyControl)
                  0c00cc40    00000060                               : evmc6678.dbg.oe66 (.text:CSL_PSC_setModuleNextState)
                  0c00cca0    00000060                               : platform.dbg.oe66 (.text:MSMC_enableEDC)
                  0c00cd00    00000060     rts6600_elf.lib : frcmpyd_div.obj (.text:__TI_frcmpyd_div)
                  0c00cd60    00000060                     : llshift.obj (.text:__c6xabi_llshru)
                  0c00cdc0    00000060                     : boot.obj (.text:_c_int00)
                  0c00ce20    00000060                     : lowlev.obj (.text:lseek)
                  0c00ce80    00000060                     : memccpy.obj (.text:memccpy)
                  0c00cee0    00000060     ti.platform.evm6678l.ae66 : platform.dbg.oe66 (.text:platform_delaycycles)
                  0c00cf40    00000060                               : platform.dbg.oe66 (.text:platform_get_frequency)
                  0c00cfa0    00000060     rts6600_elf.lib : lowlev.obj (.text:write)
                  0c00d000    00000060     ti.platform.evm6678l.ae66 : evmc6678.dbg.oe66 (.text:xmc_setup)
                  0c00d060    00000040                               : evmc6678.dbg.oe66 (.text:CSL_BootCfgGetDDRConfig)
                  0c00d0a0    00000040                               : evmc6678.dbg.oe66 (.text:CSL_BootCfgSetDDRConfig)
                  0c00d0e0    00000040                               : evmc6678_phy.dbg.oe66 (.text:CSL_BootCfgSetSGMIIConfigPLL)
                  0c00d120    00000040                               : evmc6678.dbg.oe66 (.text:CSL_BootCfgUnlockKicker)
                  0c00d160    00000040                               : evmc6678_phy.dbg.oe66 (.text:CSL_BootCfgUnlockKicker)
                  0c00d1a0    00000040                               : evmc6678.dbg.oe66 (.text:CSL_EMIF4F_EnableInitRefresh)
                  0c00d1e0    00000040                               : evmc6678.dbg.oe66 (.text:CSL_EMIF4F_GetPhyControl)
                  0c00d220    00000040                               : evmc6678.dbg.oe66 (.text:CSL_EMIF4F_SetRefreshRate)
                  0c00d260    00000040                               : evmc6678.dbg.oe66 (.text:CSL_PSC_enablePowerDomain)
                  0c00d2a0    00000040                               : evmc6678.dbg.oe66 (.text:CSL_PSC_isStateTransitionDone)
                  0c00d2e0    00000040                               : evmc6678.dbg.oe66 (.text:CSL_PSC_startStateTransition)
                  0c00d320    00000040                               : evmc6678_phy.dbg.oe66 (.text:CSL_SGMII_disableMasterMode)
                  0c00d360    00000040                               : evmc6678_phy.dbg.oe66 (.text:CSL_SGMII_doSoftReset)
                  0c00d3a0    00000040                               : evmc6678_phy.dbg.oe66 (.text:CSL_SGMII_enableAutoNegotiation)
                  0c00d3e0    00000040                               : evmc6678_phy.dbg.oe66 (.text:CSL_SGMII_endRxTxSoftReset)
                  0c00d420    00000040                               : evmc6678_phy.dbg.oe66 (.text:CSL_SGMII_getSoftResetStatus)
                  0c00d460    00000040                               : evmc6678_phy.dbg.oe66 (.text:CSL_SGMII_startRxTxSoftReset)
                  0c00d4a0    00000040                               : evmc6678.dbg.oe66 (.text:CSL_XMC_setXMPAXH)
                  0c00d4e0    00000040                               : platform.dbg.oe66 (.text:CSL_chipWriteTSCL)
                  0c00d520    00000040     rts6600_elf.lib : isinf.obj (.text:__c6xabi_isinf)
                  0c00d560    00000040                     : _printfi.obj (.text:__c6xabi_isnan)
                  0c00d5a0    00000040                     : args_main.obj (.text:_args_main)
                  0c00d5e0    00000040                     : imath64.obj (.text:_subcull)
                  0c00d620    00000040     ti.csl.ae66 : csl_edma3ChannelClose.oe66 (.text:csl_section:edma3:CSL_edma3ChannelClose)
                  0c00d660    00000040     ti.platform.evm6678l.ae66 : platform.dbg.oe66 (.text:enableL1PEDC)
                  0c00d6a0    00000040                               : platform.dbg.oe66 (.text:enableL2EDC)
                  0c00d6e0    00000040                               : evmc6678.dbg.oe66 (.text:pll_delay)
                  0c00d720    00000020     ti.csl.ae66 : csl_gpioGetBaseAddress.oe66 (.text:CSL_GPIO_open)
                  0c00d740    00000020     ti.platform.evm6678l.ae66 : platform.dbg.oe66 (.text:CSL_chipReadTSCL)
                  0c00d760    00000020     rts6600_elf.lib : errno.obj (.text:__c6xabi_errno_addr)
                  0c00d780    00000020                     : _lock.obj (.text:_nop)
                  0c00d7a0    00000020                     : printf.obj (.text:_outc)
                  0c00d7c0    00000020                     : printf.obj (.text:_outs)
                  0c00d7e0    00000020                     : exit.obj (.text:abort)
                  0c00d800    00000020     ti.csl.ae66 : csl_edma3Close.oe66 (.text:csl_section:edma3:CSL_edma3Close)
                  0c00d820    00000020                 : csl_edma3Init.oe66 (.text:csl_section:edma3:CSL_edma3Init)
                  0c00d840    00000020     ti.csl.intc.ae66 : csl_intcHookIsr.oe66 (.text:csl_section:intc:CSL_intcHookIsr)
                  0c00d860    00000020                      : _csl_intcNmiDummy.oe66 (.text:csl_section:intc)
                  0c00d880    00000020     rts6600_elf.lib : copy_zero_init.obj (.text:decompress:ZI:__TI_zero_init)
                  0c00d8a0    00000020                     : copy_decompress_none.obj (.text:decompress:none:__TI_decompress_none)
                  0c00d8c0    00000020                     : copy_decompress_rle.obj (.text:decompress:rle24:__TI_decompress_rle24)
                  0c00d8e0    00000020     ti.csl.intc.ae66 : csl_intcAsmUtils.oe66 (.text:dint)
                  0c00d900    00000020     ti.platform.evm6678l.ae66 : platform.dbg.oe66 (.text:enableEDCL2EDCEN)
                  0c00d920    00000020     ti.csl.intc.ae66 : csl_intcAsmUtils.oe66 (.text:rint)

.sysmem    0    0c00d940    00008000     UNINITIALIZED
                  0c00d940    00000008     rts6600_elf.lib : memory.obj (.sysmem)
                  0c00d948    00007ff8     --HOLE--

.stack     0    0c015940    00002000     UNINITIALIZED
                  0c015940    00000008     rts6600_elf.lib : boot.obj (.stack)
                  0c015948    00001ff8     --HOLE--

.fardata   0    0c017940    0000032c     UNINITIALIZED
                  0c017940    000001e0     rts6600_elf.lib : defs.obj (.fardata:_ftable)
                  0c017b20    000000a0                     : lowlev.obj (.fardata:_stream)
                  0c017bc0    00000078                     : lowlev.obj (.fardata:_device)
                  0c017c38    00000010     ti.csl.ae66 : csl_cpsgmii.oe66 (.fardata:cpsgmiiPortBaseAddr)
                  0c017c48    0000000c     rts6600_elf.lib : exit.obj (.fardata)
                  0c017c54    00000008                     : memory.obj (.fardata)
                  0c017c5c    00000004                     : _lock.obj (.fardata:_lock)
                  0c017c60    00000004                     : _lock.obj (.fardata:_unlock)
                  0c017c64    00000004                     : defs.obj (.fardata)
                  0c017c68    00000004                     : errno.obj (.fardata)

.const     0    0c017c70    00000194     
                  0c017c70    00000101     rts6600_elf.lib : ctype.obj (.const:.string:_ctypes_)
                  0c017d71    00000003     --HOLE-- [fill = 0]
                  0c017d74    00000044     main4my.obj (.const:.string)
                  0c017db8    00000028     intc_test.obj (.const:.string)
                  0c017de0    00000024     rts6600_elf.lib : _printfi.obj (.const:.string)

.switch    0    0c017e04    00000164     
                  0c017e04    00000080     ti.csl.ae66 : csl_chip.oe66 (.switch:CSL_chipReadReg)
                  0c017e84    0000003c                 : csl_edma3HwControl.oe66 (.switch:CSL_edma3HwControl)
                  0c017ec0    00000038     rts6600_elf.lib : _printfi.obj (.switch:_pproc_fgea)
                  0c017ef8    00000020     ti.csl.ae66 : csl_edma3GetHwStatus.oe66 (.switch:CSL_edma3GetHwStatus)
                  0c017f18    0000001c     ti.csl.intc.ae66 : csl_intcHwControl.oe66 (.switch:CSL_intcHwControl)
                  0c017f34    00000014     ti.csl.ae66 : csl_edma3HwChannelControl.oe66 (.switch:CSL_edma3HwChannelControl)
                  0c017f48    00000010                 : csl_cpIntcGetBaseAddress.oe66 (.switch:CSL_CPINTC_open)
                  0c017f58    00000010     ti.csl.intc.ae66 : csl_intcOpen.oe66 (.switch:CSL_intcOpen)

.bss       0    0c017f68    0000005a     UNINITIALIZED
                  0c017f68    0000004c     ti.csl.intc.ae66 : _csl_intcResource.oe66 (.bss:csl_section:intc:uninit)
                  0c017fb4    00000008                      : _csl_intcResource.oe66 (.bss:csl_section:intc:init)
                  0c017fbc    00000004     (.common:data1_reg_val)
                  0c017fc0    00000002     (.common:EdmaStat)

.neardata 
*          0    0c017fc4    0000000e     UNINITIALIZED
                  0c017fc4    00000008     ti.platform.evm6678l.ae66 : platform.dbg.oe66 (.neardata)
                  0c017fcc    00000006     main4my.obj (.neardata)

.far       0    0c018220    00000158     UNINITIALIZED
                  0c018220    00000140     (.common:__TI_tmpnams)
                  0c018360    0000000c     (.common:regionIpr)
                  0c01836c    00000004     --HOLE--
                  0c018370    00000008     (.common:parmbuf)

.cio       0    0c018378    00000120     UNINITIALIZED
                  0c018378    00000120     rts6600_elf.lib : trgmsg.obj (.cio)

.gem0_data 
*          0    80000000    00000100     UNINITIALIZED
                  80000000    00000080     main4my.obj (.gem0_data:init)
                  80000080    00000080     main4my.obj (.gem0_data:uninit)

.gem1_data 
*          0    80000100    00000080     UNINITIALIZED
                  80000100    00000080     main4my.obj (.gem1_data)

.cinit     0    0c0185a0    000001d8     
                  0c0185a0    0000009a     (.cinit.platform_lib.load) [load image, compression = rle]
                  0c01863a    00000002     --HOLE-- [fill = 0]
                  0c01863c    00000081     (.cinit..fardata.load) [load image, compression = rle]
                  0c0186bd    00000003     --HOLE-- [fill = 0]
                  0c0186c0    0000002e     (.cinit..gem0_data.load) [load image, compression = rle]
                  0c0186ee    00000002     --HOLE-- [fill = 0]
                  0c0186f0    0000000f     (.cinit..testData.load) [load image, compression = rle]
                  0c0186ff    00000001     --HOLE-- [fill = 0]
                  0c018700    0000000c     (__TI_handler_table)
                  0c01870c    00000009     (.cinit..bss.load) [load image, compression = rle]
                  0c018715    00000003     --HOLE-- [fill = 0]
                  0c018718    00000009     (.cinit..neardata.load) [load image, compression = rle]
                  0c018721    00000003     --HOLE-- [fill = 0]
                  0c018724    00000008     (.cinit..far.load) [load image, compression = zero_init]
                  0c01872c    00000008     (.cinit..gem1_data.load) [load image, compression = zero_init]
                  0c018734    00000004     --HOLE-- [fill = 0]
                  0c018738    00000040     (__TI_cinit_table)

.init_array 
*          0    0c000000    00000000     UNINITIALIZED

.testData 
*          0    00800000    0000016c     UNINITIALIZED
                  00800000    000000bc     intc_test.obj (.testData:uninit)
                  008000bc    000000ac     main4my.obj (.testData)
                  00800168    00000004     intc_test.obj (.testData:init)

.csl_vect 
*          0    0c018000    00000220     
                  0c018000    00000220     ti.csl.intc.ae66 : _csl_intcIsrDispatch.oe66 (.csl_vect)

platform_lib 
*          0    0c018498    00000108     UNINITIALIZED
                  0c018498    00000108     ti.platform.evm6678l.ae66 : platform.dbg.oe66 (platform_lib:init)

MODULE SUMMARY

       Module                              code    ro data   rw data
       ------                              ----    -------   -------
    .\
       main4my.obj                         3840    68        576    
       intc_test.obj                       768     40        192    
       spi_test.obj                        832     0         4      
    +--+-----------------------------------+-------+---------+---------+
       Total:                              5440    108       772    
                                                                    
    C:/ti/ccs720/pdk_c667x_2_0_5/packages/ti/csl/lib/c6678/c66/release/ti.csl.ae66
       csl_edma3HwChannelControl.oe66      1440    20        0      
       csl_edma3HwControl.oe66             1248    60        0      
       csl_edma3GetHwStatus.oe66           736     32        0      
       csl_chip.oe66                       288     128       0      
       csl_edma3HwChannelSetup.oe66        352     0         0      
       csl_edma3ChannelOpen.oe66           288     0         0      
       csl_edma3Param.oe66                 288     0         0      
       csl_edma3GetBaseAddress.oe66        256     0         0      
       csl_edma3Open.oe66                  192     0         0      
       csl_cpIntcGetBaseAddress.oe66       96      16        0      
       csl_edma3ChannelClose.oe66          64      0         0      
       csl_edma3Close.oe66                 32      0         0      
       csl_edma3Init.oe66                  32      0         0      
       csl_gpioGetBaseAddress.oe66         32      0         0      
       csl_cpsgmii.oe66                    0       0         16     
    +--+-----------------------------------+-------+---------+---------+
       Total:                              5344    256       16     
                                                                    
    C:/ti/ccs720/pdk_c667x_2_0_5/packages/ti/csl/lib/c6678/c66/release/ti.csl.intc.ae66
       _csl_intcCombEventDispatcher.oe66   2176    0         0      
       csl_intcHwControl.oe66              1024    28        0      
       csl_intcOpen.oe66                   608     16        0      
       _csl_intcIsrDispatch.oe66           544     0         0      
       _csl_intcDispatcher.oe66            448     0         0      
       csl_intcInit.oe66                   384     0         0      
       _csl_intcIntrEnDisRes.oe66          320     0         0      
       csl_intcPlugEventHandler.oe66       256     0         0      
       csl_intcClose.oe66                  192     0         0      
       _csl_intcResource.oe66              0       0         84     
       csl_intcAsmUtils.oe66               64      0         0      
       _csl_intcNmiDummy.oe66              32      0         0      
       csl_intcHookIsr.oe66                32      0         0      
    +--+-----------------------------------+-------+---------+---------+
       Total:                              6080    44        84     
                                                                    
    C:/ti/ccs720/pdk_c667x_2_0_5/packages/ti/platform/evmc6678l/platform_lib/lib/debug/ti.platform.evm6678l.ae66
       evmc6678.dbg.oe66                   7552    0         0      
       platform.dbg.oe66                   1472    0         272    
       evmc6678_phy.dbg.oe66               1504    0         0      
    +--+-----------------------------------+-------+---------+---------+
       Total:                              10528   0         272    
                                                                    
    C:\ti\ccs720\ti-cgt-c6000_8.1.3\lib\rts6600_elf.lib
       _printfi.obj                        13824   92        0      
       memory.obj                          1888    0         8      
       trgdrv.obj                          1664    0         8      
       divd.obj                            1536    0         0      
       lowlev.obj                          960     0         280    
       fputs.obj                           864     0         0      
       defs.obj                            0       0         804    
       imath64.obj                         640     0         0      
       setvbuf.obj                         576     0         0      
       fputc.obj                           544     0         0      
       trgmsg.obj                          256     0         288    
       imath40.obj                         448     0         0      
       frexp.obj                           416     0         0      
       autoinit.obj                        320     0         0      
       fclose.obj                          320     0         0      
       ldexp.obj                           320     0         0      
       copy_decompress_rle.obj             288     0         0      
       fseek.obj                           288     0         0      
       printf.obj                          288     0         0      
       ctype.obj                           0       257       0      
       _io_perm.obj                        256     0         0      
       atoi.obj                            256     0         0      
       cpy_tbl.obj                         256     0         0      
       exit.obj                            224     0         12     
       divi.obj                            224     0         0      
       llshift.obj                         224     0         0      
       ltoa.obj                            224     0         0      
       memset.obj                          224     0         0      
       divu.obj                            192     0         0      
       fflush.obj                          192     0         0      
       tls.obj                             192     0         0      
       fopen.obj                           160     0         0      
       memcpy64.obj                        160     0         0      
       boot.obj                            96      0         0      
       frcmpyd_div.obj                     96      0         0      
       memccpy.obj                         96      0         0      
       args_main.obj                       64      0         0      
       isinf.obj                           64      0         0      
       _lock.obj                           32      0         8      
       errno.obj                           32      0         4      
       copy_decompress_none.obj            32      0         0      
       copy_zero_init.obj                  32      0         0      
    +--+-----------------------------------+-------+---------+---------+
       Total:                              28768   349       1412   
                                                                    
       Heap:                               0       0         32768  
       Stack:                              0       0         8192   
       Linker Generated:                   0       454       0      
    +--+-----------------------------------+-------+---------+---------+
       Grand Total:                        56160   1211      43516  


LINKER GENERATED COPY TABLES

__TI_cinit_table @ 0c018738 records: 8, size/record: 8, table size: 64
	platform_lib: load addr=0c0185a0, load size=0000009a bytes, run addr=0c018498, run size=00000108 bytes, compression=rle
	.fardata: load addr=0c01863c, load size=00000081 bytes, run addr=0c017940, run size=0000032c bytes, compression=rle
	.gem0_data: load addr=0c0186c0, load size=0000002e bytes, run addr=80000000, run size=00000100 bytes, compression=rle
	.testData: load addr=0c0186f0, load size=0000000f bytes, run addr=00800000, run size=0000016c bytes, compression=rle
	.bss: load addr=0c01870c, load size=00000009 bytes, run addr=0c017f68, run size=0000005a bytes, compression=rle
	.neardata: load addr=0c018718, load size=00000009 bytes, run addr=0c017fc4, run size=0000000e bytes, compression=rle
	.far: load addr=0c018724, load size=00000008 bytes, run addr=0c018220, run size=00000158 bytes, compression=zero_init
	.gem1_data: load addr=0c01872c, load size=00000008 bytes, run addr=80000100, run size=00000080 bytes, compression=zero_init


LINKER GENERATED HANDLER TABLE

__TI_handler_table @ 0c018700 records: 3, size/record: 4, table size: 12
	index: 0, handler: __TI_decompress_rle24
	index: 1, handler: __TI_decompress_none
	index: 2, handler: __TI_zero_init


GLOBAL SYMBOLS: SORTED ALPHABETICALLY BY Name 

address   name                           
-------   ----                           
0c00d7e0  C$$EXIT                        
0c00c920  C$$IO$$                        
0c00cb80  CSL_CPINTC_open                
0c018200  CSL_Entry                      
0c00d720  CSL_GPIO_open                  
0c00a4e0  CSL_chipReadReg                
0c00d620  CSL_edma3ChannelClose          
0c00a720  CSL_edma3ChannelOpen           
0c00d800  CSL_edma3Close                 
0c0063a0  CSL_edma3GetHwStatus           
0c00c9c0  CSL_edma3GetParamHandle        
0c0030c0  CSL_edma3HwChannelControl      
0c00c660  CSL_edma3HwChannelSetupParam   
0c00bc20  CSL_edma3HwChannelSetupQue     
0c003b60  CSL_edma3HwControl             
0c00d820  CSL_edma3Init                  
0c00bce0  CSL_edma3Open                  
0c00c700  CSL_edma3ParamSetup            
0c00af60  CSL_edma3ccGetModuleBaseAddr   
0c017fb4  CSL_intcAllocMask              
0c00bda0  CSL_intcClose                  
0c017f68  CSL_intcCpuIntrTable           
0c008b00  CSL_intcDispatcher             
0c007ea0  CSL_intcEvent0Dispatcher       
0c0080c0  CSL_intcEvent1Dispatcher       
0c0082e0  CSL_intcEvent2Dispatcher       
0c008500  CSL_intcEvent3Dispatcher       
0c017fb0  CSL_intcEventHandlerRecord_p   
0c017fb8  CSL_intcEventOffsetMap         
0c009d58  CSL_intcGlobalDisable          
0c009d38  CSL_intcGlobalEnable           
0c009dcc  CSL_intcGlobalExcepClear       
0c009da4  CSL_intcGlobalExcepEnable      
0c009db8  CSL_intcGlobalExtExcepEnable   
0c009d90  CSL_intcGlobalNmiEnable        
0c009d78  CSL_intcGlobalRestore          
0c00d840  CSL_intcHookIsr                
0c0048c0  CSL_intcHwControl              
0c009340  CSL_intcInit                   
0c009cf0  CSL_intcInterruptClear         
0c009cd0  CSL_intcInterruptDisable       
0c009cb0  CSL_intcInterruptEnable        
0c009d0c  CSL_intcInterruptRestore       
0c009d00  CSL_intcInterruptSet           
0c009ca0  CSL_intcIvpSet                 
0c00d860  CSL_intcNmiDummy               
0c017fac  CSL_intcNumEvents              
0c007100  CSL_intcOpen                   
0c00b060  CSL_intcPlugEventHandler       
0c009d24  CSL_intcQueryInterruptStatus   
008000dc  ChObj0                         
008000f8  ChObj1                         
0c0007b8  Close_Edma                     
0c00a960  CorePllcGetHwSetup             
0c006c00  CorePllcHwSetup                
0c004040  DDR3Init                       
0c000da4  EDMAInterruptHandler           
0c017fc0  EdmaStat                       
008000a0  EventHandler                   
0c00c340  HOSTclose                      
0c00aa60  HOSTlseek                      
0c00b240  HOSTopen                       
0c00b920  HOSTread                       
0c008cc0  HOSTrename                     
0c00b9e0  HOSTunlink                     
0c00b320  HOSTwrite                      
0c00a600  Init_SGMII                     
0c000ab0  Initiate_Buffers               
0c000ea8  Osal_platformFree              
0c000e90  Osal_platformMalloc            
0c000ec8  Osal_platformSpiCsEnter        
0c000ee8  Osal_platformSpiCsExit         
0c00c3e0  PowerUpDomains                 
0c008e60  SetDDR3PllConfig               
0c007c80  SetPaPllConfig                 
0c000314  Setup_Edma                     
0c000864  Setup_SPI                      
0c000750  Test_Edma                      
0c0002d8  Trigger_Edma_Channels          
0c00092c  Verify_Transfer                
0c018000  _CSL_intcVectorTable           
0c018378  __CIOBUF_                      
0c018738  __TI_CINIT_Base                
0c018778  __TI_CINIT_Limit               
0c018700  __TI_Handler_Table_Base        
0c01870c  __TI_Handler_Table_Limit       
UNDEFED   __TI_INITARRAY_Base            
UNDEFED   __TI_INITARRAY_Limit           
0c017940  __TI_STACK_END                 
00002000  __TI_STACK_SIZE                
0c017f68  __TI_STATIC_BASE               
00008000  __TI_SYSMEM_SIZE               
UNDEFED   __TI_TLS_INIT_Base             
UNDEFED   __TI_TLS_INIT_Limit            
0c00c480  __TI_cleanup                   
0c017c48  __TI_cleanup_ptr               
0c009a20  __TI_closefile                 
0c00d8a0  __TI_decompress_none           
0c00d8c0  __TI_decompress_rle24          
0c00baa0  __TI_doflush                   
0c017c4c  __TI_dtors_ptr                 
0c017c50  __TI_enable_exit_profile_output
0c00cd00  __TI_frcmpyd_div               
0c017c64  __TI_ft_end                    
ffffffff  __TI_pprof_out_hndl            
0c001780  __TI_printfi                   
ffffffff  __TI_prof_data_size            
ffffffff  __TI_prof_data_start           
0c00c840  __TI_readmsg                   
0c00c0a0  __TI_tls_init                  
0c018220  __TI_tmpnams                   
0c00c8c0  __TI_writemsg                  
0c00ac60  __TI_wrt_ok                    
0c00d880  __TI_zero_init                 
ffffffff  __binit__                      
0c002520  __c6xabi_divd                  
0c00b400  __c6xabi_divi                  
0c00bb60  __c6xabi_divu                  
0c008940  __c6xabi_divul                 
0c0075c0  __c6xabi_divull                
0c00d760  __c6xabi_errno_addr            
0c00d520  __c6xabi_isinf                 
0c00c940  __c6xabi_llshl                 
0c00cd60  __c6xabi_llshru                
ffffffff  __c_args__                     
0c00b400  __divi                         
0c00bb60  __divu                         
0c017c68  __errno                        
0c00d5a0  _args_main                     
0c009b60  _auto_init_elf                 
0c00cdc0  _c_int00                       
0c017c70  _ctypes_                       
0c017940  _ftable                        
0c017c5c  _lock                          
0c00c520  _minit                         
0c00d780  _nop                           
0c015940  _stack                         
0c00d5e0  _subcull                       
0c00d940  _sys_memory                    
0c017c60  _unlock                        
0c00d7e0  abort                          
0c00ad60  atoi                           
0c017fd0  bCon                           
ffffffff  binit                          
008000d4  chParam                        
0080011c  chSetup                        
0c00b4e0  close                          
0c006358  close_intc                     
0c00c5c0  configSerdes                   
008000bc  context                        
0c00ae60  copy_in                        
008000b4  cphnd                          
0c017c38  cpsgmiiPortBaseAddr            
0c00d8e0  dint                           
80000100  dstBuf                         
008000b0  edmaIntcHandle                 
00800000  edmaIntcObj                    
0c018598  emac_port_mode                 
0c017c68  errno                          
0c00be60  exit                           
0c008720  fputc                          
0c0053e0  fputs                          
0c004cc0  free                           
0c009000  frexp                          
0c009000  frexpl                         
0c00a840  fseek                          
0c018524  gDeviceEeprom0                 
0c01855c  gDeviceEeprom1                 
0c0184b4  gDeviceNand                    
0c0184ec  gDeviceNor                     
0c0002ac  global_address                 
00800114  hChannel0                      
00800118  hChannel1                      
00800164  hGpio                          
008000c0  hModule                        
008000b8  host_event                     
0c00020c  initGPIO                       
00800008  intcContext                    
0c0062f0  intc_init                      
0c009de0  ldexp                          
0c009de0  ldexpl                         
0c00ce20  lseek                          
0c00b5c0  ltoa                           
0c000c44  main                           
0c0094c0  malloc                         
0c00ce80  memccpy                        
0c00c7a0  memcpy                         
0c00b6a0  memset                         
00800144  moduleObj                      
0c005770  my_spi_claim                   
0c005920  my_spi_release                 
0c00592c  my_spi_xfer                    
008000c4  paramHandle0                   
008000cc  paramHandle0_circle            
008000c8  paramHandle1                   
008000d0  paramHandle1_circle            
00800124  paramSetup                     
0c017fcc  pinNum                         
0c00cee0  platform_delaycycles           
0c017fc4  platform_errno                 
0c007360  platform_init                  
0c017fc8  platform_init_return_code      
0c00b780  printf                         
0c009640  prog_pll1_values               
0c008720  putc                           
00800158  regionIntr                     
0c018360  regionIpr                      
0c00ca40  remove                         
0c00d920  rint                           
0c00616c  set_edma_intc                  
0c007a40  setvbuf                        
80000080  srcBuf                         
80000000  srcBuf2                        
00800168  sys_event                      
0c00ca40  unlink                         
0c00cfa0  write                          
0c00d000  xmc_setup                      


GLOBAL SYMBOLS: SORTED BY Symbol Address 

address   name                           
-------   ----                           
00002000  __TI_STACK_SIZE                
00008000  __TI_SYSMEM_SIZE               
00800000  edmaIntcObj                    
00800008  intcContext                    
008000a0  EventHandler                   
008000b0  edmaIntcHandle                 
008000b4  cphnd                          
008000b8  host_event                     
008000bc  context                        
008000c0  hModule                        
008000c4  paramHandle0                   
008000c8  paramHandle1                   
008000cc  paramHandle0_circle            
008000d0  paramHandle1_circle            
008000d4  chParam                        
008000dc  ChObj0                         
008000f8  ChObj1                         
00800114  hChannel0                      
00800118  hChannel1                      
0080011c  chSetup                        
00800124  paramSetup                     
00800144  moduleObj                      
00800158  regionIntr                     
00800164  hGpio                          
00800168  sys_event                      
0c00020c  initGPIO                       
0c0002ac  global_address                 
0c0002d8  Trigger_Edma_Channels          
0c000314  Setup_Edma                     
0c000750  Test_Edma                      
0c0007b8  Close_Edma                     
0c000864  Setup_SPI                      
0c00092c  Verify_Transfer                
0c000ab0  Initiate_Buffers               
0c000c44  main                           
0c000da4  EDMAInterruptHandler           
0c000e90  Osal_platformMalloc            
0c000ea8  Osal_platformFree              
0c000ec8  Osal_platformSpiCsEnter        
0c000ee8  Osal_platformSpiCsExit         
0c001780  __TI_printfi                   
0c002520  __c6xabi_divd                  
0c0030c0  CSL_edma3HwChannelControl      
0c003b60  CSL_edma3HwControl             
0c004040  DDR3Init                       
0c0048c0  CSL_intcHwControl              
0c004cc0  free                           
0c0053e0  fputs                          
0c005770  my_spi_claim                   
0c005920  my_spi_release                 
0c00592c  my_spi_xfer                    
0c00616c  set_edma_intc                  
0c0062f0  intc_init                      
0c006358  close_intc                     
0c0063a0  CSL_edma3GetHwStatus           
0c006c00  CorePllcHwSetup                
0c007100  CSL_intcOpen                   
0c007360  platform_init                  
0c0075c0  __c6xabi_divull                
0c007a40  setvbuf                        
0c007c80  SetPaPllConfig                 
0c007ea0  CSL_intcEvent0Dispatcher       
0c0080c0  CSL_intcEvent1Dispatcher       
0c0082e0  CSL_intcEvent2Dispatcher       
0c008500  CSL_intcEvent3Dispatcher       
0c008720  fputc                          
0c008720  putc                           
0c008940  __c6xabi_divul                 
0c008b00  CSL_intcDispatcher             
0c008cc0  HOSTrename                     
0c008e60  SetDDR3PllConfig               
0c009000  frexp                          
0c009000  frexpl                         
0c009340  CSL_intcInit                   
0c0094c0  malloc                         
0c009640  prog_pll1_values               
0c009a20  __TI_closefile                 
0c009b60  _auto_init_elf                 
0c009ca0  CSL_intcIvpSet                 
0c009cb0  CSL_intcInterruptEnable        
0c009cd0  CSL_intcInterruptDisable       
0c009cf0  CSL_intcInterruptClear         
0c009d00  CSL_intcInterruptSet           
0c009d0c  CSL_intcInterruptRestore       
0c009d24  CSL_intcQueryInterruptStatus   
0c009d38  CSL_intcGlobalEnable           
0c009d58  CSL_intcGlobalDisable          
0c009d78  CSL_intcGlobalRestore          
0c009d90  CSL_intcGlobalNmiEnable        
0c009da4  CSL_intcGlobalExcepEnable      
0c009db8  CSL_intcGlobalExtExcepEnable   
0c009dcc  CSL_intcGlobalExcepClear       
0c009de0  ldexp                          
0c009de0  ldexpl                         
0c00a4e0  CSL_chipReadReg                
0c00a600  Init_SGMII                     
0c00a720  CSL_edma3ChannelOpen           
0c00a840  fseek                          
0c00a960  CorePllcGetHwSetup             
0c00aa60  HOSTlseek                      
0c00ac60  __TI_wrt_ok                    
0c00ad60  atoi                           
0c00ae60  copy_in                        
0c00af60  CSL_edma3ccGetModuleBaseAddr   
0c00b060  CSL_intcPlugEventHandler       
0c00b240  HOSTopen                       
0c00b320  HOSTwrite                      
0c00b400  __c6xabi_divi                  
0c00b400  __divi                         
0c00b4e0  close                          
0c00b5c0  ltoa                           
0c00b6a0  memset                         
0c00b780  printf                         
0c00b920  HOSTread                       
0c00b9e0  HOSTunlink                     
0c00baa0  __TI_doflush                   
0c00bb60  __c6xabi_divu                  
0c00bb60  __divu                         
0c00bc20  CSL_edma3HwChannelSetupQue     
0c00bce0  CSL_edma3Open                  
0c00bda0  CSL_intcClose                  
0c00be60  exit                           
0c00c0a0  __TI_tls_init                  
0c00c340  HOSTclose                      
0c00c3e0  PowerUpDomains                 
0c00c480  __TI_cleanup                   
0c00c520  _minit                         
0c00c5c0  configSerdes                   
0c00c660  CSL_edma3HwChannelSetupParam   
0c00c700  CSL_edma3ParamSetup            
0c00c7a0  memcpy                         
0c00c840  __TI_readmsg                   
0c00c8c0  __TI_writemsg                  
0c00c920  C$$IO$$                        
0c00c940  __c6xabi_llshl                 
0c00c9c0  CSL_edma3GetParamHandle        
0c00ca40  remove                         
0c00ca40  unlink                         
0c00cb80  CSL_CPINTC_open                
0c00cd00  __TI_frcmpyd_div               
0c00cd60  __c6xabi_llshru                
0c00cdc0  _c_int00                       
0c00ce20  lseek                          
0c00ce80  memccpy                        
0c00cee0  platform_delaycycles           
0c00cfa0  write                          
0c00d000  xmc_setup                      
0c00d520  __c6xabi_isinf                 
0c00d5a0  _args_main                     
0c00d5e0  _subcull                       
0c00d620  CSL_edma3ChannelClose          
0c00d720  CSL_GPIO_open                  
0c00d760  __c6xabi_errno_addr            
0c00d780  _nop                           
0c00d7e0  C$$EXIT                        
0c00d7e0  abort                          
0c00d800  CSL_edma3Close                 
0c00d820  CSL_edma3Init                  
0c00d840  CSL_intcHookIsr                
0c00d860  CSL_intcNmiDummy               
0c00d880  __TI_zero_init                 
0c00d8a0  __TI_decompress_none           
0c00d8c0  __TI_decompress_rle24          
0c00d8e0  dint                           
0c00d920  rint                           
0c00d940  _sys_memory                    
0c015940  _stack                         
0c017940  __TI_STACK_END                 
0c017940  _ftable                        
0c017c38  cpsgmiiPortBaseAddr            
0c017c48  __TI_cleanup_ptr               
0c017c4c  __TI_dtors_ptr                 
0c017c50  __TI_enable_exit_profile_output
0c017c5c  _lock                          
0c017c60  _unlock                        
0c017c64  __TI_ft_end                    
0c017c68  __errno                        
0c017c68  errno                          
0c017c70  _ctypes_                       
0c017f68  CSL_intcCpuIntrTable           
0c017f68  __TI_STATIC_BASE               
0c017fac  CSL_intcNumEvents              
0c017fb0  CSL_intcEventHandlerRecord_p   
0c017fb4  CSL_intcAllocMask              
0c017fb8  CSL_intcEventOffsetMap         
0c017fc0  EdmaStat                       
0c017fc4  platform_errno                 
0c017fc8  platform_init_return_code      
0c017fcc  pinNum                         
0c017fd0  bCon                           
0c018000  _CSL_intcVectorTable           
0c018200  CSL_Entry                      
0c018220  __TI_tmpnams                   
0c018360  regionIpr                      
0c018378  __CIOBUF_                      
0c0184b4  gDeviceNand                    
0c0184ec  gDeviceNor                     
0c018524  gDeviceEeprom0                 
0c01855c  gDeviceEeprom1                 
0c018598  emac_port_mode                 
0c018700  __TI_Handler_Table_Base        
0c01870c  __TI_Handler_Table_Limit       
0c018738  __TI_CINIT_Base                
0c018778  __TI_CINIT_Limit               
80000000  srcBuf2                        
80000080  srcBuf                         
80000100  dstBuf                         
ffffffff  __TI_pprof_out_hndl            
ffffffff  __TI_prof_data_size            
ffffffff  __TI_prof_data_start           
ffffffff  __binit__                      
ffffffff  __c_args__                     
ffffffff  binit                          
UNDEFED   __TI_INITARRAY_Base            
UNDEFED   __TI_INITARRAY_Limit           
UNDEFED   __TI_TLS_INIT_Base             
UNDEFED   __TI_TLS_INIT_Limit            

[217 symbols]
