******************************************************************************
               TMS320C6x Linker PC v8.1.3                      
******************************************************************************
>> Linked Tue Jan 16 19:01:51 2018

OUTPUT FILE NAME:   <edma_spi.out>
ENTRY POINT SYMBOL: "_c_int00"  address: 0c00c9e0


MEMORY CONFIGURATION

         name            origin    length      used     unused   attr    fill
----------------------  --------  ---------  --------  --------  ----  --------
  LOCAL_L2_SRAM         00800000   00080000  00000164  0007fe9c  RWIX
  LOCAL_L1P_SRAM        00e00000   00008000  00000000  00008000  RWIX
  LOCAL_L1D_SRAM        00f00000   00008000  00000000  00008000  RWIX
  SHRAM                 0c000000   00400000  00018318  003e7ce8  RWIX
  EMIF16_CS2            70000000   04000000  00000000  04000000  RWIX
  EMIF16_CS3            74000000   04000000  00000000  04000000  RWIX
  EMIF16_CS4            78000000   04000000  00000000  04000000  RWIX
  EMIF16_CS5            7c000000   04000000  00000000  04000000  RWIX
  DDR3                  80000000   20000000  00000100  1fffff00  RWIX


SEGMENT ALLOCATION MAP

run origin  load origin   length   init length attrs members
----------  ----------- ---------- ----------- ----- -------
00800000    00800000    00000164   00000000    rw-
  00800000    00800000    00000164   00000000    rw- .testData
0c000000    0c000000    0000d560   0000d560    r-x
  0c000000    0c000000    0000d560   0000d560    r-x .text
0c00d560    0c00d560    0000a32c   00000000    rw-
  0c00d560    0c00d560    00008000   00000000    rw- .sysmem
  0c015560    0c015560    00002000   00000000    rw- .stack
  0c017560    0c017560    0000032c   00000000    rw- .fardata
0c017890    0c017890    000002d8   000002d8    r--
  0c017890    0c017890    00000174   00000174    r-- .const
  0c017a04    0c017a04    00000164   00000164    r-- .switch
0c017b68    0c017b68    00000066   00000000    rw-
  0c017b68    0c017b68    00000056   00000000    rw- .bss
  0c017bc0    0c017bc0    0000000e   00000000    rw- .neardata
0c017c00    0c017c00    00000220   00000220    r-x
  0c017c00    0c017c00    00000220   00000220    r-x .csl_vect
0c017e20    0c017e20    00000380   00000000    rw-
  0c017e20    0c017e20    00000158   00000000    rw- .far
  0c017f78    0c017f78    00000120   00000000    rw- .cio
  0c018098    0c018098    00000108   00000000    rw- platform_lib
0c0181a0    0c0181a0    000001b0   000001b0    r--
  0c0181a0    0c0181a0    000001b0   000001b0    r-- .cinit
80000000    80000000    00000100   00000000    rw-
  80000000    80000000    00000080   00000000    rw- .gem0_data
  80000080    80000080    00000080   00000000    rw- .gem1_data


SECTION ALLOCATION MAP

 output                                  attributes/
section   page    origin      length       input sections
--------  ----  ----------  ----------   ----------------
.text      0    0c000000    0000d560     
                  0c000000    00000e60     main4my.obj (.text)
                  0c000e60    00000880     rts6600_elf.lib : _printfi.obj (.text:_pproc_diouxp)
                  0c0016e0    00000780                     : _printfi.obj (.text:__TI_printfi)
                  0c001e60    00000620                     : _printfi.obj (.text:_pconv_g)
                  0c002480    00000600                     : divd.obj (.text:__c6xabi_divd)
                  0c002a80    000005a0                     : _printfi.obj (.text:_setfield)
                  0c003020    000005a0     ti.csl.ae66 : csl_edma3HwChannelControl.oe66 (.text:csl_section:edma3:CSL_edma3HwChannelControl)
                  0c0035c0    00000500     rts6600_elf.lib : _printfi.obj (.text:_pconv_e)
                  0c003ac0    000004e0     ti.csl.ae66 : csl_edma3HwControl.oe66 (.text:csl_section:edma3:CSL_edma3HwControl)
                  0c003fa0    00000440     ti.platform.evm6678l.ae66 : evmc6678.dbg.oe66 (.text:DDR3Init)
                  0c0043e0    00000440     rts6600_elf.lib : _printfi.obj (.text:_pconv_a)
                  0c004820    00000400     ti.csl.intc.ae66 : csl_intcHwControl.oe66 (.text:csl_section:intc:CSL_intcHwControl)
                  0c004c20    000003c0     rts6600_elf.lib : memory.obj (.text:free)
                  0c004fe0    00000360                     : _printfi.obj (.text:acvt)
                  0c005340    00000360                     : fputs.obj (.text:fputs)
                  0c0056a0    00000320                     : _printfi.obj (.text:_pproc_fgea)
                  0c0059c0    00000300     ti.platform.evm6678l.ae66 : evmc6678.dbg.oe66 (.text:CSL_EMIF4F_SetSDRAMConfig)
                  0c005cc0    00000300     intc_test.obj (.text)
                  0c005fc0    000002e0     ti.csl.ae66 : csl_edma3GetHwStatus.oe66 (.text:csl_section:edma3:CSL_edma3GetHwStatus)
                  0c0062a0    000002e0     rts6600_elf.lib : _printfi.obj (.text:fcvt)
                  0c006580    000002a0                     : _printfi.obj (.text:_pproc_fwp)
                  0c006820    00000280     ti.platform.evm6678l.ae66 : evmc6678.dbg.oe66 (.text:CorePllcHwSetup)
                  0c006aa0    00000280     rts6600_elf.lib : _printfi.obj (.text:_pconv_f)
                  0c006d20    00000260     ti.csl.intc.ae66 : csl_intcOpen.oe66 (.text:csl_section:intc:CSL_intcOpen)
                  0c006f80    00000260     ti.platform.evm6678l.ae66 : platform.dbg.oe66 (.text:platform_init)
                  0c0071e0    00000240     rts6600_elf.lib : imath64.obj (.text:__c6xabi_divull)
                  0c007420    00000240                     : _printfi.obj (.text:_ltostr)
                  0c007660    00000240                     : setvbuf.obj (.text:setvbuf)
                  0c0078a0    00000220     ti.platform.evm6678l.ae66 : evmc6678.dbg.oe66 (.text:SetPaPllConfig)
                  0c007ac0    00000220     ti.csl.intc.ae66 : _csl_intcCombEventDispatcher.oe66 (.text:csl_section:intc:CSL_intcEvent0Dispatcher)
                  0c007ce0    00000220                      : _csl_intcCombEventDispatcher.oe66 (.text:csl_section:intc:CSL_intcEvent1Dispatcher)
                  0c007f00    00000220                      : _csl_intcCombEventDispatcher.oe66 (.text:csl_section:intc:CSL_intcEvent2Dispatcher)
                  0c008120    00000220                      : _csl_intcCombEventDispatcher.oe66 (.text:csl_section:intc:CSL_intcEvent3Dispatcher)
                  0c008340    00000220     rts6600_elf.lib : fputc.obj (.text:fputc)
                  0c008560    000001c0                     : imath40.obj (.text:__c6xabi_divul)
                  0c008720    000001c0     ti.csl.intc.ae66 : _csl_intcDispatcher.oe66 (.text:csl_section:intc:CSL_intcDispatcher)
                  0c0088e0    000001a0     rts6600_elf.lib : trgdrv.obj (.text:HOSTrename)
                  0c008a80    000001a0     ti.platform.evm6678l.ae66 : evmc6678.dbg.oe66 (.text:SetDDR3PllConfig)
                  0c008c20    000001a0     rts6600_elf.lib : frexp.obj (.text:frexp)
                  0c008dc0    000001a0                     : lowlev.obj (.text:getdevice)
                  0c008f60    00000180     ti.csl.intc.ae66 : csl_intcInit.oe66 (.text:csl_section:intc:CSL_intcInit)
                  0c0090e0    00000180     rts6600_elf.lib : memory.obj (.text:malloc)
                  0c009260    00000160     ti.platform.evm6678l.ae66 : evmc6678.dbg.oe66 (.text:prog_pll1_values)
                  0c0093c0    00000140                               : evmc6678.dbg.oe66 (.text:CSL_EMIF4F_GetSDRAMConfig)
                  0c009500    00000140                               : evmc6678.dbg.oe66 (.text:CSL_EMIF4F_SetTiming1Config)
                  0c009640    00000140     rts6600_elf.lib : fclose.obj (.text:__TI_closefile)
                  0c009780    00000140                     : autoinit.obj (.text:_auto_init_elf)
                  0c0098c0    00000140     ti.csl.intc.ae66 : _csl_intcIntrEnDisRes.oe66 (.text:csl_section:intc)
                  0c009a00    00000140     rts6600_elf.lib : ldexp.obj (.text:ldexp)
                  0c009b40    00000140     ti.platform.evm6678l.ae66 : platform.dbg.oe66 (.text:platform_memory_test)
                  0c009c80    00000120                               : evmc6678.dbg.oe66 (.text:CSL_EMIF4F_SetOutputImpedanceConfig)
                  0c009da0    00000120                               : evmc6678.dbg.oe66 (.text:CSL_EMIF4F_SetTiming2Config)
                  0c009ec0    00000120                               : evmc6678.dbg.oe66 (.text:CSL_EMIF4F_SetTiming3Config)
                  0c009fe0    00000120                               : evmc6678.dbg.oe66 (.text:CSL_XMC_setXMPAXL)
                  0c00a100    00000120     ti.csl.ae66 : csl_chip.oe66 (.text:CSL_chipReadReg)
                  0c00a220    00000120     ti.platform.evm6678l.ae66 : evmc6678_phy.dbg.oe66 (.text:Init_SGMII)
                  0c00a340    00000120     ti.csl.ae66 : csl_edma3ChannelOpen.oe66 (.text:csl_section:edma3:CSL_edma3ChannelOpen)
                  0c00a460    00000120     rts6600_elf.lib : fseek.obj (.text:fseek)
                  0c00a580    00000100     ti.platform.evm6678l.ae66 : evmc6678.dbg.oe66 (.text:CorePllcGetHwSetup)
                  0c00a680    00000100     rts6600_elf.lib : trgdrv.obj (.text:HOSTlseek)
                  0c00a780    00000100                     : copy_decompress_rle.obj (.text:__TI_decompress_rle_core)
                  0c00a880    00000100                     : _io_perm.obj (.text:__TI_wrt_ok)
                  0c00a980    00000100                     : atoi.obj (.text:atoi)
                  0c00aa80    00000100                     : cpy_tbl.obj (.text:copy_in)
                  0c00ab80    00000100     ti.csl.ae66 : csl_edma3GetBaseAddress.oe66 (.text:csl_section:edma:CSL_edma3ccGetModuleBaseAddr)
                  0c00ac80    00000100     ti.csl.intc.ae66 : csl_intcPlugEventHandler.oe66 (.text:csl_section:intc:CSL_intcPlugEventHandler)
                  0c00ad80    000000e0     ti.platform.evm6678l.ae66 : evmc6678.dbg.oe66 (.text:CSL_EMIF4F_SetPowerMgmtConfig)
                  0c00ae60    000000e0     rts6600_elf.lib : trgdrv.obj (.text:HOSTopen)
                  0c00af40    000000e0                     : trgdrv.obj (.text:HOSTwrite)
                  0c00b020    000000e0                     : divi.obj (.text:__divi)
                  0c00b100    000000e0                     : lowlev.obj (.text:close)
                  0c00b1e0    000000e0                     : ltoa.obj (.text:ltoa)
                  0c00b2c0    000000e0                     : memset.obj (.text:memset)
                  0c00b3a0    000000e0                     : printf.obj (.text:printf)
                  0c00b480    000000c0     ti.platform.evm6678l.ae66 : evmc6678_phy.dbg.oe66 (.text:CSL_SGMII_setAdvAbility)
                  0c00b540    000000c0     rts6600_elf.lib : trgdrv.obj (.text:HOSTread)
                  0c00b600    000000c0                     : trgdrv.obj (.text:HOSTunlink)
                  0c00b6c0    000000c0                     : fflush.obj (.text:__TI_doflush)
                  0c00b780    000000c0                     : divu.obj (.text:__divu)
                  0c00b840    000000c0     ti.csl.ae66 : csl_edma3HwChannelSetup.oe66 (.text:csl_section:edma3:CSL_edma3HwChannelSetupQue)
                  0c00b900    000000c0                 : csl_edma3Open.oe66 (.text:csl_section:edma3:CSL_edma3Open)
                  0c00b9c0    000000c0     ti.csl.intc.ae66 : csl_intcClose.oe66 (.text:csl_section:intc:CSL_intcClose)
                  0c00ba80    000000c0     rts6600_elf.lib : exit.obj (.text:exit)
                  0c00bb40    000000c0                     : memory.obj (.text:minsert)
                  0c00bc00    000000c0                     : memory.obj (.text:mremove)
                  0c00bcc0    000000c0                     : tls.obj (.text:tls:init:__TI_tls_init)
                  0c00bd80    000000a0     ti.platform.evm6678l.ae66 : evmc6678.dbg.oe66 (.text:CSL_EMIF4F_SetLevelingControlInfo)
                  0c00be20    000000a0                               : evmc6678.dbg.oe66 (.text:CSL_EMIF4F_SetLevelingRampControlInfo)
                  0c00bec0    000000a0                               : evmc6678_phy.dbg.oe66 (.text:CSL_SGMII_getStatus)
                  0c00bf60    000000a0     rts6600_elf.lib : trgdrv.obj (.text:HOSTclose)
                  0c00c000    000000a0     ti.platform.evm6678l.ae66 : evmc6678.dbg.oe66 (.text:PowerUpDomains)
                  0c00c0a0    000000a0     rts6600_elf.lib : fopen.obj (.text:__TI_cleanup)
                  0c00c140    000000a0                     : memory.obj (.text:_minit)
                  0c00c1e0    000000a0     ti.platform.evm6678l.ae66 : evmc6678_phy.dbg.oe66 (.text:configSerdes)
                  0c00c280    000000a0     ti.csl.ae66 : csl_edma3HwChannelSetup.oe66 (.text:csl_section:edma3:CSL_edma3HwChannelSetupParam)
                  0c00c320    000000a0                 : csl_edma3Param.oe66 (.text:csl_section:edma3:CSL_edma3ParamSetup)
                  0c00c3c0    000000a0     rts6600_elf.lib : memcpy64.obj (.text:memcpy)
                  0c00c460    00000080                     : trgmsg.obj (.text:__TI_readmsg)
                  0c00c4e0    00000080                     : trgmsg.obj (.text:__TI_writemsg)
                  0c00c560    00000080                     : llshift.obj (.text:__c6xabi_llshl)
                  0c00c5e0    00000080     ti.csl.ae66 : csl_edma3Param.oe66 (.text:csl_section:edma3:CSL_edma3GetParamHandle)
                  0c00c660    00000080     rts6600_elf.lib : lowlev.obj (.text:unlink)
                  0c00c6e0    00000060     ti.platform.evm6678l.ae66 : evmc6678_phy.dbg.oe66 (.text:CSL_BootCfgSetSGMIIRxConfig)
                  0c00c740    00000060                               : evmc6678_phy.dbg.oe66 (.text:CSL_BootCfgSetSGMIITxConfig)
                  0c00c7a0    00000060     ti.csl.ae66 : csl_cpIntcGetBaseAddress.oe66 (.text:CSL_CPINTC_open)
                  0c00c800    00000060     ti.platform.evm6678l.ae66 : evmc6678.dbg.oe66 (.text:CSL_EMIF4F_SetPhyControl)
                  0c00c860    00000060                               : evmc6678.dbg.oe66 (.text:CSL_PSC_setModuleNextState)
                  0c00c8c0    00000060                               : platform.dbg.oe66 (.text:MSMC_enableEDC)
                  0c00c920    00000060     rts6600_elf.lib : frcmpyd_div.obj (.text:__TI_frcmpyd_div)
                  0c00c980    00000060                     : llshift.obj (.text:__c6xabi_llshru)
                  0c00c9e0    00000060                     : boot.obj (.text:_c_int00)
                  0c00ca40    00000060                     : lowlev.obj (.text:lseek)
                  0c00caa0    00000060                     : memccpy.obj (.text:memccpy)
                  0c00cb00    00000060     ti.platform.evm6678l.ae66 : platform.dbg.oe66 (.text:platform_delaycycles)
                  0c00cb60    00000060                               : platform.dbg.oe66 (.text:platform_get_frequency)
                  0c00cbc0    00000060     rts6600_elf.lib : lowlev.obj (.text:write)
                  0c00cc20    00000060     ti.platform.evm6678l.ae66 : evmc6678.dbg.oe66 (.text:xmc_setup)
                  0c00cc80    00000040                               : evmc6678.dbg.oe66 (.text:CSL_BootCfgGetDDRConfig)
                  0c00ccc0    00000040                               : evmc6678.dbg.oe66 (.text:CSL_BootCfgSetDDRConfig)
                  0c00cd00    00000040                               : evmc6678_phy.dbg.oe66 (.text:CSL_BootCfgSetSGMIIConfigPLL)
                  0c00cd40    00000040                               : evmc6678.dbg.oe66 (.text:CSL_BootCfgUnlockKicker)
                  0c00cd80    00000040                               : evmc6678_phy.dbg.oe66 (.text:CSL_BootCfgUnlockKicker)
                  0c00cdc0    00000040                               : evmc6678.dbg.oe66 (.text:CSL_EMIF4F_EnableInitRefresh)
                  0c00ce00    00000040                               : evmc6678.dbg.oe66 (.text:CSL_EMIF4F_GetPhyControl)
                  0c00ce40    00000040                               : evmc6678.dbg.oe66 (.text:CSL_EMIF4F_SetRefreshRate)
                  0c00ce80    00000040                               : evmc6678.dbg.oe66 (.text:CSL_PSC_enablePowerDomain)
                  0c00cec0    00000040                               : evmc6678.dbg.oe66 (.text:CSL_PSC_isStateTransitionDone)
                  0c00cf00    00000040                               : evmc6678.dbg.oe66 (.text:CSL_PSC_startStateTransition)
                  0c00cf40    00000040                               : evmc6678_phy.dbg.oe66 (.text:CSL_SGMII_disableMasterMode)
                  0c00cf80    00000040                               : evmc6678_phy.dbg.oe66 (.text:CSL_SGMII_doSoftReset)
                  0c00cfc0    00000040                               : evmc6678_phy.dbg.oe66 (.text:CSL_SGMII_enableAutoNegotiation)
                  0c00d000    00000040                               : evmc6678_phy.dbg.oe66 (.text:CSL_SGMII_endRxTxSoftReset)
                  0c00d040    00000040                               : evmc6678_phy.dbg.oe66 (.text:CSL_SGMII_getSoftResetStatus)
                  0c00d080    00000040                               : evmc6678_phy.dbg.oe66 (.text:CSL_SGMII_startRxTxSoftReset)
                  0c00d0c0    00000040                               : evmc6678.dbg.oe66 (.text:CSL_XMC_setXMPAXH)
                  0c00d100    00000040                               : platform.dbg.oe66 (.text:CSL_chipWriteTSCL)
                  0c00d140    00000040     rts6600_elf.lib : isinf.obj (.text:__c6xabi_isinf)
                  0c00d180    00000040                     : _printfi.obj (.text:__c6xabi_isnan)
                  0c00d1c0    00000040                     : args_main.obj (.text:_args_main)
                  0c00d200    00000040                     : imath64.obj (.text:_subcull)
                  0c00d240    00000040     ti.csl.ae66 : csl_edma3ChannelClose.oe66 (.text:csl_section:edma3:CSL_edma3ChannelClose)
                  0c00d280    00000040     ti.platform.evm6678l.ae66 : platform.dbg.oe66 (.text:enableL1PEDC)
                  0c00d2c0    00000040                               : platform.dbg.oe66 (.text:enableL2EDC)
                  0c00d300    00000040                               : evmc6678.dbg.oe66 (.text:pll_delay)
                  0c00d340    00000020     ti.csl.ae66 : csl_gpioGetBaseAddress.oe66 (.text:CSL_GPIO_open)
                  0c00d360    00000020     ti.platform.evm6678l.ae66 : platform.dbg.oe66 (.text:CSL_chipReadTSCL)
                  0c00d380    00000020     rts6600_elf.lib : errno.obj (.text:__c6xabi_errno_addr)
                  0c00d3a0    00000020                     : _lock.obj (.text:_nop)
                  0c00d3c0    00000020                     : printf.obj (.text:_outc)
                  0c00d3e0    00000020                     : printf.obj (.text:_outs)
                  0c00d400    00000020                     : exit.obj (.text:abort)
                  0c00d420    00000020     ti.csl.ae66 : csl_edma3Close.oe66 (.text:csl_section:edma3:CSL_edma3Close)
                  0c00d440    00000020                 : csl_edma3Init.oe66 (.text:csl_section:edma3:CSL_edma3Init)
                  0c00d460    00000020     ti.csl.intc.ae66 : csl_intcHookIsr.oe66 (.text:csl_section:intc:CSL_intcHookIsr)
                  0c00d480    00000020                      : _csl_intcNmiDummy.oe66 (.text:csl_section:intc)
                  0c00d4a0    00000020     rts6600_elf.lib : copy_zero_init.obj (.text:decompress:ZI:__TI_zero_init)
                  0c00d4c0    00000020                     : copy_decompress_none.obj (.text:decompress:none:__TI_decompress_none)
                  0c00d4e0    00000020                     : copy_decompress_rle.obj (.text:decompress:rle24:__TI_decompress_rle24)
                  0c00d500    00000020     ti.csl.intc.ae66 : csl_intcAsmUtils.oe66 (.text:dint)
                  0c00d520    00000020     ti.platform.evm6678l.ae66 : platform.dbg.oe66 (.text:enableEDCL2EDCEN)
                  0c00d540    00000020     ti.csl.intc.ae66 : csl_intcAsmUtils.oe66 (.text:rint)

.sysmem    0    0c00d560    00008000     UNINITIALIZED
                  0c00d560    00000008     rts6600_elf.lib : memory.obj (.sysmem)
                  0c00d568    00007ff8     --HOLE--

.stack     0    0c015560    00002000     UNINITIALIZED
                  0c015560    00000008     rts6600_elf.lib : boot.obj (.stack)
                  0c015568    00001ff8     --HOLE--

.fardata   0    0c017560    0000032c     UNINITIALIZED
                  0c017560    000001e0     rts6600_elf.lib : defs.obj (.fardata:_ftable)
                  0c017740    000000a0                     : lowlev.obj (.fardata:_stream)
                  0c0177e0    00000078                     : lowlev.obj (.fardata:_device)
                  0c017858    00000010     ti.csl.ae66 : csl_cpsgmii.oe66 (.fardata:cpsgmiiPortBaseAddr)
                  0c017868    0000000c     rts6600_elf.lib : exit.obj (.fardata)
                  0c017874    00000008                     : memory.obj (.fardata)
                  0c01787c    00000004                     : _lock.obj (.fardata:_lock)
                  0c017880    00000004                     : _lock.obj (.fardata:_unlock)
                  0c017884    00000004                     : defs.obj (.fardata)
                  0c017888    00000004                     : errno.obj (.fardata)

.const     0    0c017890    00000174     
                  0c017890    00000101     rts6600_elf.lib : ctype.obj (.const:.string:_ctypes_)
                  0c017991    00000003     --HOLE-- [fill = 0]
                  0c017994    00000028     intc_test.obj (.const:.string)
                  0c0179bc    00000024     main4my.obj (.const:.string)
                  0c0179e0    00000024     rts6600_elf.lib : _printfi.obj (.const:.string)

.switch    0    0c017a04    00000164     
                  0c017a04    00000080     ti.csl.ae66 : csl_chip.oe66 (.switch:CSL_chipReadReg)
                  0c017a84    0000003c                 : csl_edma3HwControl.oe66 (.switch:CSL_edma3HwControl)
                  0c017ac0    00000038     rts6600_elf.lib : _printfi.obj (.switch:_pproc_fgea)
                  0c017af8    00000020     ti.csl.ae66 : csl_edma3GetHwStatus.oe66 (.switch:CSL_edma3GetHwStatus)
                  0c017b18    0000001c     ti.csl.intc.ae66 : csl_intcHwControl.oe66 (.switch:CSL_intcHwControl)
                  0c017b34    00000014     ti.csl.ae66 : csl_edma3HwChannelControl.oe66 (.switch:CSL_edma3HwChannelControl)
                  0c017b48    00000010                 : csl_cpIntcGetBaseAddress.oe66 (.switch:CSL_CPINTC_open)
                  0c017b58    00000010     ti.csl.intc.ae66 : csl_intcOpen.oe66 (.switch:CSL_intcOpen)

.bss       0    0c017b68    00000056     UNINITIALIZED
                  0c017b68    0000004c     ti.csl.intc.ae66 : _csl_intcResource.oe66 (.bss:csl_section:intc:uninit)
                  0c017bb4    00000008                      : _csl_intcResource.oe66 (.bss:csl_section:intc:init)
                  0c017bbc    00000002     (.common:EdmaStat)

.neardata 
*          0    0c017bc0    0000000e     UNINITIALIZED
                  0c017bc0    00000008     ti.platform.evm6678l.ae66 : platform.dbg.oe66 (.neardata)
                  0c017bc8    00000006     main4my.obj (.neardata)

.far       0    0c017e20    00000158     UNINITIALIZED
                  0c017e20    00000140     (.common:__TI_tmpnams)
                  0c017f60    0000000c     (.common:regionIpr)
                  0c017f6c    00000004     --HOLE--
                  0c017f70    00000008     (.common:parmbuf)

.cio       0    0c017f78    00000120     UNINITIALIZED
                  0c017f78    00000120     rts6600_elf.lib : trgmsg.obj (.cio)

.gem0_data 
*          0    80000000    00000080     UNINITIALIZED
                  80000000    00000080     main4my.obj (.gem0_data)

.gem1_data 
*          0    80000080    00000080     UNINITIALIZED
                  80000080    00000080     main4my.obj (.gem1_data)

.cinit     0    0c0181a0    000001b0     
                  0c0181a0    0000009a     (.cinit.platform_lib.load) [load image, compression = rle]
                  0c01823a    00000002     --HOLE-- [fill = 0]
                  0c01823c    00000081     (.cinit..fardata.load) [load image, compression = rle]
                  0c0182bd    00000003     --HOLE-- [fill = 0]
                  0c0182c0    0000000f     (.cinit..testData.load) [load image, compression = rle]
                  0c0182cf    00000001     --HOLE-- [fill = 0]
                  0c0182d0    0000000c     (__TI_handler_table)
                  0c0182dc    00000009     (.cinit..bss.load) [load image, compression = rle]
                  0c0182e5    00000003     --HOLE-- [fill = 0]
                  0c0182e8    00000009     (.cinit..neardata.load) [load image, compression = rle]
                  0c0182f1    00000003     --HOLE-- [fill = 0]
                  0c0182f4    00000008     (.cinit..far.load) [load image, compression = zero_init]
                  0c0182fc    00000008     (.cinit..gem0_data.load) [load image, compression = zero_init]
                  0c018304    00000008     (.cinit..gem1_data.load) [load image, compression = zero_init]
                  0c01830c    00000004     --HOLE-- [fill = 0]
                  0c018310    00000040     (__TI_cinit_table)

.init_array 
*          0    0c000000    00000000     UNINITIALIZED

.testData 
*          0    00800000    00000164     UNINITIALIZED
                  00800000    000000bc     intc_test.obj (.testData:uninit)
                  008000bc    000000a4     main4my.obj (.testData)
                  00800160    00000004     intc_test.obj (.testData:init)

.csl_vect 
*          0    0c017c00    00000220     
                  0c017c00    00000220     ti.csl.intc.ae66 : _csl_intcIsrDispatch.oe66 (.csl_vect)

platform_lib 
*          0    0c018098    00000108     UNINITIALIZED
                  0c018098    00000108     ti.platform.evm6678l.ae66 : platform.dbg.oe66 (platform_lib:init)

MODULE SUMMARY

       Module                              code    ro data   rw data
       ------                              ----    -------   -------
    .\
       main4my.obj                         3680    36        440    
       intc_test.obj                       768     40        192    
    +--+-----------------------------------+-------+---------+---------+
       Total:                              4448    76        632    
                                                                    
    C:/ti/ccs720/pdk_c667x_2_0_5/packages/ti/csl/lib/c6678/c66/release/ti.csl.ae66
       csl_edma3HwChannelControl.oe66      1440    20        0      
       csl_edma3HwControl.oe66             1248    60        0      
       csl_edma3GetHwStatus.oe66           736     32        0      
       csl_chip.oe66                       288     128       0      
       csl_edma3HwChannelSetup.oe66        352     0         0      
       csl_edma3ChannelOpen.oe66           288     0         0      
       csl_edma3Param.oe66                 288     0         0      
       csl_edma3GetBaseAddress.oe66        256     0         0      
       csl_edma3Open.oe66                  192     0         0      
       csl_cpIntcGetBaseAddress.oe66       96      16        0      
       csl_edma3ChannelClose.oe66          64      0         0      
       csl_edma3Close.oe66                 32      0         0      
       csl_edma3Init.oe66                  32      0         0      
       csl_gpioGetBaseAddress.oe66         32      0         0      
       csl_cpsgmii.oe66                    0       0         16     
    +--+-----------------------------------+-------+---------+---------+
       Total:                              5344    256       16     
                                                                    
    C:/ti/ccs720/pdk_c667x_2_0_5/packages/ti/csl/lib/c6678/c66/release/ti.csl.intc.ae66
       _csl_intcCombEventDispatcher.oe66   2176    0         0      
       csl_intcHwControl.oe66              1024    28        0      
       csl_intcOpen.oe66                   608     16        0      
       _csl_intcIsrDispatch.oe66           544     0         0      
       _csl_intcDispatcher.oe66            448     0         0      
       csl_intcInit.oe66                   384     0         0      
       _csl_intcIntrEnDisRes.oe66          320     0         0      
       csl_intcPlugEventHandler.oe66       256     0         0      
       csl_intcClose.oe66                  192     0         0      
       _csl_intcResource.oe66              0       0         84     
       csl_intcAsmUtils.oe66               64      0         0      
       _csl_intcNmiDummy.oe66              32      0         0      
       csl_intcHookIsr.oe66                32      0         0      
    +--+-----------------------------------+-------+---------+---------+
       Total:                              6080    44        84     
                                                                    
    C:/ti/ccs720/pdk_c667x_2_0_5/packages/ti/platform/evmc6678l/platform_lib/lib/debug/ti.platform.evm6678l.ae66
       evmc6678.dbg.oe66                   7552    0         0      
       platform.dbg.oe66                   1472    0         272    
       evmc6678_phy.dbg.oe66               1504    0         0      
    +--+-----------------------------------+-------+---------+---------+
       Total:                              10528   0         272    
                                                                    
    C:\ti\ccs720\ti-cgt-c6000_8.1.3\lib\rts6600_elf.lib
       _printfi.obj                        13824   92        0      
       memory.obj                          1888    0         8      
       trgdrv.obj                          1664    0         8      
       divd.obj                            1536    0         0      
       lowlev.obj                          960     0         280    
       fputs.obj                           864     0         0      
       defs.obj                            0       0         804    
       imath64.obj                         640     0         0      
       setvbuf.obj                         576     0         0      
       fputc.obj                           544     0         0      
       trgmsg.obj                          256     0         288    
       imath40.obj                         448     0         0      
       frexp.obj                           416     0         0      
       autoinit.obj                        320     0         0      
       fclose.obj                          320     0         0      
       ldexp.obj                           320     0         0      
       copy_decompress_rle.obj             288     0         0      
       fseek.obj                           288     0         0      
       printf.obj                          288     0         0      
       ctype.obj                           0       257       0      
       _io_perm.obj                        256     0         0      
       atoi.obj                            256     0         0      
       cpy_tbl.obj                         256     0         0      
       exit.obj                            224     0         12     
       divi.obj                            224     0         0      
       llshift.obj                         224     0         0      
       ltoa.obj                            224     0         0      
       memset.obj                          224     0         0      
       divu.obj                            192     0         0      
       fflush.obj                          192     0         0      
       tls.obj                             192     0         0      
       fopen.obj                           160     0         0      
       memcpy64.obj                        160     0         0      
       boot.obj                            96      0         0      
       frcmpyd_div.obj                     96      0         0      
       memccpy.obj                         96      0         0      
       args_main.obj                       64      0         0      
       isinf.obj                           64      0         0      
       _lock.obj                           32      0         8      
       errno.obj                           32      0         4      
       copy_decompress_none.obj            32      0         0      
       copy_zero_init.obj                  32      0         0      
    +--+-----------------------------------+-------+---------+---------+
       Total:                              28768   349       1412   
                                                                    
       Heap:                               0       0         32768  
       Stack:                              0       0         8192   
       Linker Generated:                   0       416       0      
    +--+-----------------------------------+-------+---------+---------+
       Grand Total:                        55168   1141      43376  


LINKER GENERATED COPY TABLES

__TI_cinit_table @ 0c018310 records: 8, size/record: 8, table size: 64
	platform_lib: load addr=0c0181a0, load size=0000009a bytes, run addr=0c018098, run size=00000108 bytes, compression=rle
	.fardata: load addr=0c01823c, load size=00000081 bytes, run addr=0c017560, run size=0000032c bytes, compression=rle
	.testData: load addr=0c0182c0, load size=0000000f bytes, run addr=00800000, run size=00000164 bytes, compression=rle
	.bss: load addr=0c0182dc, load size=00000009 bytes, run addr=0c017b68, run size=00000056 bytes, compression=rle
	.neardata: load addr=0c0182e8, load size=00000009 bytes, run addr=0c017bc0, run size=0000000e bytes, compression=rle
	.far: load addr=0c0182f4, load size=00000008 bytes, run addr=0c017e20, run size=00000158 bytes, compression=zero_init
	.gem0_data: load addr=0c0182fc, load size=00000008 bytes, run addr=80000000, run size=00000080 bytes, compression=zero_init
	.gem1_data: load addr=0c018304, load size=00000008 bytes, run addr=80000080, run size=00000080 bytes, compression=zero_init


LINKER GENERATED HANDLER TABLE

__TI_handler_table @ 0c0182d0 records: 3, size/record: 4, table size: 12
	index: 0, handler: __TI_zero_init
	index: 1, handler: __TI_decompress_rle24
	index: 2, handler: __TI_decompress_none


GLOBAL SYMBOLS: SORTED ALPHABETICALLY BY Name 

address   name                           
-------   ----                           
0c00d400  C$$EXIT                        
0c00c540  C$$IO$$                        
0c00c7a0  CSL_CPINTC_open                
0c017e00  CSL_Entry                      
0c00d340  CSL_GPIO_open                  
0c00a100  CSL_chipReadReg                
0c00d240  CSL_edma3ChannelClose          
0c00a340  CSL_edma3ChannelOpen           
0c00d420  CSL_edma3Close                 
0c005fc0  CSL_edma3GetHwStatus           
0c00c5e0  CSL_edma3GetParamHandle        
0c003020  CSL_edma3HwChannelControl      
0c00c280  CSL_edma3HwChannelSetupParam   
0c00b840  CSL_edma3HwChannelSetupQue     
0c003ac0  CSL_edma3HwControl             
0c00d440  CSL_edma3Init                  
0c00b900  CSL_edma3Open                  
0c00c320  CSL_edma3ParamSetup            
0c00ab80  CSL_edma3ccGetModuleBaseAddr   
0c017bb4  CSL_intcAllocMask              
0c00b9c0  CSL_intcClose                  
0c017b68  CSL_intcCpuIntrTable           
0c008720  CSL_intcDispatcher             
0c007ac0  CSL_intcEvent0Dispatcher       
0c007ce0  CSL_intcEvent1Dispatcher       
0c007f00  CSL_intcEvent2Dispatcher       
0c008120  CSL_intcEvent3Dispatcher       
0c017bb0  CSL_intcEventHandlerRecord_p   
0c017bb8  CSL_intcEventOffsetMap         
0c009978  CSL_intcGlobalDisable          
0c009958  CSL_intcGlobalEnable           
0c0099ec  CSL_intcGlobalExcepClear       
0c0099c4  CSL_intcGlobalExcepEnable      
0c0099d8  CSL_intcGlobalExtExcepEnable   
0c0099b0  CSL_intcGlobalNmiEnable        
0c009998  CSL_intcGlobalRestore          
0c00d460  CSL_intcHookIsr                
0c004820  CSL_intcHwControl              
0c008f60  CSL_intcInit                   
0c009910  CSL_intcInterruptClear         
0c0098f0  CSL_intcInterruptDisable       
0c0098d0  CSL_intcInterruptEnable        
0c00992c  CSL_intcInterruptRestore       
0c009920  CSL_intcInterruptSet           
0c0098c0  CSL_intcIvpSet                 
0c00d480  CSL_intcNmiDummy               
0c017bac  CSL_intcNumEvents              
0c006d20  CSL_intcOpen                   
0c00ac80  CSL_intcPlugEventHandler       
0c009944  CSL_intcQueryInterruptStatus   
008000d4  ChObj0                         
008000f0  ChObj1                         
0c0006e8  Close_Edma                     
0c00a580  CorePllcGetHwSetup             
0c006820  CorePllcHwSetup                
0c003fa0  DDR3Init                       
0c000c4c  EDMAInterruptHandler           
0c017bbc  EdmaStat                       
008000a0  EventHandler                   
0c00bf60  HOSTclose                      
0c00a680  HOSTlseek                      
0c00ae60  HOSTopen                       
0c00b540  HOSTread                       
0c0088e0  HOSTrename                     
0c00b600  HOSTunlink                     
0c00af40  HOSTwrite                      
0c00a220  Init_SGMII                     
0c000a04  Initiate_Buffers               
0c000df4  Osal_platformFree              
0c000de0  Osal_platformMalloc            
0c000e14  Osal_platformSpiCsEnter        
0c000e34  Osal_platformSpiCsExit         
0c00c000  PowerUpDomains                 
0c008a80  SetDDR3PllConfig               
0c0078a0  SetPaPllConfig                 
0c0002e4  Setup_Edma                     
0c00078c  Setup_SPI                      
0c000680  Test_Edma                      
0c0002ac  Trigger_Edma_Channels          
0c000874  Verify_Transfer                
0c017c00  _CSL_intcVectorTable           
0c017f78  __CIOBUF_                      
0c018310  __TI_CINIT_Base                
0c018350  __TI_CINIT_Limit               
0c0182d0  __TI_Handler_Table_Base        
0c0182dc  __TI_Handler_Table_Limit       
UNDEFED   __TI_INITARRAY_Base            
UNDEFED   __TI_INITARRAY_Limit           
0c017560  __TI_STACK_END                 
00002000  __TI_STACK_SIZE                
0c017b68  __TI_STATIC_BASE               
00008000  __TI_SYSMEM_SIZE               
UNDEFED   __TI_TLS_INIT_Base             
UNDEFED   __TI_TLS_INIT_Limit            
0c00c0a0  __TI_cleanup                   
0c017868  __TI_cleanup_ptr               
0c009640  __TI_closefile                 
0c00d4c0  __TI_decompress_none           
0c00d4e0  __TI_decompress_rle24          
0c00b6c0  __TI_doflush                   
0c01786c  __TI_dtors_ptr                 
0c017870  __TI_enable_exit_profile_output
0c00c920  __TI_frcmpyd_div               
0c017884  __TI_ft_end                    
ffffffff  __TI_pprof_out_hndl            
0c0016e0  __TI_printfi                   
ffffffff  __TI_prof_data_size            
ffffffff  __TI_prof_data_start           
0c00c460  __TI_readmsg                   
0c00bcc0  __TI_tls_init                  
0c017e20  __TI_tmpnams                   
0c00c4e0  __TI_writemsg                  
0c00a880  __TI_wrt_ok                    
0c00d4a0  __TI_zero_init                 
ffffffff  __binit__                      
0c002480  __c6xabi_divd                  
0c00b020  __c6xabi_divi                  
0c00b780  __c6xabi_divu                  
0c008560  __c6xabi_divul                 
0c0071e0  __c6xabi_divull                
0c00d380  __c6xabi_errno_addr            
0c00d140  __c6xabi_isinf                 
0c00c560  __c6xabi_llshl                 
0c00c980  __c6xabi_llshru                
ffffffff  __c_args__                     
0c00b020  __divi                         
0c00b780  __divu                         
0c017888  __errno                        
0c00d1c0  _args_main                     
0c009780  _auto_init_elf                 
0c00c9e0  _c_int00                       
0c017890  _ctypes_                       
0c017560  _ftable                        
0c01787c  _lock                          
0c00c140  _minit                         
0c00d3a0  _nop                           
0c015560  _stack                         
0c00d200  _subcull                       
0c00d560  _sys_memory                    
0c017880  _unlock                        
0c00d400  abort                          
0c00a980  atoi                           
0c017bcc  bCon                           
ffffffff  binit                          
008000cc  chParam                        
00800114  chSetup                        
0c00b100  close                          
0c005f78  close_intc                     
0c00c1e0  configSerdes                   
008000bc  context                        
0c00aa80  copy_in                        
008000b4  cphnd                          
0c017858  cpsgmiiPortBaseAddr            
0c00d500  dint                           
80000080  dstBuf                         
008000b0  edmaIntcHandle                 
00800000  edmaIntcObj                    
0c018198  emac_port_mode                 
0c017888  errno                          
0c00ba80  exit                           
0c008340  fputc                          
0c005340  fputs                          
0c004c20  free                           
0c008c20  frexp                          
0c008c20  frexpl                         
0c00a460  fseek                          
0c018124  gDeviceEeprom0                 
0c01815c  gDeviceEeprom1                 
0c0180b4  gDeviceNand                    
0c0180ec  gDeviceNor                     
0c000280  global_address                 
0080010c  hChannel0                      
00800110  hChannel1                      
0080015c  hGpio                          
008000c0  hModule                        
008000b8  host_event                     
0c0001e0  initGPIO                       
00800008  intcContext                    
0c005f10  intc_init                      
0c009a00  ldexp                          
0c009a00  ldexpl                         
0c00ca40  lseek                          
0c00b1e0  ltoa                           
0c000b94  main                           
0c0090e0  malloc                         
0c00caa0  memccpy                        
0c00c3c0  memcpy                         
0c00b2c0  memset                         
0080013c  moduleObj                      
008000c4  paramHandle0                   
008000c8  paramHandle1                   
0080011c  paramSetup                     
0c017bc8  pinNum                         
0c00cb00  platform_delaycycles           
0c017bc0  platform_errno                 
0c006f80  platform_init                  
0c017bc4  platform_init_return_code      
0c00b3a0  printf                         
0c009260  prog_pll1_values               
0c008340  putc                           
00800150  regionIntr                     
0c017f60  regionIpr                      
0c00c660  remove                         
0c00d540  rint                           
0c005d8c  set_edma_intc                  
0c007660  setvbuf                        
80000000  srcBuf                         
00800160  sys_event                      
0c00c660  unlink                         
0c00cbc0  write                          
0c00cc20  xmc_setup                      


GLOBAL SYMBOLS: SORTED BY Symbol Address 

address   name                           
-------   ----                           
00002000  __TI_STACK_SIZE                
00008000  __TI_SYSMEM_SIZE               
00800000  edmaIntcObj                    
00800008  intcContext                    
008000a0  EventHandler                   
008000b0  edmaIntcHandle                 
008000b4  cphnd                          
008000b8  host_event                     
008000bc  context                        
008000c0  hModule                        
008000c4  paramHandle0                   
008000c8  paramHandle1                   
008000cc  chParam                        
008000d4  ChObj0                         
008000f0  ChObj1                         
0080010c  hChannel0                      
00800110  hChannel1                      
00800114  chSetup                        
0080011c  paramSetup                     
0080013c  moduleObj                      
00800150  regionIntr                     
0080015c  hGpio                          
00800160  sys_event                      
0c0001e0  initGPIO                       
0c000280  global_address                 
0c0002ac  Trigger_Edma_Channels          
0c0002e4  Setup_Edma                     
0c000680  Test_Edma                      
0c0006e8  Close_Edma                     
0c00078c  Setup_SPI                      
0c000874  Verify_Transfer                
0c000a04  Initiate_Buffers               
0c000b94  main                           
0c000c4c  EDMAInterruptHandler           
0c000de0  Osal_platformMalloc            
0c000df4  Osal_platformFree              
0c000e14  Osal_platformSpiCsEnter        
0c000e34  Osal_platformSpiCsExit         
0c0016e0  __TI_printfi                   
0c002480  __c6xabi_divd                  
0c003020  CSL_edma3HwChannelControl      
0c003ac0  CSL_edma3HwControl             
0c003fa0  DDR3Init                       
0c004820  CSL_intcHwControl              
0c004c20  free                           
0c005340  fputs                          
0c005d8c  set_edma_intc                  
0c005f10  intc_init                      
0c005f78  close_intc                     
0c005fc0  CSL_edma3GetHwStatus           
0c006820  CorePllcHwSetup                
0c006d20  CSL_intcOpen                   
0c006f80  platform_init                  
0c0071e0  __c6xabi_divull                
0c007660  setvbuf                        
0c0078a0  SetPaPllConfig                 
0c007ac0  CSL_intcEvent0Dispatcher       
0c007ce0  CSL_intcEvent1Dispatcher       
0c007f00  CSL_intcEvent2Dispatcher       
0c008120  CSL_intcEvent3Dispatcher       
0c008340  fputc                          
0c008340  putc                           
0c008560  __c6xabi_divul                 
0c008720  CSL_intcDispatcher             
0c0088e0  HOSTrename                     
0c008a80  SetDDR3PllConfig               
0c008c20  frexp                          
0c008c20  frexpl                         
0c008f60  CSL_intcInit                   
0c0090e0  malloc                         
0c009260  prog_pll1_values               
0c009640  __TI_closefile                 
0c009780  _auto_init_elf                 
0c0098c0  CSL_intcIvpSet                 
0c0098d0  CSL_intcInterruptEnable        
0c0098f0  CSL_intcInterruptDisable       
0c009910  CSL_intcInterruptClear         
0c009920  CSL_intcInterruptSet           
0c00992c  CSL_intcInterruptRestore       
0c009944  CSL_intcQueryInterruptStatus   
0c009958  CSL_intcGlobalEnable           
0c009978  CSL_intcGlobalDisable          
0c009998  CSL_intcGlobalRestore          
0c0099b0  CSL_intcGlobalNmiEnable        
0c0099c4  CSL_intcGlobalExcepEnable      
0c0099d8  CSL_intcGlobalExtExcepEnable   
0c0099ec  CSL_intcGlobalExcepClear       
0c009a00  ldexp                          
0c009a00  ldexpl                         
0c00a100  CSL_chipReadReg                
0c00a220  Init_SGMII                     
0c00a340  CSL_edma3ChannelOpen           
0c00a460  fseek                          
0c00a580  CorePllcGetHwSetup             
0c00a680  HOSTlseek                      
0c00a880  __TI_wrt_ok                    
0c00a980  atoi                           
0c00aa80  copy_in                        
0c00ab80  CSL_edma3ccGetModuleBaseAddr   
0c00ac80  CSL_intcPlugEventHandler       
0c00ae60  HOSTopen                       
0c00af40  HOSTwrite                      
0c00b020  __c6xabi_divi                  
0c00b020  __divi                         
0c00b100  close                          
0c00b1e0  ltoa                           
0c00b2c0  memset                         
0c00b3a0  printf                         
0c00b540  HOSTread                       
0c00b600  HOSTunlink                     
0c00b6c0  __TI_doflush                   
0c00b780  __c6xabi_divu                  
0c00b780  __divu                         
0c00b840  CSL_edma3HwChannelSetupQue     
0c00b900  CSL_edma3Open                  
0c00b9c0  CSL_intcClose                  
0c00ba80  exit                           
0c00bcc0  __TI_tls_init                  
0c00bf60  HOSTclose                      
0c00c000  PowerUpDomains                 
0c00c0a0  __TI_cleanup                   
0c00c140  _minit                         
0c00c1e0  configSerdes                   
0c00c280  CSL_edma3HwChannelSetupParam   
0c00c320  CSL_edma3ParamSetup            
0c00c3c0  memcpy                         
0c00c460  __TI_readmsg                   
0c00c4e0  __TI_writemsg                  
0c00c540  C$$IO$$                        
0c00c560  __c6xabi_llshl                 
0c00c5e0  CSL_edma3GetParamHandle        
0c00c660  remove                         
0c00c660  unlink                         
0c00c7a0  CSL_CPINTC_open                
0c00c920  __TI_frcmpyd_div               
0c00c980  __c6xabi_llshru                
0c00c9e0  _c_int00                       
0c00ca40  lseek                          
0c00caa0  memccpy                        
0c00cb00  platform_delaycycles           
0c00cbc0  write                          
0c00cc20  xmc_setup                      
0c00d140  __c6xabi_isinf                 
0c00d1c0  _args_main                     
0c00d200  _subcull                       
0c00d240  CSL_edma3ChannelClose          
0c00d340  CSL_GPIO_open                  
0c00d380  __c6xabi_errno_addr            
0c00d3a0  _nop                           
0c00d400  C$$EXIT                        
0c00d400  abort                          
0c00d420  CSL_edma3Close                 
0c00d440  CSL_edma3Init                  
0c00d460  CSL_intcHookIsr                
0c00d480  CSL_intcNmiDummy               
0c00d4a0  __TI_zero_init                 
0c00d4c0  __TI_decompress_none           
0c00d4e0  __TI_decompress_rle24          
0c00d500  dint                           
0c00d540  rint                           
0c00d560  _sys_memory                    
0c015560  _stack                         
0c017560  __TI_STACK_END                 
0c017560  _ftable                        
0c017858  cpsgmiiPortBaseAddr            
0c017868  __TI_cleanup_ptr               
0c01786c  __TI_dtors_ptr                 
0c017870  __TI_enable_exit_profile_output
0c01787c  _lock                          
0c017880  _unlock                        
0c017884  __TI_ft_end                    
0c017888  __errno                        
0c017888  errno                          
0c017890  _ctypes_                       
0c017b68  CSL_intcCpuIntrTable           
0c017b68  __TI_STATIC_BASE               
0c017bac  CSL_intcNumEvents              
0c017bb0  CSL_intcEventHandlerRecord_p   
0c017bb4  CSL_intcAllocMask              
0c017bb8  CSL_intcEventOffsetMap         
0c017bbc  EdmaStat                       
0c017bc0  platform_errno                 
0c017bc4  platform_init_return_code      
0c017bc8  pinNum                         
0c017bcc  bCon                           
0c017c00  _CSL_intcVectorTable           
0c017e00  CSL_Entry                      
0c017e20  __TI_tmpnams                   
0c017f60  regionIpr                      
0c017f78  __CIOBUF_                      
0c0180b4  gDeviceNand                    
0c0180ec  gDeviceNor                     
0c018124  gDeviceEeprom0                 
0c01815c  gDeviceEeprom1                 
0c018198  emac_port_mode                 
0c0182d0  __TI_Handler_Table_Base        
0c0182dc  __TI_Handler_Table_Limit       
0c018310  __TI_CINIT_Base                
0c018350  __TI_CINIT_Limit               
80000000  srcBuf                         
80000080  dstBuf                         
ffffffff  __TI_pprof_out_hndl            
ffffffff  __TI_prof_data_size            
ffffffff  __TI_prof_data_start           
ffffffff  __binit__                      
ffffffff  __c_args__                     
ffffffff  binit                          
UNDEFED   __TI_INITARRAY_Base            
UNDEFED   __TI_INITARRAY_Limit           
UNDEFED   __TI_TLS_INIT_Base             
UNDEFED   __TI_TLS_INIT_Limit            

[211 symbols]
