<?xml version="1.0"?>
<link_info>
   <banner>TMS320C6x Linker PC v8.1.3</banner>
   <copyright>Copyright (c) 1996-2015 Texas Instruments Incorporated</copyright>
   <link_time>0x5a5f88ba</link_time>
   <link_errors>0x0</link_errors>
   <output_file>edma_spi.out</output_file>
   <entry_point>
      <name>_c_int00</name>
      <address>0xc00cae0</address>
   </entry_point>
   <input_file_list>
      <input_file id="fl-2">
         <path>.\</path>
         <kind>object</kind>
         <file>intc_test.obj</file>
         <name>intc_test.obj</name>
      </input_file>
      <input_file id="fl-3">
         <path>.\</path>
         <kind>object</kind>
         <file>main4my.obj</file>
         <name>main4my.obj</name>
      </input_file>
      <input_file id="fl-4">
         <path>.\</path>
         <kind>object</kind>
         <file>spi_test.obj</file>
         <name>spi_test.obj</name>
      </input_file>
      <input_file id="fl-25">
         <path>C:\ti\ccs720\ti-cgt-c6000_8.1.3\lib\</path>
         <kind>archive</kind>
         <file>rts6600_elf.lib</file>
         <name>boot.obj</name>
      </input_file>
      <input_file id="fl-26">
         <path>C:\ti\ccs720\ti-cgt-c6000_8.1.3\lib\</path>
         <kind>archive</kind>
         <file>rts6600_elf.lib</file>
         <name>copy_decompress_none.obj</name>
      </input_file>
      <input_file id="fl-27">
         <path>C:\ti\ccs720\ti-cgt-c6000_8.1.3\lib\</path>
         <kind>archive</kind>
         <file>rts6600_elf.lib</file>
         <name>copy_decompress_rle.obj</name>
      </input_file>
      <input_file id="fl-28">
         <path>C:\ti\ccs720\ti-cgt-c6000_8.1.3\lib\</path>
         <kind>archive</kind>
         <file>rts6600_elf.lib</file>
         <name>copy_zero_init.obj</name>
      </input_file>
      <input_file id="fl-29">
         <path>C:\ti\ccs720\ti-cgt-c6000_8.1.3\lib\</path>
         <kind>archive</kind>
         <file>rts6600_elf.lib</file>
         <name>divu.obj</name>
      </input_file>
      <input_file id="fl-2a">
         <path>C:\ti\ccs720\ti-cgt-c6000_8.1.3\lib\</path>
         <kind>archive</kind>
         <file>rts6600_elf.lib</file>
         <name>exit.obj</name>
      </input_file>
      <input_file id="fl-2b">
         <path>C:\ti\ccs720\ti-cgt-c6000_8.1.3\lib\</path>
         <kind>archive</kind>
         <file>rts6600_elf.lib</file>
         <name>memcpy64.obj</name>
      </input_file>
      <input_file id="fl-2c">
         <path>C:\ti\ccs720\ti-cgt-c6000_8.1.3\lib\</path>
         <kind>archive</kind>
         <file>rts6600_elf.lib</file>
         <name>memory.obj</name>
      </input_file>
      <input_file id="fl-2d">
         <path>C:\ti\ccs720\ti-cgt-c6000_8.1.3\lib\</path>
         <kind>archive</kind>
         <file>rts6600_elf.lib</file>
         <name>memset.obj</name>
      </input_file>
      <input_file id="fl-2e">
         <path>C:\ti\ccs720\ti-cgt-c6000_8.1.3\lib\</path>
         <kind>archive</kind>
         <file>rts6600_elf.lib</file>
         <name>printf.obj</name>
      </input_file>
      <input_file id="fl-2f">
         <path>C:\ti\ccs720\ti-cgt-c6000_8.1.3\lib\</path>
         <kind>archive</kind>
         <file>rts6600_elf.lib</file>
         <name>_lock.obj</name>
      </input_file>
      <input_file id="fl-30">
         <path>C:\ti\ccs720\ti-cgt-c6000_8.1.3\lib\</path>
         <kind>archive</kind>
         <file>rts6600_elf.lib</file>
         <name>_printfi.obj</name>
      </input_file>
      <input_file id="fl-31">
         <path>C:\ti\ccs720\ti-cgt-c6000_8.1.3\lib\</path>
         <kind>archive</kind>
         <file>rts6600_elf.lib</file>
         <name>args_main.obj</name>
      </input_file>
      <input_file id="fl-32">
         <path>C:\ti\ccs720\ti-cgt-c6000_8.1.3\lib\</path>
         <kind>archive</kind>
         <file>rts6600_elf.lib</file>
         <name>atoi.obj</name>
      </input_file>
      <input_file id="fl-33">
         <path>C:\ti\ccs720\ti-cgt-c6000_8.1.3\lib\</path>
         <kind>archive</kind>
         <file>rts6600_elf.lib</file>
         <name>autoinit.obj</name>
      </input_file>
      <input_file id="fl-34">
         <path>C:\ti\ccs720\ti-cgt-c6000_8.1.3\lib\</path>
         <kind>archive</kind>
         <file>rts6600_elf.lib</file>
         <name>cpy_tbl.obj</name>
      </input_file>
      <input_file id="fl-35">
         <path>C:\ti\ccs720\ti-cgt-c6000_8.1.3\lib\</path>
         <kind>archive</kind>
         <file>rts6600_elf.lib</file>
         <name>ctype.obj</name>
      </input_file>
      <input_file id="fl-36">
         <path>C:\ti\ccs720\ti-cgt-c6000_8.1.3\lib\</path>
         <kind>archive</kind>
         <file>rts6600_elf.lib</file>
         <name>defs.obj</name>
      </input_file>
      <input_file id="fl-37">
         <path>C:\ti\ccs720\ti-cgt-c6000_8.1.3\lib\</path>
         <kind>archive</kind>
         <file>rts6600_elf.lib</file>
         <name>divd.obj</name>
      </input_file>
      <input_file id="fl-38">
         <path>C:\ti\ccs720\ti-cgt-c6000_8.1.3\lib\</path>
         <kind>archive</kind>
         <file>rts6600_elf.lib</file>
         <name>fputc.obj</name>
      </input_file>
      <input_file id="fl-39">
         <path>C:\ti\ccs720\ti-cgt-c6000_8.1.3\lib\</path>
         <kind>archive</kind>
         <file>rts6600_elf.lib</file>
         <name>fputs.obj</name>
      </input_file>
      <input_file id="fl-3a">
         <path>C:\ti\ccs720\ti-cgt-c6000_8.1.3\lib\</path>
         <kind>archive</kind>
         <file>rts6600_elf.lib</file>
         <name>frcmpyd_div.obj</name>
      </input_file>
      <input_file id="fl-3b">
         <path>C:\ti\ccs720\ti-cgt-c6000_8.1.3\lib\</path>
         <kind>archive</kind>
         <file>rts6600_elf.lib</file>
         <name>frexp.obj</name>
      </input_file>
      <input_file id="fl-3c">
         <path>C:\ti\ccs720\ti-cgt-c6000_8.1.3\lib\</path>
         <kind>archive</kind>
         <file>rts6600_elf.lib</file>
         <name>imath40.obj</name>
      </input_file>
      <input_file id="fl-3d">
         <path>C:\ti\ccs720\ti-cgt-c6000_8.1.3\lib\</path>
         <kind>archive</kind>
         <file>rts6600_elf.lib</file>
         <name>imath64.obj</name>
      </input_file>
      <input_file id="fl-3e">
         <path>C:\ti\ccs720\ti-cgt-c6000_8.1.3\lib\</path>
         <kind>archive</kind>
         <file>rts6600_elf.lib</file>
         <name>isinf.obj</name>
      </input_file>
      <input_file id="fl-3f">
         <path>C:\ti\ccs720\ti-cgt-c6000_8.1.3\lib\</path>
         <kind>archive</kind>
         <file>rts6600_elf.lib</file>
         <name>ldexp.obj</name>
      </input_file>
      <input_file id="fl-40">
         <path>C:\ti\ccs720\ti-cgt-c6000_8.1.3\lib\</path>
         <kind>archive</kind>
         <file>rts6600_elf.lib</file>
         <name>llabs.obj</name>
      </input_file>
      <input_file id="fl-41">
         <path>C:\ti\ccs720\ti-cgt-c6000_8.1.3\lib\</path>
         <kind>archive</kind>
         <file>rts6600_elf.lib</file>
         <name>llshift.obj</name>
      </input_file>
      <input_file id="fl-42">
         <path>C:\ti\ccs720\ti-cgt-c6000_8.1.3\lib\</path>
         <kind>archive</kind>
         <file>rts6600_elf.lib</file>
         <name>lowlev.obj</name>
      </input_file>
      <input_file id="fl-43">
         <path>C:\ti\ccs720\ti-cgt-c6000_8.1.3\lib\</path>
         <kind>archive</kind>
         <file>rts6600_elf.lib</file>
         <name>ltoa.obj</name>
      </input_file>
      <input_file id="fl-44">
         <path>C:\ti\ccs720\ti-cgt-c6000_8.1.3\lib\</path>
         <kind>archive</kind>
         <file>rts6600_elf.lib</file>
         <name>memccpy.obj</name>
      </input_file>
      <input_file id="fl-45">
         <path>C:\ti\ccs720\ti-cgt-c6000_8.1.3\lib\</path>
         <kind>archive</kind>
         <file>rts6600_elf.lib</file>
         <name>tls.obj</name>
      </input_file>
      <input_file id="fl-46">
         <path>C:\ti\ccs720\ti-cgt-c6000_8.1.3\lib\</path>
         <kind>archive</kind>
         <file>rts6600_elf.lib</file>
         <name>tls_get_tp.obj</name>
      </input_file>
      <input_file id="fl-47">
         <path>C:\ti\ccs720\ti-cgt-c6000_8.1.3\lib\</path>
         <kind>archive</kind>
         <file>rts6600_elf.lib</file>
         <name>trgdrv.obj</name>
      </input_file>
      <input_file id="fl-48">
         <path>C:\ti\ccs720\ti-cgt-c6000_8.1.3\lib\</path>
         <kind>archive</kind>
         <file>rts6600_elf.lib</file>
         <name>trgmsg.obj</name>
      </input_file>
      <input_file id="fl-49">
         <path>C:\ti\ccs720\ti-cgt-c6000_8.1.3\lib\</path>
         <kind>archive</kind>
         <file>rts6600_elf.lib</file>
         <name>_io_perm.obj</name>
      </input_file>
      <input_file id="fl-4a">
         <path>C:\ti\ccs720\ti-cgt-c6000_8.1.3\lib\</path>
         <kind>archive</kind>
         <file>rts6600_elf.lib</file>
         <name>errno.obj</name>
      </input_file>
      <input_file id="fl-4b">
         <path>C:\ti\ccs720\ti-cgt-c6000_8.1.3\lib\</path>
         <kind>archive</kind>
         <file>rts6600_elf.lib</file>
         <name>fflush.obj</name>
      </input_file>
      <input_file id="fl-4c">
         <path>C:\ti\ccs720\ti-cgt-c6000_8.1.3\lib\</path>
         <kind>archive</kind>
         <file>rts6600_elf.lib</file>
         <name>fseek.obj</name>
      </input_file>
      <input_file id="fl-4d">
         <path>C:\ti\ccs720\ti-cgt-c6000_8.1.3\lib\</path>
         <kind>archive</kind>
         <file>rts6600_elf.lib</file>
         <name>setvbuf.obj</name>
      </input_file>
      <input_file id="fl-4e">
         <path>C:\ti\ccs720\ti-cgt-c6000_8.1.3\lib\</path>
         <kind>archive</kind>
         <file>rts6600_elf.lib</file>
         <name>fopen.obj</name>
      </input_file>
      <input_file id="fl-4f">
         <path>C:\ti\ccs720\ti-cgt-c6000_8.1.3\lib\</path>
         <kind>archive</kind>
         <file>rts6600_elf.lib</file>
         <name>fclose.obj</name>
      </input_file>
      <input_file id="fl-50">
         <path>C:\ti\ccs720\ti-cgt-c6000_8.1.3\lib\</path>
         <kind>archive</kind>
         <file>rts6600_elf.lib</file>
         <name>remove.obj</name>
      </input_file>
      <input_file id="fl-51">
         <path>C:\ti\ccs720\pdk_c667x_2_0_5\packages\ti\platform\evmc6678l\platform_lib\lib\debug\</path>
         <kind>archive</kind>
         <file>ti.platform.evm6678l.ae66</file>
         <name>platform.dbg.oe66</name>
      </input_file>
      <input_file id="fl-52">
         <path>C:\ti\ccs720\pdk_c667x_2_0_5\packages\ti\platform\evmc6678l\platform_lib\lib\debug\</path>
         <kind>archive</kind>
         <file>ti.platform.evm6678l.ae66</file>
         <name>evm66x_i2c.dbg.oe66</name>
      </input_file>
      <input_file id="fl-53">
         <path>C:\ti\ccs720\pdk_c667x_2_0_5\packages\ti\platform\evmc6678l\platform_lib\lib\debug\</path>
         <kind>archive</kind>
         <file>ti.platform.evm6678l.ae66</file>
         <name>evm66x_nand.dbg.oe66</name>
      </input_file>
      <input_file id="fl-54">
         <path>C:\ti\ccs720\pdk_c667x_2_0_5\packages\ti\platform\evmc6678l\platform_lib\lib\debug\</path>
         <kind>archive</kind>
         <file>ti.platform.evm6678l.ae66</file>
         <name>evmc6678.dbg.oe66</name>
      </input_file>
      <input_file id="fl-55">
         <path>C:\ti\ccs720\pdk_c667x_2_0_5\packages\ti\platform\evmc6678l\platform_lib\lib\debug\</path>
         <kind>archive</kind>
         <file>ti.platform.evm6678l.ae66</file>
         <name>evmc6678_phy.dbg.oe66</name>
      </input_file>
      <input_file id="fl-56">
         <path>C:\ti\ccs720\pdk_c667x_2_0_5\packages\ti\platform\evmc6678l\platform_lib\lib\debug\</path>
         <kind>archive</kind>
         <file>ti.platform.evm6678l.ae66</file>
         <name>evmc66x_fpga.dbg.oe66</name>
      </input_file>
      <input_file id="fl-57">
         <path>C:\ti\ccs720\pdk_c667x_2_0_5\packages\ti\platform\evmc6678l\platform_lib\lib\debug\</path>
         <kind>archive</kind>
         <file>ti.platform.evm6678l.ae66</file>
         <name>evmc66x_i2c_eeprom.dbg.oe66</name>
      </input_file>
      <input_file id="fl-58">
         <path>C:\ti\ccs720\pdk_c667x_2_0_5\packages\ti\platform\evmc6678l\platform_lib\lib\debug\</path>
         <kind>archive</kind>
         <file>ti.platform.evm6678l.ae66</file>
         <name>evmc66x_nor.dbg.oe66</name>
      </input_file>
      <input_file id="fl-59">
         <path>C:\ti\ccs720\pdk_c667x_2_0_5\packages\ti\platform\evmc6678l\platform_lib\lib\debug\</path>
         <kind>archive</kind>
         <file>ti.platform.evm6678l.ae66</file>
         <name>evmc66x_spi.dbg.oe66</name>
      </input_file>
      <input_file id="fl-5a">
         <path>C:\ti\ccs720\pdk_c667x_2_0_5\packages\ti\platform\evmc6678l\platform_lib\lib\debug\</path>
         <kind>archive</kind>
         <file>ti.platform.evm6678l.ae66</file>
         <name>evmc66x_uart.dbg.oe66</name>
      </input_file>
      <input_file id="fl-5b">
         <path>C:\ti\ccs720\pdk_c667x_2_0_5\packages\ti\csl\lib\c6678\c66\release\</path>
         <kind>archive</kind>
         <file>ti.csl.ae66</file>
         <name>csl_cpIntcGetBaseAddress.oe66</name>
      </input_file>
      <input_file id="fl-5c">
         <path>C:\ti\ccs720\pdk_c667x_2_0_5\packages\ti\csl\lib\c6678\c66\release\</path>
         <kind>archive</kind>
         <file>ti.csl.ae66</file>
         <name>csl_gpioGetBaseAddress.oe66</name>
      </input_file>
      <input_file id="fl-5d">
         <path>C:\ti\ccs720\pdk_c667x_2_0_5\packages\ti\csl\lib\c6678\c66\release\</path>
         <kind>archive</kind>
         <file>ti.csl.ae66</file>
         <name>csl_edma3Init.oe66</name>
      </input_file>
      <input_file id="fl-5e">
         <path>C:\ti\ccs720\pdk_c667x_2_0_5\packages\ti\csl\lib\c6678\c66\release\</path>
         <kind>archive</kind>
         <file>ti.csl.ae66</file>
         <name>csl_edma3Open.oe66</name>
      </input_file>
      <input_file id="fl-5f">
         <path>C:\ti\ccs720\pdk_c667x_2_0_5\packages\ti\csl\lib\c6678\c66\release\</path>
         <kind>archive</kind>
         <file>ti.csl.ae66</file>
         <name>csl_edma3Close.oe66</name>
      </input_file>
      <input_file id="fl-60">
         <path>C:\ti\ccs720\pdk_c667x_2_0_5\packages\ti\csl\lib\c6678\c66\release\</path>
         <kind>archive</kind>
         <file>ti.csl.ae66</file>
         <name>csl_edma3HwControl.oe66</name>
      </input_file>
      <input_file id="fl-61">
         <path>C:\ti\ccs720\pdk_c667x_2_0_5\packages\ti\csl\lib\c6678\c66\release\</path>
         <kind>archive</kind>
         <file>ti.csl.ae66</file>
         <name>csl_edma3GetHwStatus.oe66</name>
      </input_file>
      <input_file id="fl-62">
         <path>C:\ti\ccs720\pdk_c667x_2_0_5\packages\ti\csl\lib\c6678\c66\release\</path>
         <kind>archive</kind>
         <file>ti.csl.ae66</file>
         <name>csl_edma3ChannelOpen.oe66</name>
      </input_file>
      <input_file id="fl-63">
         <path>C:\ti\ccs720\pdk_c667x_2_0_5\packages\ti\csl\lib\c6678\c66\release\</path>
         <kind>archive</kind>
         <file>ti.csl.ae66</file>
         <name>csl_edma3ChannelClose.oe66</name>
      </input_file>
      <input_file id="fl-64">
         <path>C:\ti\ccs720\pdk_c667x_2_0_5\packages\ti\csl\lib\c6678\c66\release\</path>
         <kind>archive</kind>
         <file>ti.csl.ae66</file>
         <name>csl_edma3HwChannelSetup.oe66</name>
      </input_file>
      <input_file id="fl-65">
         <path>C:\ti\ccs720\pdk_c667x_2_0_5\packages\ti\csl\lib\c6678\c66\release\</path>
         <kind>archive</kind>
         <file>ti.csl.ae66</file>
         <name>csl_edma3HwChannelControl.oe66</name>
      </input_file>
      <input_file id="fl-66">
         <path>C:\ti\ccs720\pdk_c667x_2_0_5\packages\ti\csl\lib\c6678\c66\release\</path>
         <kind>archive</kind>
         <file>ti.csl.ae66</file>
         <name>csl_edma3Param.oe66</name>
      </input_file>
      <input_file id="fl-67">
         <path>C:\ti\ccs720\pdk_c667x_2_0_5\packages\ti\csl\lib\c6678\c66\release\</path>
         <kind>archive</kind>
         <file>ti.csl.ae66</file>
         <name>csl_chip.oe66</name>
      </input_file>
      <input_file id="fl-68">
         <path>C:\ti\ccs720\pdk_c667x_2_0_5\packages\ti\csl\lib\c6678\c66\release\</path>
         <kind>archive</kind>
         <file>ti.csl.ae66</file>
         <name>csl_cpsgmii.oe66</name>
      </input_file>
      <input_file id="fl-69">
         <path>C:\ti\ccs720\pdk_c667x_2_0_5\packages\ti\csl\lib\c6678\c66\release\</path>
         <kind>archive</kind>
         <file>ti.csl.ae66</file>
         <name>csl_edma3GetBaseAddress.oe66</name>
      </input_file>
      <input_file id="fl-6a">
         <path>C:\ti\ccs720\pdk_c667x_2_0_5\packages\ti\csl\lib\c6678\c66\release\</path>
         <kind>archive</kind>
         <file>ti.csl.intc.ae66</file>
         <name>_csl_intcIntrEnDisRes.oe66</name>
      </input_file>
      <input_file id="fl-6b">
         <path>C:\ti\ccs720\pdk_c667x_2_0_5\packages\ti\csl\lib\c6678\c66\release\</path>
         <kind>archive</kind>
         <file>ti.csl.intc.ae66</file>
         <name>_csl_intcIsrDispatch.oe66</name>
      </input_file>
      <input_file id="fl-6c">
         <path>C:\ti\ccs720\pdk_c667x_2_0_5\packages\ti\csl\lib\c6678\c66\release\</path>
         <kind>archive</kind>
         <file>ti.csl.intc.ae66</file>
         <name>csl_intcInit.oe66</name>
      </input_file>
      <input_file id="fl-6d">
         <path>C:\ti\ccs720\pdk_c667x_2_0_5\packages\ti\csl\lib\c6678\c66\release\</path>
         <kind>archive</kind>
         <file>ti.csl.intc.ae66</file>
         <name>csl_intcPlugEventHandler.oe66</name>
      </input_file>
      <input_file id="fl-6e">
         <path>C:\ti\ccs720\pdk_c667x_2_0_5\packages\ti\csl\lib\c6678\c66\release\</path>
         <kind>archive</kind>
         <file>ti.csl.intc.ae66</file>
         <name>csl_intcClose.oe66</name>
      </input_file>
      <input_file id="fl-6f">
         <path>C:\ti\ccs720\pdk_c667x_2_0_5\packages\ti\csl\lib\c6678\c66\release\</path>
         <kind>archive</kind>
         <file>ti.csl.intc.ae66</file>
         <name>_csl_intcDispatcher.oe66</name>
      </input_file>
      <input_file id="fl-70">
         <path>C:\ti\ccs720\pdk_c667x_2_0_5\packages\ti\csl\lib\c6678\c66\release\</path>
         <kind>archive</kind>
         <file>ti.csl.intc.ae66</file>
         <name>csl_intcHwControl.oe66</name>
      </input_file>
      <input_file id="fl-71">
         <path>C:\ti\ccs720\pdk_c667x_2_0_5\packages\ti\csl\lib\c6678\c66\release\</path>
         <kind>archive</kind>
         <file>ti.csl.intc.ae66</file>
         <name>csl_intcOpen.oe66</name>
      </input_file>
      <input_file id="fl-72">
         <path>C:\ti\ccs720\pdk_c667x_2_0_5\packages\ti\csl\lib\c6678\c66\release\</path>
         <kind>archive</kind>
         <file>ti.csl.intc.ae66</file>
         <name>_csl_intcResource.oe66</name>
      </input_file>
      <input_file id="fl-73">
         <path>C:\ti\ccs720\pdk_c667x_2_0_5\packages\ti\csl\lib\c6678\c66\release\</path>
         <kind>archive</kind>
         <file>ti.csl.intc.ae66</file>
         <name>_csl_intcNmiDummy.oe66</name>
      </input_file>
      <input_file id="fl-74">
         <path>C:\ti\ccs720\pdk_c667x_2_0_5\packages\ti\csl\lib\c6678\c66\release\</path>
         <kind>archive</kind>
         <file>ti.csl.intc.ae66</file>
         <name>csl_intcAsmUtils.oe66</name>
      </input_file>
      <input_file id="fl-75">
         <path>C:\ti\ccs720\pdk_c667x_2_0_5\packages\ti\csl\lib\c6678\c66\release\</path>
         <kind>archive</kind>
         <file>ti.csl.intc.ae66</file>
         <name>_csl_intcCombEventDispatcher.oe66</name>
      </input_file>
      <input_file id="fl-76">
         <path>C:\ti\ccs720\pdk_c667x_2_0_5\packages\ti\csl\lib\c6678\c66\release\</path>
         <kind>archive</kind>
         <file>ti.csl.intc.ae66</file>
         <name>csl_intcHookIsr.oe66</name>
      </input_file>
      <input_file id="fl-77">
         <path>C:\ti\ccs720\ti-cgt-c6000_8.1.3\lib\</path>
         <kind>archive</kind>
         <file>rts6600_elf.lib</file>
         <name>divi.obj</name>
      </input_file>
      <input_file id="fl-78">
         <path>C:\ti\ccs720\ti-cgt-c6000_8.1.3\lib\</path>
         <kind>archive</kind>
         <file>rts6600_elf.lib</file>
         <name>remu.obj</name>
      </input_file>
      <input_file id="fl-79">
         <path>C:\ti\ccs720\ti-cgt-c6000_8.1.3\lib\</path>
         <kind>archive</kind>
         <file>rts6600_elf.lib</file>
         <name>strlen.obj</name>
      </input_file>
      <input_file id="fl-7a">
         <path>C:\ti\ccs720\ti-cgt-c6000_8.1.3\lib\</path>
         <kind>archive</kind>
         <file>rts6600_elf.lib</file>
         <name>strncpy.obj</name>
      </input_file>
      <input_file id="fl-7b">
         <path>C:\ti\ccs720\ti-cgt-c6000_8.1.3\lib\</path>
         <kind>archive</kind>
         <file>rts6600_elf.lib</file>
         <name>vsprintf.obj</name>
      </input_file>
   </input_file_list>
   <object_component_list>
      <object_component id="oc-1d9">
         <name>.gem0_data</name>
         <uninitialized>true</uninitialized>
         <run_address>0x80000000</run_address>
         <size>0x80</size>
         <input_file_ref idref="fl-3"/>
      </object_component>
      <object_component id="oc-1dc">
         <name>.gem1_data</name>
         <uninitialized>true</uninitialized>
         <run_address>0x80000080</run_address>
         <size>0x80</size>
         <input_file_ref idref="fl-3"/>
      </object_component>
      <object_component id="oc-fe">
         <name>.text</name>
         <load_address>0xc000000</load_address>
         <run_address>0xc000000</run_address>
         <size>0xf60</size>
         <input_file_ref idref="fl-3"/>
      </object_component>
      <object_component id="oc-5b6">
         <name>.text:_pproc_diouxp</name>
         <load_address>0xc000f60</load_address>
         <run_address>0xc000f60</run_address>
         <size>0x880</size>
         <input_file_ref idref="fl-30"/>
      </object_component>
      <object_component id="oc-2e6">
         <name>.text:__TI_printfi</name>
         <load_address>0xc0017e0</load_address>
         <run_address>0xc0017e0</run_address>
         <size>0x780</size>
         <input_file_ref idref="fl-30"/>
      </object_component>
      <object_component id="oc-5f6">
         <name>.text:_pconv_g</name>
         <load_address>0xc001f60</load_address>
         <run_address>0xc001f60</run_address>
         <size>0x620</size>
         <input_file_ref idref="fl-30"/>
      </object_component>
      <object_component id="oc-651">
         <name>.text:__c6xabi_divd</name>
         <load_address>0xc002580</load_address>
         <run_address>0xc002580</run_address>
         <size>0x600</size>
         <input_file_ref idref="fl-37"/>
      </object_component>
      <object_component id="oc-52c">
         <name>.text:_setfield</name>
         <load_address>0xc002b80</load_address>
         <run_address>0xc002b80</run_address>
         <size>0x5a0</size>
         <input_file_ref idref="fl-30"/>
      </object_component>
      <object_component id="oc-15e">
         <name>.text:csl_section:edma3:CSL_edma3HwChannelControl</name>
         <load_address>0xc003120</load_address>
         <run_address>0xc003120</run_address>
         <size>0x5a0</size>
         <input_file_ref idref="fl-65"/>
      </object_component>
      <object_component id="oc-602">
         <name>.text:_pconv_e</name>
         <load_address>0xc0036c0</load_address>
         <run_address>0xc0036c0</run_address>
         <size>0x500</size>
         <input_file_ref idref="fl-30"/>
      </object_component>
      <object_component id="oc-18e">
         <name>.text:csl_section:edma3:CSL_edma3HwControl</name>
         <load_address>0xc003bc0</load_address>
         <run_address>0xc003bc0</run_address>
         <size>0x4e0</size>
         <input_file_ref idref="fl-60"/>
      </object_component>
      <object_component id="oc-27a">
         <name>.text:DDR3Init</name>
         <load_address>0xc0040a0</load_address>
         <run_address>0xc0040a0</run_address>
         <size>0x440</size>
         <input_file_ref idref="fl-54"/>
      </object_component>
      <object_component id="oc-608">
         <name>.text:_pconv_a</name>
         <load_address>0xc0044e0</load_address>
         <run_address>0xc0044e0</run_address>
         <size>0x440</size>
         <input_file_ref idref="fl-30"/>
      </object_component>
      <object_component id="oc-1bd">
         <name>.text:csl_section:intc:CSL_intcHwControl</name>
         <load_address>0xc004920</load_address>
         <run_address>0xc004920</run_address>
         <size>0x400</size>
         <input_file_ref idref="fl-70"/>
      </object_component>
      <object_component id="oc-1c9">
         <name>.text:free</name>
         <load_address>0xc004d20</load_address>
         <run_address>0xc004d20</run_address>
         <size>0x3c0</size>
         <input_file_ref idref="fl-2c"/>
      </object_component>
      <object_component id="oc-66c">
         <name>.text:acvt</name>
         <load_address>0xc0050e0</load_address>
         <run_address>0xc0050e0</run_address>
         <size>0x360</size>
         <input_file_ref idref="fl-30"/>
      </object_component>
      <object_component id="oc-51f">
         <name>.text:fputs</name>
         <load_address>0xc005440</load_address>
         <run_address>0xc005440</run_address>
         <size>0x360</size>
         <input_file_ref idref="fl-39"/>
      </object_component>
      <object_component id="oc-5b0">
         <name>.text:_pproc_fgea</name>
         <load_address>0xc0057a0</load_address>
         <run_address>0xc0057a0</run_address>
         <size>0x320</size>
         <input_file_ref idref="fl-30"/>
      </object_component>
      <object_component id="oc-43a">
         <name>.text:CSL_EMIF4F_SetSDRAMConfig</name>
         <load_address>0xc005ac0</load_address>
         <run_address>0xc005ac0</run_address>
         <size>0x300</size>
         <input_file_ref idref="fl-54"/>
      </object_component>
      <object_component id="oc-1b1">
         <name>.text</name>
         <load_address>0xc005dc0</load_address>
         <run_address>0xc005dc0</run_address>
         <size>0x300</size>
         <input_file_ref idref="fl-2"/>
      </object_component>
      <object_component id="oc-194">
         <name>.text:csl_section:edma3:CSL_edma3GetHwStatus</name>
         <load_address>0xc0060c0</load_address>
         <run_address>0xc0060c0</run_address>
         <size>0x2e0</size>
         <input_file_ref idref="fl-61"/>
      </object_component>
      <object_component id="oc-65e">
         <name>.text:fcvt</name>
         <load_address>0xc0063a0</load_address>
         <run_address>0xc0063a0</run_address>
         <size>0x2e0</size>
         <input_file_ref idref="fl-30"/>
      </object_component>
      <object_component id="oc-526">
         <name>.text:_pproc_fwp</name>
         <load_address>0xc006680</load_address>
         <run_address>0xc006680</run_address>
         <size>0x2a0</size>
         <input_file_ref idref="fl-30"/>
      </object_component>
      <object_component id="oc-25c">
         <name>.text:CorePllcHwSetup</name>
         <load_address>0xc006920</load_address>
         <run_address>0xc006920</run_address>
         <size>0x280</size>
         <input_file_ref idref="fl-54"/>
      </object_component>
      <object_component id="oc-5fc">
         <name>.text:_pconv_f</name>
         <load_address>0xc006ba0</load_address>
         <run_address>0xc006ba0</run_address>
         <size>0x280</size>
         <input_file_ref idref="fl-30"/>
      </object_component>
      <object_component id="oc-4e">
         <name>.text:csl_section:intc:CSL_intcOpen</name>
         <load_address>0xc006e20</load_address>
         <run_address>0xc006e20</run_address>
         <size>0x260</size>
         <input_file_ref idref="fl-71"/>
      </object_component>
      <object_component id="oc-1ab">
         <name>.text:platform_init</name>
         <load_address>0xc007080</load_address>
         <run_address>0xc007080</run_address>
         <size>0x260</size>
         <input_file_ref idref="fl-51"/>
      </object_component>
      <object_component id="oc-673">
         <name>.text:__c6xabi_divull</name>
         <load_address>0xc0072e0</load_address>
         <run_address>0xc0072e0</run_address>
         <size>0x240</size>
         <input_file_ref idref="fl-3d"/>
      </object_component>
      <object_component id="oc-610">
         <name>.text:_ltostr</name>
         <load_address>0xc007520</load_address>
         <run_address>0xc007520</run_address>
         <size>0x240</size>
         <input_file_ref idref="fl-30"/>
      </object_component>
      <object_component id="oc-5d2">
         <name>.text:setvbuf</name>
         <load_address>0xc007760</load_address>
         <run_address>0xc007760</run_address>
         <size>0x240</size>
         <input_file_ref idref="fl-4d"/>
      </object_component>
      <object_component id="oc-268">
         <name>.text:SetPaPllConfig</name>
         <load_address>0xc0079a0</load_address>
         <run_address>0xc0079a0</run_address>
         <size>0x220</size>
         <input_file_ref idref="fl-54"/>
      </object_component>
      <object_component id="oc-65">
         <name>.text:csl_section:intc:CSL_intcEvent0Dispatcher</name>
         <load_address>0xc007bc0</load_address>
         <run_address>0xc007bc0</run_address>
         <size>0x220</size>
         <input_file_ref idref="fl-75"/>
      </object_component>
      <object_component id="oc-5f">
         <name>.text:csl_section:intc:CSL_intcEvent1Dispatcher</name>
         <load_address>0xc007de0</load_address>
         <run_address>0xc007de0</run_address>
         <size>0x220</size>
         <input_file_ref idref="fl-75"/>
      </object_component>
      <object_component id="oc-59">
         <name>.text:csl_section:intc:CSL_intcEvent2Dispatcher</name>
         <load_address>0xc008000</load_address>
         <run_address>0xc008000</run_address>
         <size>0x220</size>
         <input_file_ref idref="fl-75"/>
      </object_component>
      <object_component id="oc-4d">
         <name>.text:csl_section:intc:CSL_intcEvent3Dispatcher</name>
         <load_address>0xc008220</load_address>
         <run_address>0xc008220</run_address>
         <size>0x220</size>
         <input_file_ref idref="fl-75"/>
      </object_component>
      <object_component id="oc-518">
         <name>.text:fputc</name>
         <load_address>0xc008440</load_address>
         <run_address>0xc008440</run_address>
         <size>0x220</size>
         <input_file_ref idref="fl-38"/>
      </object_component>
      <object_component id="oc-679">
         <name>.text:__c6xabi_divul</name>
         <load_address>0xc008660</load_address>
         <run_address>0xc008660</run_address>
         <size>0x1c0</size>
         <input_file_ref idref="fl-3c"/>
      </object_component>
      <object_component id="oc-41">
         <name>.text:csl_section:intc:CSL_intcDispatcher</name>
         <load_address>0xc008820</load_address>
         <run_address>0xc008820</run_address>
         <size>0x1c0</size>
         <input_file_ref idref="fl-6f"/>
      </object_component>
      <object_component id="oc-6ba">
         <name>.text:HOSTrename</name>
         <load_address>0xc0089e0</load_address>
         <run_address>0xc0089e0</run_address>
         <size>0x1a0</size>
         <input_file_ref idref="fl-47"/>
      </object_component>
      <object_component id="oc-26e">
         <name>.text:SetDDR3PllConfig</name>
         <load_address>0xc008b80</load_address>
         <run_address>0xc008b80</run_address>
         <size>0x1a0</size>
         <input_file_ref idref="fl-54"/>
      </object_component>
      <object_component id="oc-666">
         <name>.text:frexp</name>
         <load_address>0xc008d20</load_address>
         <run_address>0xc008d20</run_address>
         <size>0x1a0</size>
         <input_file_ref idref="fl-3b"/>
      </object_component>
      <object_component id="oc-743">
         <name>.text:getdevice</name>
         <load_address>0xc008ec0</load_address>
         <run_address>0xc008ec0</run_address>
         <size>0x1a0</size>
         <input_file_ref idref="fl-42"/>
      </object_component>
      <object_component id="oc-42">
         <name>.text:csl_section:intc:CSL_intcInit</name>
         <load_address>0xc009060</load_address>
         <run_address>0xc009060</run_address>
         <size>0x180</size>
         <input_file_ref idref="fl-6c"/>
      </object_component>
      <object_component id="oc-1c3">
         <name>.text:malloc</name>
         <load_address>0xc0091e0</load_address>
         <run_address>0xc0091e0</run_address>
         <size>0x180</size>
         <input_file_ref idref="fl-2c"/>
      </object_component>
      <object_component id="oc-3ca">
         <name>.text:prog_pll1_values</name>
         <load_address>0xc009360</load_address>
         <run_address>0xc009360</run_address>
         <size>0x160</size>
         <input_file_ref idref="fl-54"/>
      </object_component>
      <object_component id="oc-434">
         <name>.text:CSL_EMIF4F_GetSDRAMConfig</name>
         <load_address>0xc0094c0</load_address>
         <run_address>0xc0094c0</run_address>
         <size>0x140</size>
         <input_file_ref idref="fl-54"/>
      </object_component>
      <object_component id="oc-416">
         <name>.text:CSL_EMIF4F_SetTiming1Config</name>
         <load_address>0xc009600</load_address>
         <run_address>0xc009600</run_address>
         <size>0x140</size>
         <input_file_ref idref="fl-54"/>
      </object_component>
      <object_component id="oc-68d">
         <name>.text:__TI_closefile</name>
         <load_address>0xc009740</load_address>
         <run_address>0xc009740</run_address>
         <size>0x140</size>
         <input_file_ref idref="fl-4f"/>
      </object_component>
      <object_component id="oc-9c">
         <name>.text:_auto_init_elf</name>
         <load_address>0xc009880</load_address>
         <run_address>0xc009880</run_address>
         <size>0x140</size>
         <input_file_ref idref="fl-33"/>
      </object_component>
      <object_component id="oc-b6">
         <name>.text:csl_section:intc</name>
         <load_address>0xc0099c0</load_address>
         <run_address>0xc0099c0</run_address>
         <size>0x140</size>
         <input_file_ref idref="fl-6a"/>
      </object_component>
      <object_component id="oc-6e6">
         <name>.text:ldexp</name>
         <load_address>0xc009b00</load_address>
         <run_address>0xc009b00</run_address>
         <size>0x140</size>
         <input_file_ref idref="fl-3f"/>
      </object_component>
      <object_component id="oc-280">
         <name>.text:platform_memory_test</name>
         <load_address>0xc009c40</load_address>
         <run_address>0xc009c40</run_address>
         <size>0x140</size>
         <input_file_ref idref="fl-51"/>
      </object_component>
      <object_component id="oc-428">
         <name>.text:CSL_EMIF4F_SetOutputImpedanceConfig</name>
         <load_address>0xc009d80</load_address>
         <run_address>0xc009d80</run_address>
         <size>0x120</size>
         <input_file_ref idref="fl-54"/>
      </object_component>
      <object_component id="oc-41c">
         <name>.text:CSL_EMIF4F_SetTiming2Config</name>
         <load_address>0xc009ea0</load_address>
         <run_address>0xc009ea0</run_address>
         <size>0x120</size>
         <input_file_ref idref="fl-54"/>
      </object_component>
      <object_component id="oc-422">
         <name>.text:CSL_EMIF4F_SetTiming3Config</name>
         <load_address>0xc009fc0</load_address>
         <run_address>0xc009fc0</run_address>
         <size>0x120</size>
         <input_file_ref idref="fl-54"/>
      </object_component>
      <object_component id="oc-3e0">
         <name>.text:CSL_XMC_setXMPAXL</name>
         <load_address>0xc00a0e0</load_address>
         <run_address>0xc00a0e0</run_address>
         <size>0x120</size>
         <input_file_ref idref="fl-54"/>
      </object_component>
      <object_component id="oc-158">
         <name>.text:CSL_chipReadReg</name>
         <load_address>0xc00a200</load_address>
         <run_address>0xc00a200</run_address>
         <size>0x120</size>
         <input_file_ref idref="fl-67"/>
      </object_component>
      <object_component id="oc-2b0">
         <name>.text:Init_SGMII</name>
         <load_address>0xc00a320</load_address>
         <run_address>0xc00a320</run_address>
         <size>0x120</size>
         <input_file_ref idref="fl-55"/>
      </object_component>
      <object_component id="oc-170">
         <name>.text:csl_section:edma3:CSL_edma3ChannelOpen</name>
         <load_address>0xc00a440</load_address>
         <run_address>0xc00a440</run_address>
         <size>0x120</size>
         <input_file_ref idref="fl-62"/>
      </object_component>
      <object_component id="oc-5cc">
         <name>.text:fseek</name>
         <load_address>0xc00a560</load_address>
         <run_address>0xc00a560</run_address>
         <size>0x120</size>
         <input_file_ref idref="fl-4c"/>
      </object_component>
      <object_component id="oc-262">
         <name>.text:CorePllcGetHwSetup</name>
         <load_address>0xc00a680</load_address>
         <run_address>0xc00a680</run_address>
         <size>0x100</size>
         <input_file_ref idref="fl-54"/>
      </object_component>
      <object_component id="oc-6ae">
         <name>.text:HOSTlseek</name>
         <load_address>0xc00a780</load_address>
         <run_address>0xc00a780</run_address>
         <size>0x100</size>
         <input_file_ref idref="fl-47"/>
      </object_component>
      <object_component id="oc-77">
         <name>.text:__TI_decompress_rle_core</name>
         <load_address>0xc00a880</load_address>
         <run_address>0xc00a880</run_address>
         <size>0x100</size>
         <input_file_ref idref="fl-27"/>
      </object_component>
      <object_component id="oc-593">
         <name>.text:__TI_wrt_ok</name>
         <load_address>0xc00a980</load_address>
         <run_address>0xc00a980</run_address>
         <size>0x100</size>
         <input_file_ref idref="fl-49"/>
      </object_component>
      <object_component id="oc-5a9">
         <name>.text:atoi</name>
         <load_address>0xc00aa80</load_address>
         <run_address>0xc00aa80</run_address>
         <size>0x100</size>
         <input_file_ref idref="fl-32"/>
      </object_component>
      <object_component id="oc-111">
         <name>.text:copy_in</name>
         <load_address>0xc00ab80</load_address>
         <run_address>0xc00ab80</run_address>
         <size>0x100</size>
         <input_file_ref idref="fl-34"/>
      </object_component>
      <object_component id="oc-235">
         <name>.text:csl_section:edma:CSL_edma3ccGetModuleBaseAddr</name>
         <load_address>0xc00ac80</load_address>
         <run_address>0xc00ac80</run_address>
         <size>0x100</size>
         <input_file_ref idref="fl-69"/>
      </object_component>
      <object_component id="oc-2c3">
         <name>.text:csl_section:intc:CSL_intcPlugEventHandler</name>
         <load_address>0xc00ad80</load_address>
         <run_address>0xc00ad80</run_address>
         <size>0x100</size>
         <input_file_ref idref="fl-6d"/>
      </object_component>
      <object_component id="oc-42e">
         <name>.text:CSL_EMIF4F_SetPowerMgmtConfig</name>
         <load_address>0xc00ae80</load_address>
         <run_address>0xc00ae80</run_address>
         <size>0xe0</size>
         <input_file_ref idref="fl-54"/>
      </object_component>
      <object_component id="oc-696">
         <name>.text:HOSTopen</name>
         <load_address>0xc00af60</load_address>
         <run_address>0xc00af60</run_address>
         <size>0xe0</size>
         <input_file_ref idref="fl-47"/>
      </object_component>
      <object_component id="oc-6a8">
         <name>.text:HOSTwrite</name>
         <load_address>0xc00b040</load_address>
         <run_address>0xc00b040</run_address>
         <size>0xe0</size>
         <input_file_ref idref="fl-47"/>
      </object_component>
      <object_component id="oc-3d3">
         <name>.text:__divi</name>
         <load_address>0xc00b120</load_address>
         <run_address>0xc00b120</run_address>
         <size>0xe0</size>
         <input_file_ref idref="fl-77"/>
      </object_component>
      <object_component id="oc-6ff">
         <name>.text:close</name>
         <load_address>0xc00b200</load_address>
         <run_address>0xc00b200</run_address>
         <size>0xe0</size>
         <input_file_ref idref="fl-42"/>
      </object_component>
      <object_component id="oc-657">
         <name>.text:ltoa</name>
         <load_address>0xc00b2e0</load_address>
         <run_address>0xc00b2e0</run_address>
         <size>0xe0</size>
         <input_file_ref idref="fl-43"/>
      </object_component>
      <object_component id="oc-84">
         <name>.text:memset</name>
         <load_address>0xc00b3c0</load_address>
         <run_address>0xc00b3c0</run_address>
         <size>0xe0</size>
         <input_file_ref idref="fl-2d"/>
      </object_component>
      <object_component id="oc-1b7">
         <name>.text:printf</name>
         <load_address>0xc00b4a0</load_address>
         <run_address>0xc00b4a0</run_address>
         <size>0xe0</size>
         <input_file_ref idref="fl-2e"/>
      </object_component>
      <object_component id="oc-4b9">
         <name>.text:CSL_SGMII_setAdvAbility</name>
         <load_address>0xc00b580</load_address>
         <run_address>0xc00b580</run_address>
         <size>0xc0</size>
         <input_file_ref idref="fl-55"/>
      </object_component>
      <object_component id="oc-6a2">
         <name>.text:HOSTread</name>
         <load_address>0xc00b640</load_address>
         <run_address>0xc00b640</run_address>
         <size>0xc0</size>
         <input_file_ref idref="fl-47"/>
      </object_component>
      <object_component id="oc-6b4">
         <name>.text:HOSTunlink</name>
         <load_address>0xc00b700</load_address>
         <run_address>0xc00b700</run_address>
         <size>0xc0</size>
         <input_file_ref idref="fl-47"/>
      </object_component>
      <object_component id="oc-59f">
         <name>.text:__TI_doflush</name>
         <load_address>0xc00b7c0</load_address>
         <run_address>0xc00b7c0</run_address>
         <size>0xc0</size>
         <input_file_ref idref="fl-4b"/>
      </object_component>
      <object_component id="oc-1a6">
         <name>.text:__divu</name>
         <load_address>0xc00b880</load_address>
         <run_address>0xc00b880</run_address>
         <size>0xc0</size>
         <input_file_ref idref="fl-29"/>
      </object_component>
      <object_component id="oc-188">
         <name>.text:csl_section:edma3:CSL_edma3HwChannelSetupQue</name>
         <load_address>0xc00b940</load_address>
         <run_address>0xc00b940</run_address>
         <size>0xc0</size>
         <input_file_ref idref="fl-64"/>
      </object_component>
      <object_component id="oc-16a">
         <name>.text:csl_section:edma3:CSL_edma3Open</name>
         <load_address>0xc00ba00</load_address>
         <run_address>0xc00ba00</run_address>
         <size>0xc0</size>
         <input_file_ref idref="fl-5e"/>
      </object_component>
      <object_component id="oc-2c9">
         <name>.text:csl_section:intc:CSL_intcClose</name>
         <load_address>0xc00bac0</load_address>
         <run_address>0xc00bac0</run_address>
         <size>0xc0</size>
         <input_file_ref idref="fl-6e"/>
      </object_component>
      <object_component id="oc-96">
         <name>.text:exit</name>
         <load_address>0xc00bb80</load_address>
         <run_address>0xc00bb80</run_address>
         <size>0xc0</size>
         <input_file_ref idref="fl-2a"/>
      </object_component>
      <object_component id="oc-300">
         <name>.text:minsert</name>
         <load_address>0xc00bc40</load_address>
         <run_address>0xc00bc40</run_address>
         <size>0xc0</size>
         <input_file_ref idref="fl-2c"/>
      </object_component>
      <object_component id="oc-2fa">
         <name>.text:mremove</name>
         <load_address>0xc00bd00</load_address>
         <run_address>0xc00bd00</run_address>
         <size>0xc0</size>
         <input_file_ref idref="fl-2c"/>
      </object_component>
      <object_component id="oc-117">
         <name>.text:tls:init:__TI_tls_init</name>
         <load_address>0xc00bdc0</load_address>
         <run_address>0xc00bdc0</run_address>
         <size>0xc0</size>
         <input_file_ref idref="fl-45"/>
      </object_component>
      <object_component id="oc-446">
         <name>.text:CSL_EMIF4F_SetLevelingControlInfo</name>
         <load_address>0xc00be80</load_address>
         <run_address>0xc00be80</run_address>
         <size>0xa0</size>
         <input_file_ref idref="fl-54"/>
      </object_component>
      <object_component id="oc-440">
         <name>.text:CSL_EMIF4F_SetLevelingRampControlInfo</name>
         <load_address>0xc00bf20</load_address>
         <run_address>0xc00bf20</run_address>
         <size>0xa0</size>
         <input_file_ref idref="fl-54"/>
      </object_component>
      <object_component id="oc-489">
         <name>.text:CSL_SGMII_getStatus</name>
         <load_address>0xc00bfc0</load_address>
         <run_address>0xc00bfc0</run_address>
         <size>0xa0</size>
         <input_file_ref idref="fl-55"/>
      </object_component>
      <object_component id="oc-69c">
         <name>.text:HOSTclose</name>
         <load_address>0xc00c060</load_address>
         <run_address>0xc00c060</run_address>
         <size>0xa0</size>
         <input_file_ref idref="fl-47"/>
      </object_component>
      <object_component id="oc-28c">
         <name>.text:PowerUpDomains</name>
         <load_address>0xc00c100</load_address>
         <run_address>0xc00c100</run_address>
         <size>0xa0</size>
         <input_file_ref idref="fl-54"/>
      </object_component>
      <object_component id="oc-628">
         <name>.text:__TI_cleanup</name>
         <load_address>0xc00c1a0</load_address>
         <run_address>0xc00c1a0</run_address>
         <size>0xa0</size>
         <input_file_ref idref="fl-4e"/>
      </object_component>
      <object_component id="oc-2f4">
         <name>.text:_minit</name>
         <load_address>0xc00c240</load_address>
         <run_address>0xc00c240</run_address>
         <size>0xa0</size>
         <input_file_ref idref="fl-2c"/>
      </object_component>
      <object_component id="oc-2aa">
         <name>.text:configSerdes</name>
         <load_address>0xc00c2e0</load_address>
         <run_address>0xc00c2e0</run_address>
         <size>0xa0</size>
         <input_file_ref idref="fl-55"/>
      </object_component>
      <object_component id="oc-176">
         <name>.text:csl_section:edma3:CSL_edma3HwChannelSetupParam</name>
         <load_address>0xc00c380</load_address>
         <run_address>0xc00c380</run_address>
         <size>0xa0</size>
         <input_file_ref idref="fl-64"/>
      </object_component>
      <object_component id="oc-182">
         <name>.text:csl_section:edma3:CSL_edma3ParamSetup</name>
         <load_address>0xc00c420</load_address>
         <run_address>0xc00c420</run_address>
         <size>0xa0</size>
         <input_file_ref idref="fl-66"/>
      </object_component>
      <object_component id="oc-6b">
         <name>.text:memcpy</name>
         <load_address>0xc00c4c0</load_address>
         <run_address>0xc00c4c0</run_address>
         <size>0xa0</size>
         <input_file_ref idref="fl-2b"/>
      </object_component>
      <object_component id="oc-717">
         <name>.text:__TI_readmsg</name>
         <load_address>0xc00c560</load_address>
         <run_address>0xc00c560</run_address>
         <size>0x80</size>
         <input_file_ref idref="fl-48"/>
      </object_component>
      <object_component id="oc-711">
         <name>.text:__TI_writemsg</name>
         <load_address>0xc00c5e0</load_address>
         <run_address>0xc00c5e0</run_address>
         <size>0x80</size>
         <input_file_ref idref="fl-48"/>
      </object_component>
      <object_component id="oc-6ed">
         <name>.text:__c6xabi_llshl</name>
         <load_address>0xc00c660</load_address>
         <run_address>0xc00c660</run_address>
         <size>0x80</size>
         <input_file_ref idref="fl-41"/>
      </object_component>
      <object_component id="oc-17c">
         <name>.text:csl_section:edma3:CSL_edma3GetParamHandle</name>
         <load_address>0xc00c6e0</load_address>
         <run_address>0xc00c6e0</run_address>
         <size>0x80</size>
         <input_file_ref idref="fl-66"/>
      </object_component>
      <object_component id="oc-705">
         <name>.text:unlink</name>
         <load_address>0xc00c760</load_address>
         <run_address>0xc00c760</run_address>
         <size>0x80</size>
         <input_file_ref idref="fl-42"/>
      </object_component>
      <object_component id="oc-47d">
         <name>.text:CSL_BootCfgSetSGMIIRxConfig</name>
         <load_address>0xc00c7e0</load_address>
         <run_address>0xc00c7e0</run_address>
         <size>0x60</size>
         <input_file_ref idref="fl-55"/>
      </object_component>
      <object_component id="oc-483">
         <name>.text:CSL_BootCfgSetSGMIITxConfig</name>
         <load_address>0xc00c840</load_address>
         <run_address>0xc00c840</run_address>
         <size>0x60</size>
         <input_file_ref idref="fl-55"/>
      </object_component>
      <object_component id="oc-2bd">
         <name>.text:CSL_CPINTC_open</name>
         <load_address>0xc00c8a0</load_address>
         <run_address>0xc00c8a0</run_address>
         <size>0x60</size>
         <input_file_ref idref="fl-5b"/>
      </object_component>
      <object_component id="oc-404">
         <name>.text:CSL_EMIF4F_SetPhyControl</name>
         <load_address>0xc00c900</load_address>
         <run_address>0xc00c900</run_address>
         <size>0x60</size>
         <input_file_ref idref="fl-54"/>
      </object_component>
      <object_component id="oc-45a">
         <name>.text:CSL_PSC_setModuleNextState</name>
         <load_address>0xc00c960</load_address>
         <run_address>0xc00c960</run_address>
         <size>0x60</size>
         <input_file_ref idref="fl-54"/>
      </object_component>
      <object_component id="oc-2a4">
         <name>.text:MSMC_enableEDC</name>
         <load_address>0xc00c9c0</load_address>
         <run_address>0xc00c9c0</run_address>
         <size>0x60</size>
         <input_file_ref idref="fl-51"/>
      </object_component>
      <object_component id="oc-6ca">
         <name>.text:__TI_frcmpyd_div</name>
         <load_address>0xc00ca20</load_address>
         <run_address>0xc00ca20</run_address>
         <size>0x60</size>
         <input_file_ref idref="fl-3a"/>
      </object_component>
      <object_component id="oc-6c4">
         <name>.text:__c6xabi_llshru</name>
         <load_address>0xc00ca80</load_address>
         <run_address>0xc00ca80</run_address>
         <size>0x60</size>
         <input_file_ref idref="fl-41"/>
      </object_component>
      <object_component id="oc-30">
         <name>.text:_c_int00</name>
         <load_address>0xc00cae0</load_address>
         <run_address>0xc00cae0</run_address>
         <size>0x60</size>
         <input_file_ref idref="fl-25"/>
      </object_component>
      <object_component id="oc-620">
         <name>.text:lseek</name>
         <load_address>0xc00cb40</load_address>
         <run_address>0xc00cb40</run_address>
         <size>0x60</size>
         <input_file_ref idref="fl-42"/>
      </object_component>
      <object_component id="oc-5bc">
         <name>.text:memccpy</name>
         <load_address>0xc00cba0</load_address>
         <run_address>0xc00cba0</run_address>
         <size>0x60</size>
         <input_file_ref idref="fl-44"/>
      </object_component>
      <object_component id="oc-3ec">
         <name>.text:platform_delaycycles</name>
         <load_address>0xc00cc00</load_address>
         <run_address>0xc00cc00</run_address>
         <size>0x60</size>
         <input_file_ref idref="fl-51"/>
      </object_component>
      <object_component id="oc-286">
         <name>.text:platform_get_frequency</name>
         <load_address>0xc00cc60</load_address>
         <run_address>0xc00cc60</run_address>
         <size>0x60</size>
         <input_file_ref idref="fl-51"/>
      </object_component>
      <object_component id="oc-599">
         <name>.text:write</name>
         <load_address>0xc00ccc0</load_address>
         <run_address>0xc00ccc0</run_address>
         <size>0x60</size>
         <input_file_ref idref="fl-42"/>
      </object_component>
      <object_component id="oc-274">
         <name>.text:xmc_setup</name>
         <load_address>0xc00cd20</load_address>
         <run_address>0xc00cd20</run_address>
         <size>0x60</size>
         <input_file_ref idref="fl-54"/>
      </object_component>
      <object_component id="oc-3f2">
         <name>.text:CSL_BootCfgGetDDRConfig</name>
         <load_address>0xc00cd80</load_address>
         <run_address>0xc00cd80</run_address>
         <size>0x40</size>
         <input_file_ref idref="fl-54"/>
      </object_component>
      <object_component id="oc-3f8">
         <name>.text:CSL_BootCfgSetDDRConfig</name>
         <load_address>0xc00cdc0</load_address>
         <run_address>0xc00cdc0</run_address>
         <size>0x40</size>
         <input_file_ref idref="fl-54"/>
      </object_component>
      <object_component id="oc-477">
         <name>.text:CSL_BootCfgSetSGMIIConfigPLL</name>
         <load_address>0xc00ce00</load_address>
         <run_address>0xc00ce00</run_address>
         <size>0x40</size>
         <input_file_ref idref="fl-55"/>
      </object_component>
      <object_component id="oc-3be">
         <name>.text:CSL_BootCfgUnlockKicker</name>
         <load_address>0xc00ce40</load_address>
         <run_address>0xc00ce40</run_address>
         <size>0x40</size>
         <input_file_ref idref="fl-54"/>
      </object_component>
      <object_component id="oc-471">
         <name>.text:CSL_BootCfgUnlockKicker</name>
         <load_address>0xc00ce80</load_address>
         <run_address>0xc00ce80</run_address>
         <size>0x40</size>
         <input_file_ref idref="fl-55"/>
      </object_component>
      <object_component id="oc-40a">
         <name>.text:CSL_EMIF4F_EnableInitRefresh</name>
         <load_address>0xc00cec0</load_address>
         <run_address>0xc00cec0</run_address>
         <size>0x40</size>
         <input_file_ref idref="fl-54"/>
      </object_component>
      <object_component id="oc-3fe">
         <name>.text:CSL_EMIF4F_GetPhyControl</name>
         <load_address>0xc00cf00</load_address>
         <run_address>0xc00cf00</run_address>
         <size>0x40</size>
         <input_file_ref idref="fl-54"/>
      </object_component>
      <object_component id="oc-410">
         <name>.text:CSL_EMIF4F_SetRefreshRate</name>
         <load_address>0xc00cf40</load_address>
         <run_address>0xc00cf40</run_address>
         <size>0x40</size>
         <input_file_ref idref="fl-54"/>
      </object_component>
      <object_component id="oc-454">
         <name>.text:CSL_PSC_enablePowerDomain</name>
         <load_address>0xc00cf80</load_address>
         <run_address>0xc00cf80</run_address>
         <size>0x40</size>
         <input_file_ref idref="fl-54"/>
      </object_component>
      <object_component id="oc-466">
         <name>.text:CSL_PSC_isStateTransitionDone</name>
         <load_address>0xc00cfc0</load_address>
         <run_address>0xc00cfc0</run_address>
         <size>0x40</size>
         <input_file_ref idref="fl-54"/>
      </object_component>
      <object_component id="oc-460">
         <name>.text:CSL_PSC_startStateTransition</name>
         <load_address>0xc00d000</load_address>
         <run_address>0xc00d000</run_address>
         <size>0x40</size>
         <input_file_ref idref="fl-54"/>
      </object_component>
      <object_component id="oc-4a7">
         <name>.text:CSL_SGMII_disableMasterMode</name>
         <load_address>0xc00d040</load_address>
         <run_address>0xc00d040</run_address>
         <size>0x40</size>
         <input_file_ref idref="fl-55"/>
      </object_component>
      <object_component id="oc-495">
         <name>.text:CSL_SGMII_doSoftReset</name>
         <load_address>0xc00d080</load_address>
         <run_address>0xc00d080</run_address>
         <size>0x40</size>
         <input_file_ref idref="fl-55"/>
      </object_component>
      <object_component id="oc-4ad">
         <name>.text:CSL_SGMII_enableAutoNegotiation</name>
         <load_address>0xc00d0c0</load_address>
         <run_address>0xc00d0c0</run_address>
         <size>0x40</size>
         <input_file_ref idref="fl-55"/>
      </object_component>
      <object_component id="oc-4b3">
         <name>.text:CSL_SGMII_endRxTxSoftReset</name>
         <load_address>0xc00d100</load_address>
         <run_address>0xc00d100</run_address>
         <size>0x40</size>
         <input_file_ref idref="fl-55"/>
      </object_component>
      <object_component id="oc-49b">
         <name>.text:CSL_SGMII_getSoftResetStatus</name>
         <load_address>0xc00d140</load_address>
         <run_address>0xc00d140</run_address>
         <size>0x40</size>
         <input_file_ref idref="fl-55"/>
      </object_component>
      <object_component id="oc-4a1">
         <name>.text:CSL_SGMII_startRxTxSoftReset</name>
         <load_address>0xc00d180</load_address>
         <run_address>0xc00d180</run_address>
         <size>0x40</size>
         <input_file_ref idref="fl-55"/>
      </object_component>
      <object_component id="oc-3da">
         <name>.text:CSL_XMC_setXMPAXH</name>
         <load_address>0xc00d1c0</load_address>
         <run_address>0xc00d1c0</run_address>
         <size>0x40</size>
         <input_file_ref idref="fl-54"/>
      </object_component>
      <object_component id="oc-256">
         <name>.text:CSL_chipWriteTSCL</name>
         <load_address>0xc00d200</load_address>
         <run_address>0xc00d200</run_address>
         <size>0x40</size>
         <input_file_ref idref="fl-51"/>
      </object_component>
      <object_component id="oc-5f0">
         <name>.text:__c6xabi_isinf</name>
         <load_address>0xc00d240</load_address>
         <run_address>0xc00d240</run_address>
         <size>0x40</size>
         <input_file_ref idref="fl-3e"/>
      </object_component>
      <object_component id="oc-5ea">
         <name>.text:__c6xabi_isnan</name>
         <load_address>0xc00d280</load_address>
         <run_address>0xc00d280</run_address>
         <size>0x40</size>
         <input_file_ref idref="fl-30"/>
      </object_component>
      <object_component id="oc-90">
         <name>.text:_args_main</name>
         <load_address>0xc00d2c0</load_address>
         <run_address>0xc00d2c0</run_address>
         <size>0x40</size>
         <input_file_ref idref="fl-31"/>
      </object_component>
      <object_component id="oc-6f3">
         <name>.text:_subcull</name>
         <load_address>0xc00d300</load_address>
         <run_address>0xc00d300</run_address>
         <size>0x40</size>
         <input_file_ref idref="fl-3d"/>
      </object_component>
      <object_component id="oc-19a">
         <name>.text:csl_section:edma3:CSL_edma3ChannelClose</name>
         <load_address>0xc00d340</load_address>
         <run_address>0xc00d340</run_address>
         <size>0x40</size>
         <input_file_ref idref="fl-63"/>
      </object_component>
      <object_component id="oc-292">
         <name>.text:enableL1PEDC</name>
         <load_address>0xc00d380</load_address>
         <run_address>0xc00d380</run_address>
         <size>0x40</size>
         <input_file_ref idref="fl-51"/>
      </object_component>
      <object_component id="oc-29e">
         <name>.text:enableL2EDC</name>
         <load_address>0xc00d3c0</load_address>
         <run_address>0xc00d3c0</run_address>
         <size>0x40</size>
         <input_file_ref idref="fl-51"/>
      </object_component>
      <object_component id="oc-3c4">
         <name>.text:pll_delay</name>
         <load_address>0xc00d400</load_address>
         <run_address>0xc00d400</run_address>
         <size>0x40</size>
         <input_file_ref idref="fl-54"/>
      </object_component>
      <object_component id="oc-152">
         <name>.text:CSL_GPIO_open</name>
         <load_address>0xc00d440</load_address>
         <run_address>0xc00d440</run_address>
         <size>0x20</size>
         <input_file_ref idref="fl-5c"/>
      </object_component>
      <object_component id="oc-55b">
         <name>.text:CSL_chipReadTSCL</name>
         <load_address>0xc00d460</load_address>
         <run_address>0xc00d460</run_address>
         <size>0x20</size>
         <input_file_ref idref="fl-51"/>
      </object_component>
      <object_component id="oc-6de">
         <name>.text:__c6xabi_errno_addr</name>
         <load_address>0xc00d480</load_address>
         <run_address>0xc00d480</run_address>
         <size>0x20</size>
         <input_file_ref idref="fl-4a"/>
      </object_component>
      <object_component id="oc-509">
         <name>.text:_nop</name>
         <load_address>0xc00d4a0</load_address>
         <run_address>0xc00d4a0</run_address>
         <size>0x20</size>
         <input_file_ref idref="fl-2f"/>
      </object_component>
      <object_component id="oc-2da">
         <name>.text:_outc</name>
         <load_address>0xc00d4c0</load_address>
         <run_address>0xc00d4c0</run_address>
         <size>0x20</size>
         <input_file_ref idref="fl-2e"/>
      </object_component>
      <object_component id="oc-2e0">
         <name>.text:_outs</name>
         <load_address>0xc00d4e0</load_address>
         <run_address>0xc00d4e0</run_address>
         <size>0x20</size>
         <input_file_ref idref="fl-2e"/>
      </object_component>
      <object_component id="oc-109">
         <name>.text:abort</name>
         <load_address>0xc00d500</load_address>
         <run_address>0xc00d500</run_address>
         <size>0x20</size>
         <input_file_ref idref="fl-2a"/>
      </object_component>
      <object_component id="oc-1a0">
         <name>.text:csl_section:edma3:CSL_edma3Close</name>
         <load_address>0xc00d520</load_address>
         <run_address>0xc00d520</run_address>
         <size>0x20</size>
         <input_file_ref idref="fl-5f"/>
      </object_component>
      <object_component id="oc-164">
         <name>.text:csl_section:edma3:CSL_edma3Init</name>
         <load_address>0xc00d540</load_address>
         <run_address>0xc00d540</run_address>
         <size>0x20</size>
         <input_file_ref idref="fl-5d"/>
      </object_component>
      <object_component id="oc-d3">
         <name>.text:csl_section:intc:CSL_intcHookIsr</name>
         <load_address>0xc00d560</load_address>
         <run_address>0xc00d560</run_address>
         <size>0x20</size>
         <input_file_ref idref="fl-76"/>
      </object_component>
      <object_component id="oc-c1">
         <name>.text:csl_section:intc</name>
         <load_address>0xc00d580</load_address>
         <run_address>0xc00d580</run_address>
         <size>0x20</size>
         <input_file_ref idref="fl-73"/>
      </object_component>
      <object_component id="oc-2a">
         <name>.text:decompress:ZI:__TI_zero_init</name>
         <load_address>0xc00d5a0</load_address>
         <run_address>0xc00d5a0</run_address>
         <size>0x20</size>
         <input_file_ref idref="fl-28"/>
      </object_component>
      <object_component id="oc-1e">
         <name>.text:decompress:none:__TI_decompress_none</name>
         <load_address>0xc00d5c0</load_address>
         <run_address>0xc00d5c0</run_address>
         <size>0x20</size>
         <input_file_ref idref="fl-26"/>
      </object_component>
      <object_component id="oc-24">
         <name>.text:decompress:rle24:__TI_decompress_rle24</name>
         <load_address>0xc00d5e0</load_address>
         <run_address>0xc00d5e0</run_address>
         <size>0x20</size>
         <input_file_ref idref="fl-27"/>
      </object_component>
      <object_component id="oc-b0">
         <name>.text:dint</name>
         <load_address>0xc00d600</load_address>
         <run_address>0xc00d600</run_address>
         <size>0x20</size>
         <input_file_ref idref="fl-74"/>
      </object_component>
      <object_component id="oc-298">
         <name>.text:enableEDCL2EDCEN</name>
         <load_address>0xc00d620</load_address>
         <run_address>0xc00d620</run_address>
         <size>0x20</size>
         <input_file_ref idref="fl-51"/>
      </object_component>
      <object_component id="oc-bb">
         <name>.text:rint</name>
         <load_address>0xc00d640</load_address>
         <run_address>0xc00d640</run_address>
         <size>0x20</size>
         <input_file_ref idref="fl-74"/>
      </object_component>
      <object_component id="oc-3b">
         <name>.stack</name>
         <uninitialized>true</uninitialized>
         <run_address>0xc015660</run_address>
         <size>0x8</size>
         <input_file_ref idref="fl-25"/>
      </object_component>
      <object_component id="oc-79b">
         <name>.stack</name>
         <uninitialized>true</uninitialized>
         <run_address>0xc015660</run_address>
         <size>0x0</size>
      </object_component>
      <object_component id="oc-ad">
         <name>.bss:csl_section:intc:init</name>
         <load_address>0xc017b50</load_address>
         <run_address>0xc017b50</run_address>
         <size>0x8</size>
         <input_file_ref idref="fl-72"/>
      </object_component>
      <object_component id="oc-a3">
         <name>.bss:csl_section:intc:uninit</name>
         <load_address>0xc017b04</load_address>
         <run_address>0xc017b04</run_address>
         <size>0x4c</size>
         <input_file_ref idref="fl-72"/>
      </object_component>
      <object_component id="oc-1d5">
         <name>.common:EdmaStat</name>
         <load_address>0xc017b58</load_address>
         <run_address>0xc017b58</run_address>
         <size>0x2</size>
      </object_component>
      <object_component id="oc-74e">
         <name>.cio</name>
         <uninitialized>true</uninitialized>
         <run_address>0xc0180e0</run_address>
         <size>0x120</size>
         <input_file_ref idref="fl-48"/>
      </object_component>
      <object_component id="oc-5e5">
         <name>.const:.string:_ctypes_</name>
         <load_address>0xc017990</load_address>
         <run_address>0xc017990</run_address>
         <size>0x101</size>
         <input_file_ref idref="fl-35"/>
      </object_component>
      <object_component id="oc-2cf">
         <name>.const:.string</name>
         <load_address>0xc017a94</load_address>
         <run_address>0xc017a94</run_address>
         <size>0x28</size>
         <input_file_ref idref="fl-2"/>
      </object_component>
      <object_component id="oc-1e2">
         <name>.const:.string</name>
         <load_address>0xc017abc</load_address>
         <run_address>0xc017abc</run_address>
         <size>0x24</size>
         <input_file_ref idref="fl-3"/>
      </object_component>
      <object_component id="oc-5c2">
         <name>.const:.string</name>
         <load_address>0xc017ae0</load_address>
         <run_address>0xc017ae0</run_address>
         <size>0x24</size>
         <input_file_ref idref="fl-30"/>
      </object_component>
      <object_component id="oc-229">
         <name>.switch:CSL_chipReadReg</name>
         <load_address>0xc017e20</load_address>
         <run_address>0xc017e20</run_address>
         <size>0x80</size>
         <input_file_ref idref="fl-67"/>
      </object_component>
      <object_component id="oc-245">
         <name>.switch:CSL_edma3HwControl</name>
         <load_address>0xc017ea0</load_address>
         <run_address>0xc017ea0</run_address>
         <size>0x3c</size>
         <input_file_ref idref="fl-60"/>
      </object_component>
      <object_component id="oc-60e">
         <name>.switch:_pproc_fgea</name>
         <load_address>0xc017edc</load_address>
         <run_address>0xc017edc</run_address>
         <size>0x38</size>
         <input_file_ref idref="fl-30"/>
      </object_component>
      <object_component id="oc-248">
         <name>.switch:CSL_edma3GetHwStatus</name>
         <load_address>0xc017f14</load_address>
         <run_address>0xc017f14</run_address>
         <size>0x20</size>
         <input_file_ref idref="fl-61"/>
      </object_component>
      <object_component id="oc-2ee">
         <name>.switch:CSL_intcHwControl</name>
         <load_address>0xc017f34</load_address>
         <run_address>0xc017f34</run_address>
         <size>0x1c</size>
         <input_file_ref idref="fl-70"/>
      </object_component>
      <object_component id="oc-230">
         <name>.switch:CSL_edma3HwChannelControl</name>
         <load_address>0xc017f50</load_address>
         <run_address>0xc017f50</run_address>
         <size>0x14</size>
         <input_file_ref idref="fl-65"/>
      </object_component>
      <object_component id="oc-503">
         <name>.switch:CSL_CPINTC_open</name>
         <load_address>0xc017f64</load_address>
         <run_address>0xc017f64</run_address>
         <size>0x10</size>
         <input_file_ref idref="fl-5b"/>
      </object_component>
      <object_component id="oc-d9">
         <name>.switch:CSL_intcOpen</name>
         <load_address>0xc017f74</load_address>
         <run_address>0xc017f74</run_address>
         <size>0x10</size>
         <input_file_ref idref="fl-71"/>
      </object_component>
      <object_component id="oc-3e">
         <name>.sysmem</name>
         <uninitialized>true</uninitialized>
         <run_address>0xc00d660</run_address>
         <size>0x8</size>
         <input_file_ref idref="fl-2c"/>
      </object_component>
      <object_component id="oc-79c">
         <name>.sysmem</name>
         <uninitialized>true</uninitialized>
         <run_address>0xc00d660</run_address>
         <size>0x0</size>
      </object_component>
      <object_component id="oc-1d8">
         <name>.common:regionIpr</name>
         <uninitialized>true</uninitialized>
         <run_address>0xc0180c8</run_address>
         <size>0xc</size>
      </object_component>
      <object_component id="oc-70b">
         <name>.common:__TI_tmpnams</name>
         <uninitialized>true</uninitialized>
         <run_address>0xc017f88</run_address>
         <size>0x140</size>
      </object_component>
      <object_component id="oc-70e">
         <name>.common:parmbuf</name>
         <uninitialized>true</uninitialized>
         <run_address>0xc0180d8</run_address>
         <size>0x8</size>
      </object_component>
      <object_component id="oc-79a">
         <name>.cinit.platform_lib.load</name>
         <load_address>0xc018308</load_address>
         <run_address>0xc018308</run_address>
         <size>0x9a</size>
      </object_component>
      <object_component id="oc-798">
         <name>.cinit..fardata.load</name>
         <load_address>0xc0183a4</load_address>
         <run_address>0xc0183a4</run_address>
         <size>0x81</size>
      </object_component>
      <object_component id="oc-799">
         <name>.cinit..testData.load</name>
         <load_address>0xc018428</load_address>
         <run_address>0xc018428</run_address>
         <size>0xf</size>
      </object_component>
      <object_component id="oc-791">
         <name>__TI_handler_table</name>
         <load_address>0xc018438</load_address>
         <run_address>0xc018438</run_address>
         <size>0xc</size>
      </object_component>
      <object_component id="oc-795">
         <name>.cinit..bss.load</name>
         <load_address>0xc018444</load_address>
         <run_address>0xc018444</run_address>
         <size>0x9</size>
      </object_component>
      <object_component id="oc-797">
         <name>.cinit..neardata.load</name>
         <load_address>0xc018450</load_address>
         <run_address>0xc018450</run_address>
         <size>0x9</size>
      </object_component>
      <object_component id="oc-796">
         <name>.cinit..far.load</name>
         <load_address>0xc01845c</load_address>
         <run_address>0xc01845c</run_address>
         <size>0x8</size>
      </object_component>
      <object_component id="oc-793">
         <name>.cinit..gem0_data.load</name>
         <load_address>0xc018464</load_address>
         <run_address>0xc018464</run_address>
         <size>0x8</size>
      </object_component>
      <object_component id="oc-794">
         <name>.cinit..gem1_data.load</name>
         <load_address>0xc01846c</load_address>
         <run_address>0xc01846c</run_address>
         <size>0x8</size>
      </object_component>
      <object_component id="oc-792">
         <name>__TI_cinit_table</name>
         <load_address>0xc018478</load_address>
         <run_address>0xc018478</run_address>
         <size>0x40</size>
      </object_component>
      <object_component id="oc-1d2">
         <name>.neardata</name>
         <load_address>0xc017b64</load_address>
         <run_address>0xc017b64</run_address>
         <size>0x6</size>
         <input_file_ref idref="fl-3"/>
      </object_component>
      <object_component id="oc-250">
         <name>.neardata</name>
         <load_address>0xc017b5c</load_address>
         <run_address>0xc017b5c</run_address>
         <size>0x8</size>
         <input_file_ref idref="fl-51"/>
      </object_component>
      <object_component id="oc-106">
         <name>.fardata</name>
         <load_address>0xc017968</load_address>
         <run_address>0xc017968</run_address>
         <size>0xc</size>
         <input_file_ref idref="fl-2a"/>
      </object_component>
      <object_component id="oc-2f1">
         <name>.fardata</name>
         <load_address>0xc017974</load_address>
         <run_address>0xc017974</run_address>
         <size>0x8</size>
         <input_file_ref idref="fl-2c"/>
      </object_component>
      <object_component id="oc-2d1">
         <name>.fardata:_lock</name>
         <load_address>0xc01797c</load_address>
         <run_address>0xc01797c</run_address>
         <size>0x4</size>
         <input_file_ref idref="fl-2f"/>
      </object_component>
      <object_component id="oc-2d7">
         <name>.fardata:_unlock</name>
         <load_address>0xc017980</load_address>
         <run_address>0xc017980</run_address>
         <size>0x4</size>
         <input_file_ref idref="fl-2f"/>
      </object_component>
      <object_component id="oc-2d4">
         <name>.fardata:_ftable</name>
         <load_address>0xc017660</load_address>
         <run_address>0xc017660</run_address>
         <size>0x1e0</size>
         <input_file_ref idref="fl-36"/>
      </object_component>
      <object_component id="oc-68a">
         <name>.fardata</name>
         <load_address>0xc017984</load_address>
         <run_address>0xc017984</run_address>
         <size>0x4</size>
         <input_file_ref idref="fl-36"/>
      </object_component>
      <object_component id="oc-637">
         <name>.fardata:_device</name>
         <load_address>0xc0178e0</load_address>
         <run_address>0xc0178e0</run_address>
         <size>0x78</size>
         <input_file_ref idref="fl-42"/>
      </object_component>
      <object_component id="oc-5da">
         <name>.fardata:_stream</name>
         <load_address>0xc017840</load_address>
         <run_address>0xc017840</run_address>
         <size>0xa0</size>
         <input_file_ref idref="fl-42"/>
      </object_component>
      <object_component id="oc-733">
         <name>.fardata</name>
         <load_address>0xc017988</load_address>
         <run_address>0xc017988</run_address>
         <size>0x4</size>
         <input_file_ref idref="fl-4a"/>
      </object_component>
      <object_component id="oc-57e">
         <name>.fardata:cpsgmiiPortBaseAddr</name>
         <load_address>0xc017958</load_address>
         <run_address>0xc017958</run_address>
         <size>0x10</size>
         <input_file_ref idref="fl-68"/>
      </object_component>
      <object_component id="oc-36">
         <name>.csl_vect</name>
         <load_address>0xc017c00</load_address>
         <run_address>0xc017c00</run_address>
         <size>0x220</size>
         <input_file_ref idref="fl-6b"/>
      </object_component>
      <object_component id="oc-1df">
         <name>.testData:uninit</name>
         <load_address>0x800000</load_address>
         <run_address>0x800000</run_address>
         <size>0xbc</size>
         <input_file_ref idref="fl-2"/>
      </object_component>
      <object_component id="oc-1e3">
         <name>.testData:init</name>
         <load_address>0x800168</load_address>
         <run_address>0x800168</run_address>
         <size>0x4</size>
         <input_file_ref idref="fl-2"/>
      </object_component>
      <object_component id="oc-1cf">
         <name>.testData</name>
         <load_address>0x8000bc</load_address>
         <run_address>0x8000bc</run_address>
         <size>0xac</size>
         <input_file_ref idref="fl-3"/>
      </object_component>
      <object_component id="oc-253">
         <name>platform_lib:init</name>
         <load_address>0xc018200</load_address>
         <run_address>0xc018200</run_address>
         <size>0x108</size>
         <input_file_ref idref="fl-51"/>
      </object_component>
      <object_component id="oc-13b">
         <name>.debug_info</name>
         <load_address>0x0</load_address>
         <run_address>0x0</run_address>
         <size>0x5c8</size>
         <input_file_ref idref="fl-2"/>
      </object_component>
      <object_component id="oc-1e0">
         <name>.debug_info</name>
         <load_address>0x5c8</load_address>
         <run_address>0x5c8</run_address>
         <size>0x1c1</size>
         <input_file_ref idref="fl-2"/>
      </object_component>
      <object_component id="oc-1e4">
         <name>.debug_info</name>
         <load_address>0x789</load_address>
         <run_address>0x789</run_address>
         <size>0x100</size>
         <input_file_ref idref="fl-2"/>
      </object_component>
      <object_component id="oc-1b2">
         <name>.debug_info</name>
         <load_address>0x889</load_address>
         <run_address>0x889</run_address>
         <size>0xc53</size>
         <input_file_ref idref="fl-2"/>
      </object_component>
      <object_component id="oc-db">
         <name>.debug_info</name>
         <load_address>0x14dc</load_address>
         <run_address>0x14dc</run_address>
         <size>0x359</size>
         <input_file_ref idref="fl-2"/>
      </object_component>
      <object_component id="oc-220">
         <name>.debug_info</name>
         <load_address>0x1835</load_address>
         <run_address>0x1835</run_address>
         <size>0xb94</size>
         <input_file_ref idref="fl-2"/>
      </object_component>
      <object_component id="oc-c7">
         <name>.debug_info</name>
         <load_address>0x23c9</load_address>
         <run_address>0x23c9</run_address>
         <size>0x11a</size>
         <input_file_ref idref="fl-2"/>
      </object_component>
      <object_component id="oc-216">
         <name>.debug_info</name>
         <load_address>0x24e3</load_address>
         <run_address>0x24e3</run_address>
         <size>0x37c</size>
         <input_file_ref idref="fl-2"/>
      </object_component>
[...]
      <symbol id="sm-598">
         <name>_ctypes_</name>
         <value>0xc017990</value>
         <object_component_ref idref="oc-5e5"/>
      </symbol>
      <symbol id="sm-5a8">
         <name>__TI_tmpnams</name>
         <value>0xc017f88</value>
      </symbol>
      <symbol id="sm-5a9">
         <name>_ftable</name>
         <value>0xc017660</value>
         <object_component_ref idref="oc-2d4"/>
      </symbol>
      <symbol id="sm-5aa">
         <name>__TI_ft_end</name>
         <value>0xc017984</value>
         <object_component_ref idref="oc-68a"/>
      </symbol>
      <symbol id="sm-5c9">
         <name>__c6xabi_divd</name>
         <value>0xc002580</value>
         <object_component_ref idref="oc-651"/>
      </symbol>
      <symbol id="sm-5e7">
         <name>putc</name>
         <value>0xc008440</value>
         <object_component_ref idref="oc-518"/>
      </symbol>
      <symbol id="sm-5e8">
         <name>fputc</name>
         <value>0xc008440</value>
         <object_component_ref idref="oc-518"/>
      </symbol>
      <symbol id="sm-611">
         <name>fputs</name>
         <value>0xc005440</value>
         <object_component_ref idref="oc-51f"/>
      </symbol>
      <symbol id="sm-624">
         <name>__TI_frcmpyd_div</name>
         <value>0xc00ca20</value>
         <object_component_ref idref="oc-6ca"/>
      </symbol>
      <symbol id="sm-638">
         <name>frexpl</name>
         <value>0xc008d20</value>
         <object_component_ref idref="oc-666"/>
      </symbol>
      <symbol id="sm-639">
         <name>frexp</name>
         <value>0xc008d20</value>
         <object_component_ref idref="oc-666"/>
      </symbol>
      <symbol id="sm-64a">
         <name>__c6xabi_divul</name>
         <value>0xc008660</value>
         <object_component_ref idref="oc-679"/>
      </symbol>
      <symbol id="sm-667">
         <name>_subcull</name>
         <value>0xc00d300</value>
         <object_component_ref idref="oc-6f3"/>
      </symbol>
      <symbol id="sm-668">
         <name>__c6xabi_divull</name>
         <value>0xc0072e0</value>
         <object_component_ref idref="oc-673"/>
      </symbol>
      <symbol id="sm-671">
         <name>__c6xabi_isinf</name>
         <value>0xc00d240</value>
         <object_component_ref idref="oc-5f0"/>
      </symbol>
      <symbol id="sm-682">
         <name>ldexpl</name>
         <value>0xc009b00</value>
         <object_component_ref idref="oc-6e6"/>
      </symbol>
      <symbol id="sm-683">
         <name>ldexp</name>
         <value>0xc009b00</value>
         <object_component_ref idref="oc-6e6"/>
      </symbol>
      <symbol id="sm-69e">
         <name>__c6xabi_llshru</name>
         <value>0xc00ca80</value>
         <object_component_ref idref="oc-6c4"/>
      </symbol>
      <symbol id="sm-69f">
         <name>__c6xabi_llshl</name>
         <value>0xc00c660</value>
         <object_component_ref idref="oc-6ed"/>
      </symbol>
      <symbol id="sm-703">
         <name>lseek</name>
         <value>0xc00cb40</value>
         <object_component_ref idref="oc-620"/>
      </symbol>
      <symbol id="sm-704">
         <name>write</name>
         <value>0xc00ccc0</value>
         <object_component_ref idref="oc-599"/>
      </symbol>
      <symbol id="sm-705">
         <name>close</name>
         <value>0xc00b200</value>
         <object_component_ref idref="oc-6ff"/>
      </symbol>
      <symbol id="sm-706">
         <name>unlink</name>
         <value>0xc00c760</value>
         <object_component_ref idref="oc-705"/>
      </symbol>
      <symbol id="sm-716">
         <name>ltoa</name>
         <value>0xc00b2e0</value>
         <object_component_ref idref="oc-657"/>
      </symbol>
      <symbol id="sm-727">
         <name>memccpy</name>
         <value>0xc00cba0</value>
         <object_component_ref idref="oc-5bc"/>
      </symbol>
      <symbol id="sm-740">
         <name>__TI_tls_init</name>
         <value>0xc00bdc0</value>
         <object_component_ref idref="oc-117"/>
      </symbol>
      <symbol id="sm-7a9">
         <name>HOSTrename</name>
         <value>0xc0089e0</value>
         <object_component_ref idref="oc-6ba"/>
      </symbol>
      <symbol id="sm-7aa">
         <name>HOSTclose</name>
         <value>0xc00c060</value>
         <object_component_ref idref="oc-69c"/>
      </symbol>
      <symbol id="sm-7ab">
         <name>HOSTunlink</name>
         <value>0xc00b700</value>
         <object_component_ref idref="oc-6b4"/>
      </symbol>
      <symbol id="sm-7ac">
         <name>HOSTlseek</name>
         <value>0xc00a780</value>
         <object_component_ref idref="oc-6ae"/>
      </symbol>
      <symbol id="sm-7ad">
         <name>HOSTopen</name>
         <value>0xc00af60</value>
         <object_component_ref idref="oc-696"/>
      </symbol>
      <symbol id="sm-7ae">
         <name>HOSTwrite</name>
         <value>0xc00b040</value>
         <object_component_ref idref="oc-6a8"/>
      </symbol>
      <symbol id="sm-7af">
         <name>HOSTread</name>
         <value>0xc00b640</value>
         <object_component_ref idref="oc-6a2"/>
      </symbol>
      <symbol id="sm-7d5">
         <name>__TI_readmsg</name>
         <value>0xc00c560</value>
         <object_component_ref idref="oc-717"/>
      </symbol>
      <symbol id="sm-7d6">
         <name>C$$IO$$</name>
         <value>0xc00c640</value>
         <object_component_ref idref="oc-711"/>
      </symbol>
      <symbol id="sm-7d7">
         <name>__CIOBUF_</name>
         <value>0xc0180e0</value>
         <object_component_ref idref="oc-74e"/>
      </symbol>
      <symbol id="sm-7d8">
         <name>__TI_writemsg</name>
         <value>0xc00c5e0</value>
         <object_component_ref idref="oc-711"/>
      </symbol>
      <symbol id="sm-7ee">
         <name>__TI_wrt_ok</name>
         <value>0xc00a980</value>
         <object_component_ref idref="oc-593"/>
      </symbol>
      <symbol id="sm-7ff">
         <name>__errno</name>
         <value>0xc017988</value>
         <object_component_ref idref="oc-733"/>
      </symbol>
      <symbol id="sm-800">
         <name>errno</name>
         <value>0xc017988</value>
         <object_component_ref idref="oc-733"/>
      </symbol>
      <symbol id="sm-801">
         <name>__c6xabi_errno_addr</name>
         <value>0xc00d480</value>
         <object_component_ref idref="oc-6de"/>
      </symbol>
      <symbol id="sm-810">
         <name>__TI_doflush</name>
         <value>0xc00b7c0</value>
         <object_component_ref idref="oc-59f"/>
      </symbol>
      <symbol id="sm-825">
         <name>fseek</name>
         <value>0xc00a560</value>
         <object_component_ref idref="oc-5cc"/>
      </symbol>
      <symbol id="sm-840">
         <name>setvbuf</name>
         <value>0xc007760</value>
         <object_component_ref idref="oc-5d2"/>
      </symbol>
      <symbol id="sm-84e">
         <name>__TI_cleanup</name>
         <value>0xc00c1a0</value>
         <object_component_ref idref="oc-628"/>
      </symbol>
      <symbol id="sm-864">
         <name>__TI_closefile</name>
         <value>0xc009740</value>
         <object_component_ref idref="oc-68d"/>
      </symbol>
      <symbol id="sm-954">
         <name>platform_init</name>
         <value>0xc007080</value>
         <object_component_ref idref="oc-1ab"/>
      </symbol>
      <symbol id="sm-955">
         <name>gDeviceEeprom1</name>
         <value>0xc0182c4</value>
         <object_component_ref idref="oc-253"/>
      </symbol>
      <symbol id="sm-956">
         <name>gDeviceEeprom0</name>
         <value>0xc01828c</value>
         <object_component_ref idref="oc-253"/>
      </symbol>
      <symbol id="sm-957">
         <name>platform_errno</name>
         <value>0xc017b5c</value>
         <object_component_ref idref="oc-250"/>
      </symbol>
      <symbol id="sm-958">
         <name>platform_init_return_code</name>
         <value>0xc017b60</value>
         <object_component_ref idref="oc-250"/>
      </symbol>
      <symbol id="sm-959">
         <name>platform_delaycycles</name>
         <value>0xc00cc00</value>
         <object_component_ref idref="oc-3ec"/>
      </symbol>
      <symbol id="sm-95a">
         <name>gDeviceNand</name>
         <value>0xc01821c</value>
         <object_component_ref idref="oc-253"/>
      </symbol>
      <symbol id="sm-95b">
         <name>emac_port_mode</name>
         <value>0xc018300</value>
         <object_component_ref idref="oc-253"/>
      </symbol>
      <symbol id="sm-95c">
         <name>gDeviceNor</name>
         <value>0xc018254</value>
         <object_component_ref idref="oc-253"/>
      </symbol>
      <symbol id="sm-ac7">
         <name>PowerUpDomains</name>
         <value>0xc00c100</value>
         <object_component_ref idref="oc-28c"/>
      </symbol>
      <symbol id="sm-ac8">
         <name>CorePllcGetHwSetup</name>
         <value>0xc00a680</value>
         <object_component_ref idref="oc-262"/>
      </symbol>
      <symbol id="sm-ac9">
         <name>SetPaPllConfig</name>
         <value>0xc0079a0</value>
         <object_component_ref idref="oc-268"/>
      </symbol>
      <symbol id="sm-aca">
         <name>SetDDR3PllConfig</name>
         <value>0xc008b80</value>
         <object_component_ref idref="oc-26e"/>
      </symbol>
      <symbol id="sm-acb">
         <name>DDR3Init</name>
         <value>0xc0040a0</value>
         <object_component_ref idref="oc-27a"/>
      </symbol>
      <symbol id="sm-acc">
         <name>xmc_setup</name>
         <value>0xc00cd20</value>
         <object_component_ref idref="oc-274"/>
      </symbol>
      <symbol id="sm-acd">
         <name>CorePllcHwSetup</name>
         <value>0xc006920</value>
         <object_component_ref idref="oc-25c"/>
      </symbol>
      <symbol id="sm-ace">
         <name>prog_pll1_values</name>
         <value>0xc009360</value>
         <object_component_ref idref="oc-3ca"/>
      </symbol>
      <symbol id="sm-b67">
         <name>Init_SGMII</name>
         <value>0xc00a320</value>
         <object_component_ref idref="oc-2b0"/>
      </symbol>
      <symbol id="sm-b68">
         <name>configSerdes</name>
         <value>0xc00c2e0</value>
         <object_component_ref idref="oc-2aa"/>
      </symbol>
      <symbol id="sm-b7d">
         <name>CSL_CPINTC_open</name>
         <value>0xc00c8a0</value>
         <object_component_ref idref="oc-2bd"/>
      </symbol>
      <symbol id="sm-b89">
         <name>CSL_GPIO_open</name>
         <value>0xc00d440</value>
         <object_component_ref idref="oc-152"/>
      </symbol>
      <symbol id="sm-b95">
         <name>CSL_edma3Init</name>
         <value>0xc00d540</value>
         <object_component_ref idref="oc-164"/>
      </symbol>
      <symbol id="sm-ba3">
         <name>CSL_edma3Open</name>
         <value>0xc00ba00</value>
         <object_component_ref idref="oc-16a"/>
      </symbol>
      <symbol id="sm-baf">
         <name>CSL_edma3Close</name>
         <value>0xc00d520</value>
         <object_component_ref idref="oc-1a0"/>
      </symbol>
      <symbol id="sm-bcf">
         <name>CSL_edma3HwControl</name>
         <value>0xc003bc0</value>
         <object_component_ref idref="oc-18e"/>
      </symbol>
      <symbol id="sm-be8">
         <name>CSL_edma3GetHwStatus</name>
         <value>0xc0060c0</value>
         <object_component_ref idref="oc-194"/>
      </symbol>
      <symbol id="sm-bf9">
         <name>CSL_edma3ChannelOpen</name>
         <value>0xc00a440</value>
         <object_component_ref idref="oc-170"/>
      </symbol>
      <symbol id="sm-c05">
         <name>CSL_edma3ChannelClose</name>
         <value>0xc00d340</value>
         <object_component_ref idref="oc-19a"/>
      </symbol>
      <symbol id="sm-c1b">
         <name>CSL_edma3HwChannelSetupParam</name>
         <value>0xc00c380</value>
         <object_component_ref idref="oc-176"/>
      </symbol>
      <symbol id="sm-c1c">
         <name>CSL_edma3HwChannelSetupQue</name>
         <value>0xc00b940</value>
         <object_component_ref idref="oc-188"/>
      </symbol>
      <symbol id="sm-c3c">
         <name>CSL_edma3HwChannelControl</name>
         <value>0xc003120</value>
         <object_component_ref idref="oc-15e"/>
      </symbol>
      <symbol id="sm-c59">
         <name>CSL_edma3GetParamHandle</name>
         <value>0xc00c6e0</value>
         <object_component_ref idref="oc-17c"/>
      </symbol>
      <symbol id="sm-c5a">
         <name>CSL_edma3ParamSetup</name>
         <value>0xc00c420</value>
         <object_component_ref idref="oc-182"/>
      </symbol>
      <symbol id="sm-c80">
         <name>CSL_chipReadReg</name>
         <value>0xc00a200</value>
         <object_component_ref idref="oc-158"/>
      </symbol>
      <symbol id="sm-c8a">
         <name>cpsgmiiPortBaseAddr</name>
         <value>0xc017958</value>
         <object_component_ref idref="oc-57e"/>
      </symbol>
      <symbol id="sm-c9b">
         <name>CSL_edma3ccGetModuleBaseAddr</name>
         <value>0xc00ac80</value>
         <object_component_ref idref="oc-235"/>
      </symbol>
      <symbol id="sm-ca3">
         <name>CSL_intcGlobalExcepEnable</name>
         <value>0xc009ac4</value>
         <object_component_ref idref="oc-b6"/>
      </symbol>
      <symbol id="sm-ca4">
         <name>CSL_intcInterruptClear</name>
         <value>0xc009a10</value>
         <object_component_ref idref="oc-b6"/>
      </symbol>
      <symbol id="sm-ca5">
         <name>CSL_intcIvpSet</name>
         <value>0xc0099c0</value>
         <object_component_ref idref="oc-b6"/>
      </symbol>
      <symbol id="sm-ca6">
         <name>CSL_intcQueryInterruptStatus</name>
         <value>0xc009a44</value>
         <object_component_ref idref="oc-b6"/>
      </symbol>
      <symbol id="sm-ca7">
         <name>CSL_intcInterruptRestore</name>
         <value>0xc009a2c</value>
         <object_component_ref idref="oc-b6"/>
      </symbol>
      <symbol id="sm-ca8">
         <name>CSL_intcGlobalEnable</name>
         <value>0xc009a58</value>
         <object_component_ref idref="oc-b6"/>
      </symbol>
      <symbol id="sm-ca9">
         <name>CSL_intcGlobalRestore</name>
         <value>0xc009a98</value>
         <object_component_ref idref="oc-b6"/>
      </symbol>
      <symbol id="sm-caa">
         <name>CSL_intcInterruptSet</name>
         <value>0xc009a20</value>
         <object_component_ref idref="oc-b6"/>
      </symbol>
      <symbol id="sm-cab">
         <name>CSL_intcGlobalDisable</name>
         <value>0xc009a78</value>
         <object_component_ref idref="oc-b6"/>
      </symbol>
      <symbol id="sm-cac">
         <name>CSL_intcGlobalNmiEnable</name>
         <value>0xc009ab0</value>
         <object_component_ref idref="oc-b6"/>
      </symbol>
      <symbol id="sm-cad">
         <name>CSL_intcGlobalExcepClear</name>
         <value>0xc009aec</value>
         <object_component_ref idref="oc-b6"/>
      </symbol>
      <symbol id="sm-cae">
         <name>CSL_intcInterruptDisable</name>
         <value>0xc0099f0</value>
         <object_component_ref idref="oc-b6"/>
      </symbol>
      <symbol id="sm-caf">
         <name>CSL_intcGlobalExtExcepEnable</name>
         <value>0xc009ad8</value>
         <object_component_ref idref="oc-b6"/>
      </symbol>
      <symbol id="sm-cb0">
         <name>CSL_intcInterruptEnable</name>
         <value>0xc0099d0</value>
         <object_component_ref idref="oc-b6"/>
      </symbol>
      <symbol id="sm-cc8">
         <name>_CSL_intcVectorTable</name>
         <value>0xc017c00</value>
         <object_component_ref idref="oc-36"/>
      </symbol>
      <symbol id="sm-cc9">
         <name>CSL_Entry</name>
         <value>0xc017e00</value>
         <object_component_ref idref="oc-36"/>
      </symbol>
      <symbol id="sm-ce7">
         <name>CSL_intcInit</name>
         <value>0xc009060</value>
         <object_component_ref idref="oc-42"/>
      </symbol>
      <symbol id="sm-cf9">
         <name>CSL_intcPlugEventHandler</name>
         <value>0xc00ad80</value>
         <object_component_ref idref="oc-2c3"/>
      </symbol>
      <symbol id="sm-d08">
         <name>CSL_intcClose</name>
         <value>0xc00bac0</value>
         <object_component_ref idref="oc-2c9"/>
      </symbol>
      <symbol id="sm-d13">
         <name>CSL_intcDispatcher</name>
         <value>0xc008820</value>
         <object_component_ref idref="oc-41"/>
      </symbol>
      <symbol id="sm-d33">
         <name>CSL_intcHwControl</name>
         <value>0xc004920</value>
         <object_component_ref idref="oc-1bd"/>
      </symbol>
      <symbol id="sm-d4d">
         <name>CSL_intcOpen</name>
         <value>0xc006e20</value>
         <object_component_ref idref="oc-4e"/>
      </symbol>
      <symbol id="sm-d5c">
         <name>CSL_intcEventOffsetMap</name>
         <value>0xc017b54</value>
         <object_component_ref idref="oc-ad"/>
      </symbol>
      <symbol id="sm-d5d">
         <name>CSL_intcNumEvents</name>
         <value>0xc017b48</value>
         <object_component_ref idref="oc-a3"/>
      </symbol>
      <symbol id="sm-d5e">
         <name>CSL_intcCpuIntrTable</name>
         <value>0xc017b04</value>
         <object_component_ref idref="oc-a3"/>
      </symbol>
      <symbol id="sm-d5f">
         <name>CSL_intcAllocMask</name>
         <value>0xc017b50</value>
         <object_component_ref idref="oc-ad"/>
      </symbol>
      <symbol id="sm-d60">
         <name>CSL_intcEventHandlerRecord_p</name>
         <value>0xc017b4c</value>
         <object_component_ref idref="oc-a3"/>
      </symbol>
      <symbol id="sm-d68">
         <name>CSL_intcNmiDummy</name>
         <value>0xc00d580</value>
         <object_component_ref idref="oc-c1"/>
      </symbol>
      <symbol id="sm-d78">
         <name>rint</name>
         <value>0xc00d640</value>
         <object_component_ref idref="oc-bb"/>
      </symbol>
      <symbol id="sm-d79">
         <name>dint</name>
         <value>0xc00d600</value>
         <object_component_ref idref="oc-b0"/>
      </symbol>
      <symbol id="sm-daf">
         <name>CSL_intcEvent1Dispatcher</name>
         <value>0xc007de0</value>
         <object_component_ref idref="oc-5f"/>
      </symbol>
      <symbol id="sm-db0">
         <name>CSL_intcEvent0Dispatcher</name>
         <value>0xc007bc0</value>
         <object_component_ref idref="oc-65"/>
      </symbol>
      <symbol id="sm-db1">
         <name>CSL_intcEvent3Dispatcher</name>
         <value>0xc008220</value>
         <object_component_ref idref="oc-4d"/>
      </symbol>
      <symbol id="sm-db2">
         <name>CSL_intcEvent2Dispatcher</name>
         <value>0xc008000</value>
         <object_component_ref idref="oc-59"/>
      </symbol>
      <symbol id="sm-dbe">
         <name>CSL_intcHookIsr</name>
         <value>0xc00d560</value>
         <object_component_ref idref="oc-d3"/>
      </symbol>
      <symbol id="sm-dc7">
         <name>__c6xabi_divi</name>
         <value>0xc00b120</value>
         <object_component_ref idref="oc-3d3"/>
      </symbol>
      <symbol id="sm-dc8">
         <name>__divi</name>
         <value>0xc00b120</value>
         <object_component_ref idref="oc-3d3"/>
      </symbol>
      <symbol id="sm-dcd">
         <name>__TI_STATIC_BASE</name>
         <value>0xc017b04</value>
      </symbol>
      <symbol id="sm-dcf">
         <name>__TI_INITARRAY_Base</name>
         <value>0x0</value>
      </symbol>
      <symbol id="sm-dd0">
         <name>__TI_INITARRAY_Limit</name>
         <value>0x0</value>
      </symbol>
      <symbol id="sm-dd1">
         <name>__TI_TLS_INIT_Base</name>
         <value>0x0</value>
      </symbol>
      <symbol id="sm-dd2">
         <name>__TI_TLS_INIT_Limit</name>
         <value>0x0</value>
      </symbol>
      <symbol id="sm-dd3">
         <name>remove</name>
         <value>0xc00c760</value>
      </symbol>
   </symbol_table>
   <title>Link successful</title>
</link_info>
