<?xml version="1.0"?>
<link_info>
   <banner>TMS320C6x Linker PC v8.1.3</banner>
   <copyright>Copyright (c) 1996-2015 Texas Instruments Incorporated</copyright>
   <link_time>0x5a563406</link_time>
   <link_errors>0x0</link_errors>
   <output_file>edma_spi.out</output_file>
   <entry_point>
      <name>_c_int00</name>
      <address>0xc00cd00</address>
   </entry_point>
   <input_file_list>
      <input_file id="fl-2">
         <path>.\</path>
         <kind>object</kind>
         <file>intc_test.obj</file>
         <name>intc_test.obj</name>
      </input_file>
      <input_file id="fl-3">
         <path>.\</path>
         <kind>object</kind>
         <file>main4my.obj</file>
         <name>main4my.obj</name>
      </input_file>
      <input_file id="fl-4">
         <path>.\</path>
         <kind>object</kind>
         <file>spi_test.obj</file>
         <name>spi_test.obj</name>
      </input_file>
      <input_file id="fl-25">
         <path>C:\ti\ccs720\ti-cgt-c6000_8.1.3\lib\</path>
         <kind>archive</kind>
         <file>rts6600_elf.lib</file>
         <name>boot.obj</name>
      </input_file>
      <input_file id="fl-26">
         <path>C:\ti\ccs720\ti-cgt-c6000_8.1.3\lib\</path>
         <kind>archive</kind>
         <file>rts6600_elf.lib</file>
         <name>copy_decompress_none.obj</name>
      </input_file>
      <input_file id="fl-27">
         <path>C:\ti\ccs720\ti-cgt-c6000_8.1.3\lib\</path>
         <kind>archive</kind>
         <file>rts6600_elf.lib</file>
         <name>copy_decompress_rle.obj</name>
      </input_file>
      <input_file id="fl-28">
         <path>C:\ti\ccs720\ti-cgt-c6000_8.1.3\lib\</path>
         <kind>archive</kind>
         <file>rts6600_elf.lib</file>
         <name>copy_zero_init.obj</name>
      </input_file>
      <input_file id="fl-29">
         <path>C:\ti\ccs720\ti-cgt-c6000_8.1.3\lib\</path>
         <kind>archive</kind>
         <file>rts6600_elf.lib</file>
         <name>divu.obj</name>
      </input_file>
      <input_file id="fl-2a">
         <path>C:\ti\ccs720\ti-cgt-c6000_8.1.3\lib\</path>
         <kind>archive</kind>
         <file>rts6600_elf.lib</file>
         <name>exit.obj</name>
      </input_file>
      <input_file id="fl-2b">
         <path>C:\ti\ccs720\ti-cgt-c6000_8.1.3\lib\</path>
         <kind>archive</kind>
         <file>rts6600_elf.lib</file>
         <name>memcpy64.obj</name>
      </input_file>
      <input_file id="fl-2c">
         <path>C:\ti\ccs720\ti-cgt-c6000_8.1.3\lib\</path>
         <kind>archive</kind>
         <file>rts6600_elf.lib</file>
         <name>memory.obj</name>
      </input_file>
      <input_file id="fl-2d">
         <path>C:\ti\ccs720\ti-cgt-c6000_8.1.3\lib\</path>
         <kind>archive</kind>
         <file>rts6600_elf.lib</file>
         <name>memset.obj</name>
      </input_file>
      <input_file id="fl-2e">
         <path>C:\ti\ccs720\ti-cgt-c6000_8.1.3\lib\</path>
         <kind>archive</kind>
         <file>rts6600_elf.lib</file>
         <name>printf.obj</name>
      </input_file>
      <input_file id="fl-2f">
         <path>C:\ti\ccs720\ti-cgt-c6000_8.1.3\lib\</path>
         <kind>archive</kind>
         <file>rts6600_elf.lib</file>
         <name>_lock.obj</name>
      </input_file>
      <input_file id="fl-30">
         <path>C:\ti\ccs720\ti-cgt-c6000_8.1.3\lib\</path>
         <kind>archive</kind>
         <file>rts6600_elf.lib</file>
         <name>_printfi.obj</name>
      </input_file>
      <input_file id="fl-31">
         <path>C:\ti\ccs720\ti-cgt-c6000_8.1.3\lib\</path>
         <kind>archive</kind>
         <file>rts6600_elf.lib</file>
         <name>args_main.obj</name>
      </input_file>
      <input_file id="fl-32">
         <path>C:\ti\ccs720\ti-cgt-c6000_8.1.3\lib\</path>
         <kind>archive</kind>
         <file>rts6600_elf.lib</file>
         <name>atoi.obj</name>
      </input_file>
      <input_file id="fl-33">
         <path>C:\ti\ccs720\ti-cgt-c6000_8.1.3\lib\</path>
         <kind>archive</kind>
         <file>rts6600_elf.lib</file>
         <name>autoinit.obj</name>
      </input_file>
      <input_file id="fl-34">
         <path>C:\ti\ccs720\ti-cgt-c6000_8.1.3\lib\</path>
         <kind>archive</kind>
         <file>rts6600_elf.lib</file>
         <name>cpy_tbl.obj</name>
      </input_file>
      <input_file id="fl-35">
         <path>C:\ti\ccs720\ti-cgt-c6000_8.1.3\lib\</path>
         <kind>archive</kind>
         <file>rts6600_elf.lib</file>
         <name>ctype.obj</name>
      </input_file>
      <input_file id="fl-36">
         <path>C:\ti\ccs720\ti-cgt-c6000_8.1.3\lib\</path>
         <kind>archive</kind>
         <file>rts6600_elf.lib</file>
         <name>defs.obj</name>
      </input_file>
      <input_file id="fl-37">
         <path>C:\ti\ccs720\ti-cgt-c6000_8.1.3\lib\</path>
         <kind>archive</kind>
         <file>rts6600_elf.lib</file>
         <name>divd.obj</name>
      </input_file>
      <input_file id="fl-38">
         <path>C:\ti\ccs720\ti-cgt-c6000_8.1.3\lib\</path>
         <kind>archive</kind>
         <file>rts6600_elf.lib</file>
         <name>fputc.obj</name>
      </input_file>
      <input_file id="fl-39">
         <path>C:\ti\ccs720\ti-cgt-c6000_8.1.3\lib\</path>
         <kind>archive</kind>
         <file>rts6600_elf.lib</file>
         <name>fputs.obj</name>
      </input_file>
      <input_file id="fl-3a">
         <path>C:\ti\ccs720\ti-cgt-c6000_8.1.3\lib\</path>
         <kind>archive</kind>
         <file>rts6600_elf.lib</file>
         <name>frcmpyd_div.obj</name>
      </input_file>
      <input_file id="fl-3b">
         <path>C:\ti\ccs720\ti-cgt-c6000_8.1.3\lib\</path>
         <kind>archive</kind>
         <file>rts6600_elf.lib</file>
         <name>frexp.obj</name>
      </input_file>
      <input_file id="fl-3c">
         <path>C:\ti\ccs720\ti-cgt-c6000_8.1.3\lib\</path>
         <kind>archive</kind>
         <file>rts6600_elf.lib</file>
         <name>imath40.obj</name>
      </input_file>
      <input_file id="fl-3d">
         <path>C:\ti\ccs720\ti-cgt-c6000_8.1.3\lib\</path>
         <kind>archive</kind>
         <file>rts6600_elf.lib</file>
         <name>imath64.obj</name>
      </input_file>
      <input_file id="fl-3e">
         <path>C:\ti\ccs720\ti-cgt-c6000_8.1.3\lib\</path>
         <kind>archive</kind>
         <file>rts6600_elf.lib</file>
         <name>isinf.obj</name>
      </input_file>
      <input_file id="fl-3f">
         <path>C:\ti\ccs720\ti-cgt-c6000_8.1.3\lib\</path>
         <kind>archive</kind>
         <file>rts6600_elf.lib</file>
         <name>ldexp.obj</name>
      </input_file>
      <input_file id="fl-40">
         <path>C:\ti\ccs720\ti-cgt-c6000_8.1.3\lib\</path>
         <kind>archive</kind>
         <file>rts6600_elf.lib</file>
         <name>llabs.obj</name>
      </input_file>
      <input_file id="fl-41">
         <path>C:\ti\ccs720\ti-cgt-c6000_8.1.3\lib\</path>
         <kind>archive</kind>
         <file>rts6600_elf.lib</file>
         <name>llshift.obj</name>
      </input_file>
      <input_file id="fl-42">
         <path>C:\ti\ccs720\ti-cgt-c6000_8.1.3\lib\</path>
         <kind>archive</kind>
         <file>rts6600_elf.lib</file>
         <name>lowlev.obj</name>
      </input_file>
      <input_file id="fl-43">
         <path>C:\ti\ccs720\ti-cgt-c6000_8.1.3\lib\</path>
         <kind>archive</kind>
         <file>rts6600_elf.lib</file>
         <name>ltoa.obj</name>
      </input_file>
      <input_file id="fl-44">
         <path>C:\ti\ccs720\ti-cgt-c6000_8.1.3\lib\</path>
         <kind>archive</kind>
         <file>rts6600_elf.lib</file>
         <name>memccpy.obj</name>
      </input_file>
      <input_file id="fl-45">
         <path>C:\ti\ccs720\ti-cgt-c6000_8.1.3\lib\</path>
         <kind>archive</kind>
         <file>rts6600_elf.lib</file>
         <name>tls.obj</name>
      </input_file>
      <input_file id="fl-46">
         <path>C:\ti\ccs720\ti-cgt-c6000_8.1.3\lib\</path>
         <kind>archive</kind>
         <file>rts6600_elf.lib</file>
         <name>tls_get_tp.obj</name>
      </input_file>
      <input_file id="fl-47">
         <path>C:\ti\ccs720\ti-cgt-c6000_8.1.3\lib\</path>
         <kind>archive</kind>
         <file>rts6600_elf.lib</file>
         <name>trgdrv.obj</name>
      </input_file>
      <input_file id="fl-48">
         <path>C:\ti\ccs720\ti-cgt-c6000_8.1.3\lib\</path>
         <kind>archive</kind>
         <file>rts6600_elf.lib</file>
         <name>trgmsg.obj</name>
      </input_file>
      <input_file id="fl-49">
         <path>C:\ti\ccs720\ti-cgt-c6000_8.1.3\lib\</path>
         <kind>archive</kind>
         <file>rts6600_elf.lib</file>
         <name>_io_perm.obj</name>
      </input_file>
      <input_file id="fl-4a">
         <path>C:\ti\ccs720\ti-cgt-c6000_8.1.3\lib\</path>
         <kind>archive</kind>
         <file>rts6600_elf.lib</file>
         <name>errno.obj</name>
      </input_file>
      <input_file id="fl-4b">
         <path>C:\ti\ccs720\ti-cgt-c6000_8.1.3\lib\</path>
         <kind>archive</kind>
         <file>rts6600_elf.lib</file>
         <name>fflush.obj</name>
      </input_file>
      <input_file id="fl-4c">
         <path>C:\ti\ccs720\ti-cgt-c6000_8.1.3\lib\</path>
         <kind>archive</kind>
         <file>rts6600_elf.lib</file>
         <name>fseek.obj</name>
      </input_file>
      <input_file id="fl-4d">
         <path>C:\ti\ccs720\ti-cgt-c6000_8.1.3\lib\</path>
         <kind>archive</kind>
         <file>rts6600_elf.lib</file>
         <name>setvbuf.obj</name>
      </input_file>
      <input_file id="fl-4e">
         <path>C:\ti\ccs720\ti-cgt-c6000_8.1.3\lib\</path>
         <kind>archive</kind>
         <file>rts6600_elf.lib</file>
         <name>fopen.obj</name>
      </input_file>
      <input_file id="fl-4f">
         <path>C:\ti\ccs720\ti-cgt-c6000_8.1.3\lib\</path>
         <kind>archive</kind>
         <file>rts6600_elf.lib</file>
         <name>fclose.obj</name>
      </input_file>
      <input_file id="fl-50">
         <path>C:\ti\ccs720\ti-cgt-c6000_8.1.3\lib\</path>
         <kind>archive</kind>
         <file>rts6600_elf.lib</file>
         <name>remove.obj</name>
      </input_file>
      <input_file id="fl-51">
         <path>C:\ti\ccs720\pdk_c667x_2_0_5\packages\ti\platform\evmc6678l\platform_lib\lib\debug\</path>
         <kind>archive</kind>
         <file>ti.platform.evm6678l.ae66</file>
         <name>platform.dbg.oe66</name>
      </input_file>
      <input_file id="fl-52">
         <path>C:\ti\ccs720\pdk_c667x_2_0_5\packages\ti\platform\evmc6678l\platform_lib\lib\debug\</path>
         <kind>archive</kind>
         <file>ti.platform.evm6678l.ae66</file>
         <name>evm66x_i2c.dbg.oe66</name>
      </input_file>
      <input_file id="fl-53">
         <path>C:\ti\ccs720\pdk_c667x_2_0_5\packages\ti\platform\evmc6678l\platform_lib\lib\debug\</path>
         <kind>archive</kind>
         <file>ti.platform.evm6678l.ae66</file>
         <name>evm66x_nand.dbg.oe66</name>
      </input_file>
      <input_file id="fl-54">
         <path>C:\ti\ccs720\pdk_c667x_2_0_5\packages\ti\platform\evmc6678l\platform_lib\lib\debug\</path>
         <kind>archive</kind>
         <file>ti.platform.evm6678l.ae66</file>
         <name>evmc6678.dbg.oe66</name>
      </input_file>
      <input_file id="fl-55">
         <path>C:\ti\ccs720\pdk_c667x_2_0_5\packages\ti\platform\evmc6678l\platform_lib\lib\debug\</path>
         <kind>archive</kind>
         <file>ti.platform.evm6678l.ae66</file>
         <name>evmc6678_phy.dbg.oe66</name>
      </input_file>
      <input_file id="fl-56">
         <path>C:\ti\ccs720\pdk_c667x_2_0_5\packages\ti\platform\evmc6678l\platform_lib\lib\debug\</path>
         <kind>archive</kind>
         <file>ti.platform.evm6678l.ae66</file>
         <name>evmc66x_fpga.dbg.oe66</name>
      </input_file>
      <input_file id="fl-57">
         <path>C:\ti\ccs720\pdk_c667x_2_0_5\packages\ti\platform\evmc6678l\platform_lib\lib\debug\</path>
         <kind>archive</kind>
         <file>ti.platform.evm6678l.ae66</file>
         <name>evmc66x_i2c_eeprom.dbg.oe66</name>
      </input_file>
      <input_file id="fl-58">
         <path>C:\ti\ccs720\pdk_c667x_2_0_5\packages\ti\platform\evmc6678l\platform_lib\lib\debug\</path>
         <kind>archive</kind>
         <file>ti.platform.evm6678l.ae66</file>
         <name>evmc66x_nor.dbg.oe66</name>
      </input_file>
      <input_file id="fl-59">
         <path>C:\ti\ccs720\pdk_c667x_2_0_5\packages\ti\platform\evmc6678l\platform_lib\lib\debug\</path>
         <kind>archive</kind>
         <file>ti.platform.evm6678l.ae66</file>
         <name>evmc66x_spi.dbg.oe66</name>
      </input_file>
      <input_file id="fl-5a">
         <path>C:\ti\ccs720\pdk_c667x_2_0_5\packages\ti\platform\evmc6678l\platform_lib\lib\debug\</path>
         <kind>archive</kind>
         <file>ti.platform.evm6678l.ae66</file>
         <name>evmc66x_uart.dbg.oe66</name>
      </input_file>
      <input_file id="fl-5b">
         <path>C:\ti\ccs720\pdk_c667x_2_0_5\packages\ti\csl\lib\c6678\c66\release\</path>
         <kind>archive</kind>
         <file>ti.csl.ae66</file>
         <name>csl_cpIntcGetBaseAddress.oe66</name>
      </input_file>
      <input_file id="fl-5c">
         <path>C:\ti\ccs720\pdk_c667x_2_0_5\packages\ti\csl\lib\c6678\c66\release\</path>
         <kind>archive</kind>
         <file>ti.csl.ae66</file>
         <name>csl_gpioGetBaseAddress.oe66</name>
      </input_file>
      <input_file id="fl-5d">
         <path>C:\ti\ccs720\pdk_c667x_2_0_5\packages\ti\csl\lib\c6678\c66\release\</path>
         <kind>archive</kind>
         <file>ti.csl.ae66</file>
         <name>csl_edma3Init.oe66</name>
      </input_file>
      <input_file id="fl-5e">
         <path>C:\ti\ccs720\pdk_c667x_2_0_5\packages\ti\csl\lib\c6678\c66\release\</path>
         <kind>archive</kind>
         <file>ti.csl.ae66</file>
         <name>csl_edma3Open.oe66</name>
      </input_file>
      <input_file id="fl-5f">
         <path>C:\ti\ccs720\pdk_c667x_2_0_5\packages\ti\csl\lib\c6678\c66\release\</path>
         <kind>archive</kind>
         <file>ti.csl.ae66</file>
         <name>csl_edma3Close.oe66</name>
      </input_file>
      <input_file id="fl-60">
         <path>C:\ti\ccs720\pdk_c667x_2_0_5\packages\ti\csl\lib\c6678\c66\release\</path>
         <kind>archive</kind>
         <file>ti.csl.ae66</file>
         <name>csl_edma3HwControl.oe66</name>
      </input_file>
      <input_file id="fl-61">
         <path>C:\ti\ccs720\pdk_c667x_2_0_5\packages\ti\csl\lib\c6678\c66\release\</path>
         <kind>archive</kind>
         <file>ti.csl.ae66</file>
         <name>csl_edma3GetHwStatus.oe66</name>
      </input_file>
      <input_file id="fl-62">
         <path>C:\ti\ccs720\pdk_c667x_2_0_5\packages\ti\csl\lib\c6678\c66\release\</path>
         <kind>archive</kind>
         <file>ti.csl.ae66</file>
         <name>csl_edma3ChannelOpen.oe66</name>
      </input_file>
      <input_file id="fl-63">
         <path>C:\ti\ccs720\pdk_c667x_2_0_5\packages\ti\csl\lib\c6678\c66\release\</path>
         <kind>archive</kind>
         <file>ti.csl.ae66</file>
         <name>csl_edma3ChannelClose.oe66</name>
      </input_file>
      <input_file id="fl-64">
         <path>C:\ti\ccs720\pdk_c667x_2_0_5\packages\ti\csl\lib\c6678\c66\release\</path>
         <kind>archive</kind>
         <file>ti.csl.ae66</file>
         <name>csl_edma3HwChannelSetup.oe66</name>
      </input_file>
      <input_file id="fl-65">
         <path>C:\ti\ccs720\pdk_c667x_2_0_5\packages\ti\csl\lib\c6678\c66\release\</path>
         <kind>archive</kind>
         <file>ti.csl.ae66</file>
         <name>csl_edma3HwChannelControl.oe66</name>
      </input_file>
      <input_file id="fl-66">
         <path>C:\ti\ccs720\pdk_c667x_2_0_5\packages\ti\csl\lib\c6678\c66\release\</path>
         <kind>archive</kind>
         <file>ti.csl.ae66</file>
         <name>csl_edma3Param.oe66</name>
      </input_file>
      <input_file id="fl-67">
         <path>C:\ti\ccs720\pdk_c667x_2_0_5\packages\ti\csl\lib\c6678\c66\release\</path>
         <kind>archive</kind>
         <file>ti.csl.ae66</file>
         <name>csl_chip.oe66</name>
      </input_file>
      <input_file id="fl-68">
         <path>C:\ti\ccs720\pdk_c667x_2_0_5\packages\ti\csl\lib\c6678\c66\release\</path>
         <kind>archive</kind>
         <file>ti.csl.ae66</file>
         <name>csl_cpsgmii.oe66</name>
      </input_file>
      <input_file id="fl-69">
         <path>C:\ti\ccs720\pdk_c667x_2_0_5\packages\ti\csl\lib\c6678\c66\release\</path>
         <kind>archive</kind>
         <file>ti.csl.ae66</file>
         <name>csl_edma3GetBaseAddress.oe66</name>
      </input_file>
      <input_file id="fl-6a">
         <path>C:\ti\ccs720\pdk_c667x_2_0_5\packages\ti\csl\lib\c6678\c66\release\</path>
         <kind>archive</kind>
         <file>ti.csl.intc.ae66</file>
         <name>_csl_intcIntrEnDisRes.oe66</name>
      </input_file>
      <input_file id="fl-6b">
         <path>C:\ti\ccs720\pdk_c667x_2_0_5\packages\ti\csl\lib\c6678\c66\release\</path>
         <kind>archive</kind>
         <file>ti.csl.intc.ae66</file>
         <name>_csl_intcIsrDispatch.oe66</name>
      </input_file>
      <input_file id="fl-6c">
         <path>C:\ti\ccs720\pdk_c667x_2_0_5\packages\ti\csl\lib\c6678\c66\release\</path>
         <kind>archive</kind>
         <file>ti.csl.intc.ae66</file>
         <name>csl_intcInit.oe66</name>
      </input_file>
      <input_file id="fl-6d">
         <path>C:\ti\ccs720\pdk_c667x_2_0_5\packages\ti\csl\lib\c6678\c66\release\</path>
         <kind>archive</kind>
         <file>ti.csl.intc.ae66</file>
         <name>csl_intcPlugEventHandler.oe66</name>
      </input_file>
      <input_file id="fl-6e">
         <path>C:\ti\ccs720\pdk_c667x_2_0_5\packages\ti\csl\lib\c6678\c66\release\</path>
         <kind>archive</kind>
         <file>ti.csl.intc.ae66</file>
         <name>csl_intcClose.oe66</name>
      </input_file>
      <input_file id="fl-6f">
         <path>C:\ti\ccs720\pdk_c667x_2_0_5\packages\ti\csl\lib\c6678\c66\release\</path>
         <kind>archive</kind>
         <file>ti.csl.intc.ae66</file>
         <name>_csl_intcDispatcher.oe66</name>
      </input_file>
      <input_file id="fl-70">
         <path>C:\ti\ccs720\pdk_c667x_2_0_5\packages\ti\csl\lib\c6678\c66\release\</path>
         <kind>archive</kind>
         <file>ti.csl.intc.ae66</file>
         <name>csl_intcHwControl.oe66</name>
      </input_file>
      <input_file id="fl-71">
         <path>C:\ti\ccs720\pdk_c667x_2_0_5\packages\ti\csl\lib\c6678\c66\release\</path>
         <kind>archive</kind>
         <file>ti.csl.intc.ae66</file>
         <name>csl_intcOpen.oe66</name>
      </input_file>
      <input_file id="fl-72">
         <path>C:\ti\ccs720\pdk_c667x_2_0_5\packages\ti\csl\lib\c6678\c66\release\</path>
         <kind>archive</kind>
         <file>ti.csl.intc.ae66</file>
         <name>_csl_intcResource.oe66</name>
      </input_file>
      <input_file id="fl-73">
         <path>C:\ti\ccs720\pdk_c667x_2_0_5\packages\ti\csl\lib\c6678\c66\release\</path>
         <kind>archive</kind>
         <file>ti.csl.intc.ae66</file>
         <name>_csl_intcNmiDummy.oe66</name>
      </input_file>
      <input_file id="fl-74">
         <path>C:\ti\ccs720\pdk_c667x_2_0_5\packages\ti\csl\lib\c6678\c66\release\</path>
         <kind>archive</kind>
         <file>ti.csl.intc.ae66</file>
         <name>csl_intcAsmUtils.oe66</name>
      </input_file>
      <input_file id="fl-75">
         <path>C:\ti\ccs720\pdk_c667x_2_0_5\packages\ti\csl\lib\c6678\c66\release\</path>
         <kind>archive</kind>
         <file>ti.csl.intc.ae66</file>
         <name>_csl_intcCombEventDispatcher.oe66</name>
      </input_file>
      <input_file id="fl-76">
         <path>C:\ti\ccs720\pdk_c667x_2_0_5\packages\ti\csl\lib\c6678\c66\release\</path>
         <kind>archive</kind>
         <file>ti.csl.intc.ae66</file>
         <name>csl_intcHookIsr.oe66</name>
      </input_file>
      <input_file id="fl-77">
         <path>C:\ti\ccs720\ti-cgt-c6000_8.1.3\lib\</path>
         <kind>archive</kind>
         <file>rts6600_elf.lib</file>
         <name>divi.obj</name>
      </input_file>
      <input_file id="fl-78">
         <path>C:\ti\ccs720\ti-cgt-c6000_8.1.3\lib\</path>
         <kind>archive</kind>
         <file>rts6600_elf.lib</file>
         <name>remu.obj</name>
      </input_file>
      <input_file id="fl-79">
         <path>C:\ti\ccs720\ti-cgt-c6000_8.1.3\lib\</path>
         <kind>archive</kind>
         <file>rts6600_elf.lib</file>
         <name>strlen.obj</name>
      </input_file>
      <input_file id="fl-7a">
         <path>C:\ti\ccs720\ti-cgt-c6000_8.1.3\lib\</path>
         <kind>archive</kind>
         <file>rts6600_elf.lib</file>
         <name>strncpy.obj</name>
      </input_file>
      <input_file id="fl-7b">
         <path>C:\ti\ccs720\ti-cgt-c6000_8.1.3\lib\</path>
         <kind>archive</kind>
         <file>rts6600_elf.lib</file>
         <name>vsprintf.obj</name>
      </input_file>
   </input_file_list>
   <object_component_list>
      <object_component id="oc-1d9">
         <name>.gem0_data</name>
         <uninitialized>true</uninitialized>
         <run_address>0x80000000</run_address>
         <size>0x80</size>
         <input_file_ref idref="fl-3"/>
      </object_component>
      <object_component id="oc-1d6">
         <name>.gem1_data</name>
         <uninitialized>true</uninitialized>
         <run_address>0x80000080</run_address>
         <size>0x80</size>
         <input_file_ref idref="fl-3"/>
      </object_component>
      <object_component id="oc-fe">
         <name>.text</name>
         <load_address>0xc000000</load_address>
         <run_address>0xc000000</run_address>
         <size>0xcc0</size>
         <input_file_ref idref="fl-3"/>
      </object_component>
      <object_component id="oc-5c2">
         <name>.text:_pproc_diouxp</name>
         <load_address>0xc000cc0</load_address>
         <run_address>0xc000cc0</run_address>
         <size>0x880</size>
         <input_file_ref idref="fl-30"/>
      </object_component>
      <object_component id="oc-2f0">
         <name>.text:__TI_printfi</name>
         <load_address>0xc001540</load_address>
         <run_address>0xc001540</run_address>
         <size>0x780</size>
         <input_file_ref idref="fl-30"/>
      </object_component>
      <object_component id="oc-602">
         <name>.text:_pconv_g</name>
         <load_address>0xc001cc0</load_address>
         <run_address>0xc001cc0</run_address>
         <size>0x620</size>
         <input_file_ref idref="fl-30"/>
      </object_component>
      <object_component id="oc-65d">
         <name>.text:__c6xabi_divd</name>
         <load_address>0xc0022e0</load_address>
         <run_address>0xc0022e0</run_address>
         <size>0x600</size>
         <input_file_ref idref="fl-37"/>
      </object_component>
      <object_component id="oc-538">
         <name>.text:_setfield</name>
         <load_address>0xc0028e0</load_address>
         <run_address>0xc0028e0</run_address>
         <size>0x5a0</size>
         <input_file_ref idref="fl-30"/>
      </object_component>
      <object_component id="oc-15e">
         <name>.text:csl_section:edma3:CSL_edma3HwChannelControl</name>
         <load_address>0xc002e80</load_address>
         <run_address>0xc002e80</run_address>
         <size>0x5a0</size>
         <input_file_ref idref="fl-65"/>
      </object_component>
      <object_component id="oc-60e">
         <name>.text:_pconv_e</name>
         <load_address>0xc003420</load_address>
         <run_address>0xc003420</run_address>
         <size>0x500</size>
         <input_file_ref idref="fl-30"/>
      </object_component>
      <object_component id="oc-18e">
         <name>.text:csl_section:edma3:CSL_edma3HwControl</name>
         <load_address>0xc003920</load_address>
         <run_address>0xc003920</run_address>
         <size>0x4e0</size>
         <input_file_ref idref="fl-60"/>
      </object_component>
      <object_component id="oc-1b1">
         <name>.text</name>
         <load_address>0xc003e00</load_address>
         <run_address>0xc003e00</run_address>
         <size>0x480</size>
         <input_file_ref idref="fl-2"/>
      </object_component>
      <object_component id="oc-274">
         <name>.text:DDR3Init</name>
         <load_address>0xc004280</load_address>
         <run_address>0xc004280</run_address>
         <size>0x440</size>
         <input_file_ref idref="fl-54"/>
      </object_component>
      <object_component id="oc-614">
         <name>.text:_pconv_a</name>
         <load_address>0xc0046c0</load_address>
         <run_address>0xc0046c0</run_address>
         <size>0x440</size>
         <input_file_ref idref="fl-30"/>
      </object_component>
      <object_component id="oc-2c3">
         <name>.text:csl_section:intc:CSL_intcHwControl</name>
         <load_address>0xc004b00</load_address>
         <run_address>0xc004b00</run_address>
         <size>0x400</size>
         <input_file_ref idref="fl-70"/>
      </object_component>
      <object_component id="oc-1c9">
         <name>.text:free</name>
         <load_address>0xc004f00</load_address>
         <run_address>0xc004f00</run_address>
         <size>0x3c0</size>
         <input_file_ref idref="fl-2c"/>
      </object_component>
      <object_component id="oc-678">
         <name>.text:acvt</name>
         <load_address>0xc0052c0</load_address>
         <run_address>0xc0052c0</run_address>
         <size>0x360</size>
         <input_file_ref idref="fl-30"/>
      </object_component>
      <object_component id="oc-52b">
         <name>.text:fputs</name>
         <load_address>0xc005620</load_address>
         <run_address>0xc005620</run_address>
         <size>0x360</size>
         <input_file_ref idref="fl-39"/>
      </object_component>
      <object_component id="oc-1b7">
         <name>.text</name>
         <load_address>0xc005980</load_address>
         <run_address>0xc005980</run_address>
         <size>0x340</size>
         <input_file_ref idref="fl-4"/>
      </object_component>
      <object_component id="oc-5bc">
         <name>.text:_pproc_fgea</name>
         <load_address>0xc005cc0</load_address>
         <run_address>0xc005cc0</run_address>
         <size>0x320</size>
         <input_file_ref idref="fl-30"/>
      </object_component>
      <object_component id="oc-43d">
         <name>.text:CSL_EMIF4F_SetSDRAMConfig</name>
         <load_address>0xc005fe0</load_address>
         <run_address>0xc005fe0</run_address>
         <size>0x300</size>
         <input_file_ref idref="fl-54"/>
      </object_component>
      <object_component id="oc-194">
         <name>.text:csl_section:edma3:CSL_edma3GetHwStatus</name>
         <load_address>0xc0062e0</load_address>
         <run_address>0xc0062e0</run_address>
         <size>0x2e0</size>
         <input_file_ref idref="fl-61"/>
      </object_component>
      <object_component id="oc-66a">
         <name>.text:fcvt</name>
         <load_address>0xc0065c0</load_address>
         <run_address>0xc0065c0</run_address>
         <size>0x2e0</size>
         <input_file_ref idref="fl-30"/>
      </object_component>
      <object_component id="oc-532">
         <name>.text:_pproc_fwp</name>
         <load_address>0xc0068a0</load_address>
         <run_address>0xc0068a0</run_address>
         <size>0x2a0</size>
         <input_file_ref idref="fl-30"/>
      </object_component>
      <object_component id="oc-256">
         <name>.text:CorePllcHwSetup</name>
         <load_address>0xc006b40</load_address>
         <run_address>0xc006b40</run_address>
         <size>0x280</size>
         <input_file_ref idref="fl-54"/>
      </object_component>
      <object_component id="oc-608">
         <name>.text:_pconv_f</name>
         <load_address>0xc006dc0</load_address>
         <run_address>0xc006dc0</run_address>
         <size>0x280</size>
         <input_file_ref idref="fl-30"/>
      </object_component>
      <object_component id="oc-4e">
         <name>.text:csl_section:intc:CSL_intcOpen</name>
         <load_address>0xc007040</load_address>
         <run_address>0xc007040</run_address>
         <size>0x260</size>
         <input_file_ref idref="fl-71"/>
      </object_component>
      <object_component id="oc-1ab">
         <name>.text:platform_init</name>
         <load_address>0xc0072a0</load_address>
         <run_address>0xc0072a0</run_address>
         <size>0x260</size>
         <input_file_ref idref="fl-51"/>
      </object_component>
      <object_component id="oc-67f">
         <name>.text:__c6xabi_divull</name>
         <load_address>0xc007500</load_address>
         <run_address>0xc007500</run_address>
         <size>0x240</size>
         <input_file_ref idref="fl-3d"/>
      </object_component>
      <object_component id="oc-61c">
         <name>.text:_ltostr</name>
         <load_address>0xc007740</load_address>
         <run_address>0xc007740</run_address>
         <size>0x240</size>
         <input_file_ref idref="fl-30"/>
      </object_component>
      <object_component id="oc-5de">
         <name>.text:setvbuf</name>
         <load_address>0xc007980</load_address>
         <run_address>0xc007980</run_address>
         <size>0x240</size>
         <input_file_ref idref="fl-4d"/>
      </object_component>
      <object_component id="oc-262">
         <name>.text:SetPaPllConfig</name>
         <load_address>0xc007bc0</load_address>
         <run_address>0xc007bc0</run_address>
         <size>0x220</size>
         <input_file_ref idref="fl-54"/>
      </object_component>
      <object_component id="oc-65">
         <name>.text:csl_section:intc:CSL_intcEvent0Dispatcher</name>
         <load_address>0xc007de0</load_address>
         <run_address>0xc007de0</run_address>
         <size>0x220</size>
         <input_file_ref idref="fl-75"/>
      </object_component>
      <object_component id="oc-5f">
         <name>.text:csl_section:intc:CSL_intcEvent1Dispatcher</name>
         <load_address>0xc008000</load_address>
         <run_address>0xc008000</run_address>
         <size>0x220</size>
         <input_file_ref idref="fl-75"/>
      </object_component>
      <object_component id="oc-59">
         <name>.text:csl_section:intc:CSL_intcEvent2Dispatcher</name>
         <load_address>0xc008220</load_address>
         <run_address>0xc008220</run_address>
         <size>0x220</size>
         <input_file_ref idref="fl-75"/>
      </object_component>
      <object_component id="oc-4d">
         <name>.text:csl_section:intc:CSL_intcEvent3Dispatcher</name>
         <load_address>0xc008440</load_address>
         <run_address>0xc008440</run_address>
         <size>0x220</size>
         <input_file_ref idref="fl-75"/>
      </object_component>
      <object_component id="oc-524">
         <name>.text:fputc</name>
         <load_address>0xc008660</load_address>
         <run_address>0xc008660</run_address>
         <size>0x220</size>
         <input_file_ref idref="fl-38"/>
      </object_component>
      <object_component id="oc-685">
         <name>.text:__c6xabi_divul</name>
         <load_address>0xc008880</load_address>
         <run_address>0xc008880</run_address>
         <size>0x1c0</size>
         <input_file_ref idref="fl-3c"/>
      </object_component>
      <object_component id="oc-41">
         <name>.text:csl_section:intc:CSL_intcDispatcher</name>
         <load_address>0xc008a40</load_address>
         <run_address>0xc008a40</run_address>
         <size>0x1c0</size>
         <input_file_ref idref="fl-6f"/>
      </object_component>
      <object_component id="oc-6c6">
         <name>.text:HOSTrename</name>
         <load_address>0xc008c00</load_address>
         <run_address>0xc008c00</run_address>
         <size>0x1a0</size>
         <input_file_ref idref="fl-47"/>
      </object_component>
      <object_component id="oc-268">
         <name>.text:SetDDR3PllConfig</name>
         <load_address>0xc008da0</load_address>
         <run_address>0xc008da0</run_address>
         <size>0x1a0</size>
         <input_file_ref idref="fl-54"/>
      </object_component>
      <object_component id="oc-672">
         <name>.text:frexp</name>
         <load_address>0xc008f40</load_address>
         <run_address>0xc008f40</run_address>
         <size>0x1a0</size>
         <input_file_ref idref="fl-3b"/>
      </object_component>
      <object_component id="oc-74f">
         <name>.text:getdevice</name>
         <load_address>0xc0090e0</load_address>
         <run_address>0xc0090e0</run_address>
         <size>0x1a0</size>
         <input_file_ref idref="fl-42"/>
      </object_component>
      <object_component id="oc-42">
         <name>.text:csl_section:intc:CSL_intcInit</name>
         <load_address>0xc009280</load_address>
         <run_address>0xc009280</run_address>
         <size>0x180</size>
         <input_file_ref idref="fl-6c"/>
      </object_component>
      <object_component id="oc-1c3">
         <name>.text:malloc</name>
         <load_address>0xc009400</load_address>
         <run_address>0xc009400</run_address>
         <size>0x180</size>
         <input_file_ref idref="fl-2c"/>
      </object_component>
      <object_component id="oc-3cd">
         <name>.text:prog_pll1_values</name>
         <load_address>0xc009580</load_address>
         <run_address>0xc009580</run_address>
         <size>0x160</size>
         <input_file_ref idref="fl-54"/>
      </object_component>
      <object_component id="oc-437">
         <name>.text:CSL_EMIF4F_GetSDRAMConfig</name>
         <load_address>0xc0096e0</load_address>
         <run_address>0xc0096e0</run_address>
         <size>0x140</size>
         <input_file_ref idref="fl-54"/>
      </object_component>
      <object_component id="oc-419">
         <name>.text:CSL_EMIF4F_SetTiming1Config</name>
         <load_address>0xc009820</load_address>
         <run_address>0xc009820</run_address>
         <size>0x140</size>
         <input_file_ref idref="fl-54"/>
      </object_component>
      <object_component id="oc-699">
         <name>.text:__TI_closefile</name>
         <load_address>0xc009960</load_address>
         <run_address>0xc009960</run_address>
         <size>0x140</size>
         <input_file_ref idref="fl-4f"/>
      </object_component>
      <object_component id="oc-9c">
         <name>.text:_auto_init_elf</name>
         <load_address>0xc009aa0</load_address>
         <run_address>0xc009aa0</run_address>
         <size>0x140</size>
         <input_file_ref idref="fl-33"/>
      </object_component>
      <object_component id="oc-b6">
         <name>.text:csl_section:intc</name>
         <load_address>0xc009be0</load_address>
         <run_address>0xc009be0</run_address>
         <size>0x140</size>
         <input_file_ref idref="fl-6a"/>
      </object_component>
      <object_component id="oc-6f2">
         <name>.text:ldexp</name>
         <load_address>0xc009d20</load_address>
         <run_address>0xc009d20</run_address>
         <size>0x140</size>
         <input_file_ref idref="fl-3f"/>
      </object_component>
      <object_component id="oc-27a">
         <name>.text:platform_memory_test</name>
         <load_address>0xc009e60</load_address>
         <run_address>0xc009e60</run_address>
         <size>0x140</size>
         <input_file_ref idref="fl-51"/>
      </object_component>
      <object_component id="oc-42b">
         <name>.text:CSL_EMIF4F_SetOutputImpedanceConfig</name>
         <load_address>0xc009fa0</load_address>
         <run_address>0xc009fa0</run_address>
         <size>0x120</size>
         <input_file_ref idref="fl-54"/>
      </object_component>
      <object_component id="oc-41f">
         <name>.text:CSL_EMIF4F_SetTiming2Config</name>
         <load_address>0xc00a0c0</load_address>
         <run_address>0xc00a0c0</run_address>
         <size>0x120</size>
         <input_file_ref idref="fl-54"/>
      </object_component>
      <object_component id="oc-425">
         <name>.text:CSL_EMIF4F_SetTiming3Config</name>
         <load_address>0xc00a1e0</load_address>
         <run_address>0xc00a1e0</run_address>
         <size>0x120</size>
         <input_file_ref idref="fl-54"/>
      </object_component>
      <object_component id="oc-3e3">
         <name>.text:CSL_XMC_setXMPAXL</name>
         <load_address>0xc00a300</load_address>
         <run_address>0xc00a300</run_address>
         <size>0x120</size>
         <input_file_ref idref="fl-54"/>
      </object_component>
      <object_component id="oc-158">
         <name>.text:CSL_chipReadReg</name>
         <load_address>0xc00a420</load_address>
         <run_address>0xc00a420</run_address>
         <size>0x120</size>
         <input_file_ref idref="fl-67"/>
      </object_component>
      <object_component id="oc-2aa">
         <name>.text:Init_SGMII</name>
         <load_address>0xc00a540</load_address>
         <run_address>0xc00a540</run_address>
         <size>0x120</size>
         <input_file_ref idref="fl-55"/>
      </object_component>
      <object_component id="oc-170">
         <name>.text:csl_section:edma3:CSL_edma3ChannelOpen</name>
         <load_address>0xc00a660</load_address>
         <run_address>0xc00a660</run_address>
         <size>0x120</size>
         <input_file_ref idref="fl-62"/>
      </object_component>
      <object_component id="oc-5d8">
         <name>.text:fseek</name>
         <load_address>0xc00a780</load_address>
         <run_address>0xc00a780</run_address>
         <size>0x120</size>
         <input_file_ref idref="fl-4c"/>
      </object_component>
      <object_component id="oc-25c">
         <name>.text:CorePllcGetHwSetup</name>
         <load_address>0xc00a8a0</load_address>
         <run_address>0xc00a8a0</run_address>
         <size>0x100</size>
         <input_file_ref idref="fl-54"/>
      </object_component>
      <object_component id="oc-6ba">
         <name>.text:HOSTlseek</name>
         <load_address>0xc00a9a0</load_address>
         <run_address>0xc00a9a0</run_address>
         <size>0x100</size>
         <input_file_ref idref="fl-47"/>
      </object_component>
      <object_component id="oc-77">
         <name>.text:__TI_decompress_rle_core</name>
         <load_address>0xc00aaa0</load_address>
         <run_address>0xc00aaa0</run_address>
         <size>0x100</size>
         <input_file_ref idref="fl-27"/>
      </object_component>
      <object_component id="oc-59f">
         <name>.text:__TI_wrt_ok</name>
         <load_address>0xc00aba0</load_address>
         <run_address>0xc00aba0</run_address>
         <size>0x100</size>
         <input_file_ref idref="fl-49"/>
      </object_component>
      <object_component id="oc-5b5">
         <name>.text:atoi</name>
         <load_address>0xc00aca0</load_address>
         <run_address>0xc00aca0</run_address>
         <size>0x100</size>
         <input_file_ref idref="fl-32"/>
      </object_component>
      <object_component id="oc-111">
         <name>.text:copy_in</name>
         <load_address>0xc00ada0</load_address>
         <run_address>0xc00ada0</run_address>
         <size>0x100</size>
         <input_file_ref idref="fl-34"/>
      </object_component>
      <object_component id="oc-22f">
         <name>.text:csl_section:edma:CSL_edma3ccGetModuleBaseAddr</name>
         <load_address>0xc00aea0</load_address>
         <run_address>0xc00aea0</run_address>
         <size>0x100</size>
         <input_file_ref idref="fl-69"/>
      </object_component>
      <object_component id="oc-2bd">
         <name>.text:csl_section:intc:CSL_intcPlugEventHandler</name>
         <load_address>0xc00afa0</load_address>
         <run_address>0xc00afa0</run_address>
         <size>0x100</size>
         <input_file_ref idref="fl-6d"/>
      </object_component>
      <object_component id="oc-431">
         <name>.text:CSL_EMIF4F_SetPowerMgmtConfig</name>
         <load_address>0xc00b0a0</load_address>
         <run_address>0xc00b0a0</run_address>
         <size>0xe0</size>
         <input_file_ref idref="fl-54"/>
      </object_component>
      <object_component id="oc-6a2">
         <name>.text:HOSTopen</name>
         <load_address>0xc00b180</load_address>
         <run_address>0xc00b180</run_address>
         <size>0xe0</size>
         <input_file_ref idref="fl-47"/>
      </object_component>
      <object_component id="oc-6b4">
         <name>.text:HOSTwrite</name>
         <load_address>0xc00b260</load_address>
         <run_address>0xc00b260</run_address>
         <size>0xe0</size>
         <input_file_ref idref="fl-47"/>
      </object_component>
      <object_component id="oc-3d6">
         <name>.text:__divi</name>
         <load_address>0xc00b340</load_address>
         <run_address>0xc00b340</run_address>
         <size>0xe0</size>
         <input_file_ref idref="fl-77"/>
      </object_component>
      <object_component id="oc-70b">
         <name>.text:close</name>
         <load_address>0xc00b420</load_address>
         <run_address>0xc00b420</run_address>
         <size>0xe0</size>
         <input_file_ref idref="fl-42"/>
      </object_component>
      <object_component id="oc-663">
         <name>.text:ltoa</name>
         <load_address>0xc00b500</load_address>
         <run_address>0xc00b500</run_address>
         <size>0xe0</size>
         <input_file_ref idref="fl-43"/>
      </object_component>
      <object_component id="oc-84">
         <name>.text:memset</name>
         <load_address>0xc00b5e0</load_address>
         <run_address>0xc00b5e0</run_address>
         <size>0xe0</size>
         <input_file_ref idref="fl-2d"/>
      </object_component>
      <object_component id="oc-1bd">
         <name>.text:printf</name>
         <load_address>0xc00b6c0</load_address>
         <run_address>0xc00b6c0</run_address>
         <size>0xe0</size>
         <input_file_ref idref="fl-2e"/>
      </object_component>
      <object_component id="oc-4bc">
         <name>.text:CSL_SGMII_setAdvAbility</name>
         <load_address>0xc00b7a0</load_address>
         <run_address>0xc00b7a0</run_address>
         <size>0xc0</size>
         <input_file_ref idref="fl-55"/>
      </object_component>
      <object_component id="oc-6ae">
         <name>.text:HOSTread</name>
         <load_address>0xc00b860</load_address>
         <run_address>0xc00b860</run_address>
         <size>0xc0</size>
         <input_file_ref idref="fl-47"/>
      </object_component>
      <object_component id="oc-6c0">
         <name>.text:HOSTunlink</name>
         <load_address>0xc00b920</load_address>
         <run_address>0xc00b920</run_address>
         <size>0xc0</size>
         <input_file_ref idref="fl-47"/>
      </object_component>
      <object_component id="oc-5ab">
         <name>.text:__TI_doflush</name>
         <load_address>0xc00b9e0</load_address>
         <run_address>0xc00b9e0</run_address>
         <size>0xc0</size>
         <input_file_ref idref="fl-4b"/>
      </object_component>
      <object_component id="oc-1a6">
         <name>.text:__divu</name>
         <load_address>0xc00baa0</load_address>
         <run_address>0xc00baa0</run_address>
         <size>0xc0</size>
         <input_file_ref idref="fl-29"/>
      </object_component>
      <object_component id="oc-188">
         <name>.text:csl_section:edma3:CSL_edma3HwChannelSetupQue</name>
         <load_address>0xc00bb60</load_address>
         <run_address>0xc00bb60</run_address>
         <size>0xc0</size>
         <input_file_ref idref="fl-64"/>
      </object_component>
      <object_component id="oc-16a">
         <name>.text:csl_section:edma3:CSL_edma3Open</name>
         <load_address>0xc00bc20</load_address>
         <run_address>0xc00bc20</run_address>
         <size>0xc0</size>
         <input_file_ref idref="fl-5e"/>
      </object_component>
      <object_component id="oc-2c9">
         <name>.text:csl_section:intc:CSL_intcClose</name>
         <load_address>0xc00bce0</load_address>
         <run_address>0xc00bce0</run_address>
         <size>0xc0</size>
         <input_file_ref idref="fl-6e"/>
      </object_component>
      <object_component id="oc-96">
         <name>.text:exit</name>
         <load_address>0xc00bda0</load_address>
         <run_address>0xc00bda0</run_address>
         <size>0xc0</size>
         <input_file_ref idref="fl-2a"/>
      </object_component>
      <object_component id="oc-307">
         <name>.text:minsert</name>
         <load_address>0xc00be60</load_address>
         <run_address>0xc00be60</run_address>
         <size>0xc0</size>
         <input_file_ref idref="fl-2c"/>
      </object_component>
      <object_component id="oc-301">
         <name>.text:mremove</name>
         <load_address>0xc00bf20</load_address>
         <run_address>0xc00bf20</run_address>
         <size>0xc0</size>
         <input_file_ref idref="fl-2c"/>
      </object_component>
      <object_component id="oc-117">
         <name>.text:tls:init:__TI_tls_init</name>
         <load_address>0xc00bfe0</load_address>
         <run_address>0xc00bfe0</run_address>
         <size>0xc0</size>
         <input_file_ref idref="fl-45"/>
      </object_component>
      <object_component id="oc-449">
         <name>.text:CSL_EMIF4F_SetLevelingControlInfo</name>
         <load_address>0xc00c0a0</load_address>
         <run_address>0xc00c0a0</run_address>
         <size>0xa0</size>
         <input_file_ref idref="fl-54"/>
      </object_component>
      <object_component id="oc-443">
         <name>.text:CSL_EMIF4F_SetLevelingRampControlInfo</name>
         <load_address>0xc00c140</load_address>
         <run_address>0xc00c140</run_address>
         <size>0xa0</size>
         <input_file_ref idref="fl-54"/>
      </object_component>
      <object_component id="oc-48c">
         <name>.text:CSL_SGMII_getStatus</name>
         <load_address>0xc00c1e0</load_address>
         <run_address>0xc00c1e0</run_address>
         <size>0xa0</size>
         <input_file_ref idref="fl-55"/>
      </object_component>
      <object_component id="oc-6a8">
         <name>.text:HOSTclose</name>
         <load_address>0xc00c280</load_address>
         <run_address>0xc00c280</run_address>
         <size>0xa0</size>
         <input_file_ref idref="fl-47"/>
      </object_component>
      <object_component id="oc-286">
         <name>.text:PowerUpDomains</name>
         <load_address>0xc00c320</load_address>
         <run_address>0xc00c320</run_address>
         <size>0xa0</size>
         <input_file_ref idref="fl-54"/>
      </object_component>
      <object_component id="oc-634">
         <name>.text:__TI_cleanup</name>
         <load_address>0xc00c3c0</load_address>
         <run_address>0xc00c3c0</run_address>
         <size>0xa0</size>
         <input_file_ref idref="fl-4e"/>
      </object_component>
      <object_component id="oc-2fb">
         <name>.text:_minit</name>
         <load_address>0xc00c460</load_address>
         <run_address>0xc00c460</run_address>
         <size>0xa0</size>
         <input_file_ref idref="fl-2c"/>
      </object_component>
      <object_component id="oc-2a4">
         <name>.text:configSerdes</name>
         <load_address>0xc00c500</load_address>
         <run_address>0xc00c500</run_address>
         <size>0xa0</size>
         <input_file_ref idref="fl-55"/>
      </object_component>
      <object_component id="oc-176">
         <name>.text:csl_section:edma3:CSL_edma3HwChannelSetupParam</name>
         <load_address>0xc00c5a0</load_address>
         <run_address>0xc00c5a0</run_address>
         <size>0xa0</size>
         <input_file_ref idref="fl-64"/>
      </object_component>
      <object_component id="oc-182">
         <name>.text:csl_section:edma3:CSL_edma3ParamSetup</name>
         <load_address>0xc00c640</load_address>
         <run_address>0xc00c640</run_address>
         <size>0xa0</size>
         <input_file_ref idref="fl-66"/>
      </object_component>
      <object_component id="oc-6b">
         <name>.text:memcpy</name>
         <load_address>0xc00c6e0</load_address>
         <run_address>0xc00c6e0</run_address>
         <size>0xa0</size>
         <input_file_ref idref="fl-2b"/>
      </object_component>
      <object_component id="oc-723">
         <name>.text:__TI_readmsg</name>
         <load_address>0xc00c780</load_address>
         <run_address>0xc00c780</run_address>
         <size>0x80</size>
         <input_file_ref idref="fl-48"/>
      </object_component>
      <object_component id="oc-71d">
         <name>.text:__TI_writemsg</name>
         <load_address>0xc00c800</load_address>
         <run_address>0xc00c800</run_address>
         <size>0x80</size>
         <input_file_ref idref="fl-48"/>
      </object_component>
      <object_component id="oc-6f9">
         <name>.text:__c6xabi_llshl</name>
         <load_address>0xc00c880</load_address>
         <run_address>0xc00c880</run_address>
         <size>0x80</size>
         <input_file_ref idref="fl-41"/>
      </object_component>
      <object_component id="oc-17c">
         <name>.text:csl_section:edma3:CSL_edma3GetParamHandle</name>
         <load_address>0xc00c900</load_address>
         <run_address>0xc00c900</run_address>
         <size>0x80</size>
         <input_file_ref idref="fl-66"/>
      </object_component>
      <object_component id="oc-711">
         <name>.text:unlink</name>
         <load_address>0xc00c980</load_address>
         <run_address>0xc00c980</run_address>
         <size>0x80</size>
         <input_file_ref idref="fl-42"/>
      </object_component>
      <object_component id="oc-480">
         <name>.text:CSL_BootCfgSetSGMIIRxConfig</name>
         <load_address>0xc00ca00</load_address>
         <run_address>0xc00ca00</run_address>
         <size>0x60</size>
         <input_file_ref idref="fl-55"/>
      </object_component>
      <object_component id="oc-486">
         <name>.text:CSL_BootCfgSetSGMIITxConfig</name>
         <load_address>0xc00ca60</load_address>
         <run_address>0xc00ca60</run_address>
         <size>0x60</size>
         <input_file_ref idref="fl-55"/>
      </object_component>
      <object_component id="oc-2b7">
         <name>.text:CSL_CPINTC_open</name>
         <load_address>0xc00cac0</load_address>
         <run_address>0xc00cac0</run_address>
         <size>0x60</size>
         <input_file_ref idref="fl-5b"/>
      </object_component>
      <object_component id="oc-407">
         <name>.text:CSL_EMIF4F_SetPhyControl</name>
         <load_address>0xc00cb20</load_address>
         <run_address>0xc00cb20</run_address>
         <size>0x60</size>
         <input_file_ref idref="fl-54"/>
      </object_component>
      <object_component id="oc-45d">
         <name>.text:CSL_PSC_setModuleNextState</name>
         <load_address>0xc00cb80</load_address>
         <run_address>0xc00cb80</run_address>
         <size>0x60</size>
         <input_file_ref idref="fl-54"/>
      </object_component>
      <object_component id="oc-29e">
         <name>.text:MSMC_enableEDC</name>
         <load_address>0xc00cbe0</load_address>
         <run_address>0xc00cbe0</run_address>
         <size>0x60</size>
         <input_file_ref idref="fl-51"/>
      </object_component>
      <object_component id="oc-6d6">
         <name>.text:__TI_frcmpyd_div</name>
         <load_address>0xc00cc40</load_address>
         <run_address>0xc00cc40</run_address>
         <size>0x60</size>
         <input_file_ref idref="fl-3a"/>
      </object_component>
      <object_component id="oc-6d0">
         <name>.text:__c6xabi_llshru</name>
         <load_address>0xc00cca0</load_address>
         <run_address>0xc00cca0</run_address>
         <size>0x60</size>
         <input_file_ref idref="fl-41"/>
      </object_component>
      <object_component id="oc-30">
         <name>.text:_c_int00</name>
         <load_address>0xc00cd00</load_address>
         <run_address>0xc00cd00</run_address>
         <size>0x60</size>
         <input_file_ref idref="fl-25"/>
      </object_component>
      <object_component id="oc-62c">
         <name>.text:lseek</name>
         <load_address>0xc00cd60</load_address>
         <run_address>0xc00cd60</run_address>
         <size>0x60</size>
         <input_file_ref idref="fl-42"/>
      </object_component>
      <object_component id="oc-5c8">
         <name>.text:memccpy</name>
         <load_address>0xc00cdc0</load_address>
         <run_address>0xc00cdc0</run_address>
         <size>0x60</size>
         <input_file_ref idref="fl-44"/>
      </object_component>
      <object_component id="oc-3ef">
         <name>.text:platform_delaycycles</name>
         <load_address>0xc00ce20</load_address>
         <run_address>0xc00ce20</run_address>
         <size>0x60</size>
         <input_file_ref idref="fl-51"/>
      </object_component>
      <object_component id="oc-280">
         <name>.text:platform_get_frequency</name>
         <load_address>0xc00ce80</load_address>
         <run_address>0xc00ce80</run_address>
         <size>0x60</size>
         <input_file_ref idref="fl-51"/>
      </object_component>
      <object_component id="oc-5a5">
         <name>.text:write</name>
         <load_address>0xc00cee0</load_address>
         <run_address>0xc00cee0</run_address>
         <size>0x60</size>
         <input_file_ref idref="fl-42"/>
      </object_component>
      <object_component id="oc-26e">
         <name>.text:xmc_setup</name>
         <load_address>0xc00cf40</load_address>
         <run_address>0xc00cf40</run_address>
         <size>0x60</size>
         <input_file_ref idref="fl-54"/>
      </object_component>
      <object_component id="oc-3f5">
         <name>.text:CSL_BootCfgGetDDRConfig</name>
         <load_address>0xc00cfa0</load_address>
         <run_address>0xc00cfa0</run_address>
         <size>0x40</size>
         <input_file_ref idref="fl-54"/>
      </object_component>
      <object_component id="oc-3fb">
         <name>.text:CSL_BootCfgSetDDRConfig</name>
         <load_address>0xc00cfe0</load_address>
         <run_address>0xc00cfe0</run_address>
         <size>0x40</size>
         <input_file_ref idref="fl-54"/>
      </object_component>
      <object_component id="oc-47a">
         <name>.text:CSL_BootCfgSetSGMIIConfigPLL</name>
         <load_address>0xc00d020</load_address>
         <run_address>0xc00d020</run_address>
         <size>0x40</size>
         <input_file_ref idref="fl-55"/>
      </object_component>
      <object_component id="oc-3c1">
         <name>.text:CSL_BootCfgUnlockKicker</name>
         <load_address>0xc00d060</load_address>
         <run_address>0xc00d060</run_address>
         <size>0x40</size>
         <input_file_ref idref="fl-54"/>
      </object_component>
      <object_component id="oc-474">
         <name>.text:CSL_BootCfgUnlockKicker</name>
         <load_address>0xc00d0a0</load_address>
         <run_address>0xc00d0a0</run_address>
         <size>0x40</size>
         <input_file_ref idref="fl-55"/>
      </object_component>
      <object_component id="oc-40d">
         <name>.text:CSL_EMIF4F_EnableInitRefresh</name>
         <load_address>0xc00d0e0</load_address>
         <run_address>0xc00d0e0</run_address>
         <size>0x40</size>
         <input_file_ref idref="fl-54"/>
      </object_component>
      <object_component id="oc-401">
         <name>.text:CSL_EMIF4F_GetPhyControl</name>
         <load_address>0xc00d120</load_address>
         <run_address>0xc00d120</run_address>
         <size>0x40</size>
         <input_file_ref idref="fl-54"/>
      </object_component>
      <object_component id="oc-413">
         <name>.text:CSL_EMIF4F_SetRefreshRate</name>
         <load_address>0xc00d160</load_address>
         <run_address>0xc00d160</run_address>
         <size>0x40</size>
         <input_file_ref idref="fl-54"/>
      </object_component>
      <object_component id="oc-457">
         <name>.text:CSL_PSC_enablePowerDomain</name>
         <load_address>0xc00d1a0</load_address>
         <run_address>0xc00d1a0</run_address>
         <size>0x40</size>
         <input_file_ref idref="fl-54"/>
      </object_component>
      <object_component id="oc-469">
         <name>.text:CSL_PSC_isStateTransitionDone</name>
         <load_address>0xc00d1e0</load_address>
         <run_address>0xc00d1e0</run_address>
         <size>0x40</size>
         <input_file_ref idref="fl-54"/>
      </object_component>
      <object_component id="oc-463">
         <name>.text:CSL_PSC_startStateTransition</name>
         <load_address>0xc00d220</load_address>
         <run_address>0xc00d220</run_address>
         <size>0x40</size>
         <input_file_ref idref="fl-54"/>
      </object_component>
      <object_component id="oc-4aa">
         <name>.text:CSL_SGMII_disableMasterMode</name>
         <load_address>0xc00d260</load_address>
         <run_address>0xc00d260</run_address>
         <size>0x40</size>
         <input_file_ref idref="fl-55"/>
      </object_component>
      <object_component id="oc-498">
         <name>.text:CSL_SGMII_doSoftReset</name>
         <load_address>0xc00d2a0</load_address>
         <run_address>0xc00d2a0</run_address>
         <size>0x40</size>
         <input_file_ref idref="fl-55"/>
      </object_component>
      <object_component id="oc-4b0">
         <name>.text:CSL_SGMII_enableAutoNegotiation</name>
         <load_address>0xc00d2e0</load_address>
         <run_address>0xc00d2e0</run_address>
         <size>0x40</size>
         <input_file_ref idref="fl-55"/>
      </object_component>
      <object_component id="oc-4b6">
         <name>.text:CSL_SGMII_endRxTxSoftReset</name>
         <load_address>0xc00d320</load_address>
         <run_address>0xc00d320</run_address>
         <size>0x40</size>
         <input_file_ref idref="fl-55"/>
      </object_component>
      <object_component id="oc-49e">
         <name>.text:CSL_SGMII_getSoftResetStatus</name>
         <load_address>0xc00d360</load_address>
         <run_address>0xc00d360</run_address>
         <size>0x40</size>
         <input_file_ref idref="fl-55"/>
      </object_component>
      <object_component id="oc-4a4">
         <name>.text:CSL_SGMII_startRxTxSoftReset</name>
         <load_address>0xc00d3a0</load_address>
         <run_address>0xc00d3a0</run_address>
         <size>0x40</size>
         <input_file_ref idref="fl-55"/>
      </object_component>
      <object_component id="oc-3dd">
         <name>.text:CSL_XMC_setXMPAXH</name>
         <load_address>0xc00d3e0</load_address>
         <run_address>0xc00d3e0</run_address>
         <size>0x40</size>
         <input_file_ref idref="fl-54"/>
      </object_component>
      <object_component id="oc-250">
         <name>.text:CSL_chipWriteTSCL</name>
         <load_address>0xc00d420</load_address>
         <run_address>0xc00d420</run_address>
         <size>0x40</size>
         <input_file_ref idref="fl-51"/>
      </object_component>
      <object_component id="oc-5fc">
         <name>.text:__c6xabi_isinf</name>
         <load_address>0xc00d460</load_address>
         <run_address>0xc00d460</run_address>
         <size>0x40</size>
         <input_file_ref idref="fl-3e"/>
      </object_component>
      <object_component id="oc-5f6">
         <name>.text:__c6xabi_isnan</name>
         <load_address>0xc00d4a0</load_address>
         <run_address>0xc00d4a0</run_address>
         <size>0x40</size>
         <input_file_ref idref="fl-30"/>
      </object_component>
      <object_component id="oc-90">
         <name>.text:_args_main</name>
         <load_address>0xc00d4e0</load_address>
         <run_address>0xc00d4e0</run_address>
         <size>0x40</size>
         <input_file_ref idref="fl-31"/>
      </object_component>
      <object_component id="oc-6ff">
         <name>.text:_subcull</name>
         <load_address>0xc00d520</load_address>
         <run_address>0xc00d520</run_address>
         <size>0x40</size>
         <input_file_ref idref="fl-3d"/>
      </object_component>
      <object_component id="oc-19a">
         <name>.text:csl_section:edma3:CSL_edma3ChannelClose</name>
         <load_address>0xc00d560</load_address>
         <run_address>0xc00d560</run_address>
         <size>0x40</size>
         <input_file_ref idref="fl-63"/>
      </object_component>
      <object_component id="oc-28c">
         <name>.text:enableL1PEDC</name>
         <load_address>0xc00d5a0</load_address>
         <run_address>0xc00d5a0</run_address>
         <size>0x40</size>
         <input_file_ref idref="fl-51"/>
      </object_component>
      <object_component id="oc-298">
         <name>.text:enableL2EDC</name>
         <load_address>0xc00d5e0</load_address>
         <run_address>0xc00d5e0</run_address>
         <size>0x40</size>
         <input_file_ref idref="fl-51"/>
      </object_component>
      <object_component id="oc-3c7">
         <name>.text:pll_delay</name>
         <load_address>0xc00d620</load_address>
         <run_address>0xc00d620</run_address>
         <size>0x40</size>
         <input_file_ref idref="fl-54"/>
      </object_component>
      <object_component id="oc-152">
         <name>.text:CSL_GPIO_open</name>
         <load_address>0xc00d660</load_address>
         <run_address>0xc00d660</run_address>
         <size>0x20</size>
         <input_file_ref idref="fl-5c"/>
      </object_component>
      <object_component id="oc-565">
         <name>.text:CSL_chipReadTSCL</name>
         <load_address>0xc00d680</load_address>
         <run_address>0xc00d680</run_address>
         <size>0x20</size>
         <input_file_ref idref="fl-51"/>
      </object_component>
      <object_component id="oc-6ea">
         <name>.text:__c6xabi_errno_addr</name>
         <load_address>0xc00d6a0</load_address>
         <run_address>0xc00d6a0</run_address>
         <size>0x20</size>
         <input_file_ref idref="fl-4a"/>
      </object_component>
      <object_component id="oc-515">
         <name>.text:_nop</name>
         <load_address>0xc00d6c0</load_address>
         <run_address>0xc00d6c0</run_address>
         <size>0x20</size>
         <input_file_ref idref="fl-2f"/>
      </object_component>
      <object_component id="oc-2e4">
         <name>.text:_outc</name>
         <load_address>0xc00d6e0</load_address>
         <run_address>0xc00d6e0</run_address>
         <size>0x20</size>
         <input_file_ref idref="fl-2e"/>
      </object_component>
      <object_component id="oc-2ea">
         <name>.text:_outs</name>
         <load_address>0xc00d700</load_address>
         <run_address>0xc00d700</run_address>
         <size>0x20</size>
         <input_file_ref idref="fl-2e"/>
      </object_component>
      <object_component id="oc-109">
         <name>.text:abort</name>
         <load_address>0xc00d720</load_address>
         <run_address>0xc00d720</run_address>
         <size>0x20</size>
         <input_file_ref idref="fl-2a"/>
      </object_component>
      <object_component id="oc-1a0">
         <name>.text:csl_section:edma3:CSL_edma3Close</name>
         <load_address>0xc00d740</load_address>
         <run_address>0xc00d740</run_address>
         <size>0x20</size>
         <input_file_ref idref="fl-5f"/>
      </object_component>
      <object_component id="oc-164">
         <name>.text:csl_section:edma3:CSL_edma3Init</name>
         <load_address>0xc00d760</load_address>
         <run_address>0xc00d760</run_address>
         <size>0x20</size>
         <input_file_ref idref="fl-5d"/>
      </object_component>
      <object_component id="oc-d3">
         <name>.text:csl_section:intc:CSL_intcHookIsr</name>
         <load_address>0xc00d780</load_address>
         <run_address>0xc00d780</run_address>
         <size>0x20</size>
         <input_file_ref idref="fl-76"/>
      </object_component>
      <object_component id="oc-c1">
         <name>.text:csl_section:intc</name>
         <load_address>0xc00d7a0</load_address>
         <run_address>0xc00d7a0</run_address>
         <size>0x20</size>
         <input_file_ref idref="fl-73"/>
      </object_component>
      <object_component id="oc-2a">
         <name>.text:decompress:ZI:__TI_zero_init</name>
         <load_address>0xc00d7c0</load_address>
         <run_address>0xc00d7c0</run_address>
         <size>0x20</size>
         <input_file_ref idref="fl-28"/>
      </object_component>
      <object_component id="oc-1e">
         <name>.text:decompress:none:__TI_decompress_none</name>
         <load_address>0xc00d7e0</load_address>
         <run_address>0xc00d7e0</run_address>
         <size>0x20</size>
         <input_file_ref idref="fl-26"/>
      </object_component>
      <object_component id="oc-24">
         <name>.text:decompress:rle24:__TI_decompress_rle24</name>
         <load_address>0xc00d800</load_address>
         <run_address>0xc00d800</run_address>
         <size>0x20</size>
         <input_file_ref idref="fl-27"/>
      </object_component>
      <object_component id="oc-b0">
         <name>.text:dint</name>
         <load_address>0xc00d820</load_address>
         <run_address>0xc00d820</run_address>
         <size>0x20</size>
         <input_file_ref idref="fl-74"/>
      </object_component>
      <object_component id="oc-292">
         <name>.text:enableEDCL2EDCEN</name>
         <load_address>0xc00d840</load_address>
         <run_address>0xc00d840</run_address>
         <size>0x20</size>
         <input_file_ref idref="fl-51"/>
      </object_component>
      <object_component id="oc-bb">
         <name>.text:rint</name>
         <load_address>0xc00d860</load_address>
         <run_address>0xc00d860</run_address>
         <size>0x20</size>
         <input_file_ref idref="fl-74"/>
      </object_component>
      <object_component id="oc-3b">
         <name>.stack</name>
         <uninitialized>true</uninitialized>
         <run_address>0xc015880</run_address>
         <size>0x8</size>
         <input_file_ref idref="fl-25"/>
      </object_component>
      <object_component id="oc-7a7">
         <name>.stack</name>
         <uninitialized>true</uninitialized>
         <run_address>0xc015880</run_address>
         <size>0x0</size>
      </object_component>
      <object_component id="oc-ad">
         <name>.bss:csl_section:intc:init</name>
         <load_address>0xc018504</load_address>
         <run_address>0xc018504</run_address>
         <size>0x8</size>
         <input_file_ref idref="fl-72"/>
      </object_component>
      <object_component id="oc-a3">
         <name>.bss:csl_section:intc:uninit</name>
         <load_address>0xc0184b8</load_address>
         <run_address>0xc0184b8</run_address>
         <size>0x4c</size>
         <input_file_ref idref="fl-72"/>
      </object_component>
      <object_component id="oc-1d2">
         <name>.common:EdmaStat</name>
         <load_address>0xc018510</load_address>
         <run_address>0xc018510</run_address>
         <size>0x2</size>
      </object_component>
      <object_component id="oc-2d7">
         <name>.common:data1_reg_val</name>
         <load_address>0xc01850c</load_address>
         <run_address>0xc01850c</run_address>
         <size>0x4</size>
      </object_component>
      <object_component id="oc-75a">
         <name>.cio</name>
         <uninitialized>true</uninitialized>
         <run_address>0xc018290</run_address>
         <size>0x120</size>
         <input_file_ref idref="fl-48"/>
      </object_component>
      <object_component id="oc-5f1">
         <name>.const:.string:_ctypes_</name>
         <load_address>0xc017e20</load_address>
         <run_address>0xc017e20</run_address>
         <size>0x101</size>
         <input_file_ref idref="fl-35"/>
      </object_component>
      <object_component id="oc-2d2">
         <name>.const:.string</name>
         <load_address>0xc017f24</load_address>
         <run_address>0xc017f24</run_address>
         <size>0x48</size>
         <input_file_ref idref="fl-2"/>
      </object_component>
      <object_component id="oc-1df">
         <name>.const:.string</name>
         <load_address>0xc017f6c</load_address>
         <run_address>0xc017f6c</run_address>
         <size>0x44</size>
         <input_file_ref idref="fl-3"/>
      </object_component>
      <object_component id="oc-5ce">
         <name>.const:.string</name>
         <load_address>0xc017fb0</load_address>
         <run_address>0xc017fb0</run_address>
         <size>0x24</size>
         <input_file_ref idref="fl-30"/>
      </object_component>
      <object_component id="oc-223">
         <name>.switch:CSL_chipReadReg</name>
         <load_address>0xc017fd4</load_address>
         <run_address>0xc017fd4</run_address>
         <size>0x80</size>
         <input_file_ref idref="fl-67"/>
      </object_component>
      <object_component id="oc-23f">
         <name>.switch:CSL_edma3HwControl</name>
         <load_address>0xc018054</load_address>
         <run_address>0xc018054</run_address>
         <size>0x3c</size>
         <input_file_ref idref="fl-60"/>
      </object_component>
      <object_component id="oc-61a">
         <name>.switch:_pproc_fgea</name>
         <load_address>0xc018090</load_address>
         <run_address>0xc018090</run_address>
         <size>0x38</size>
         <input_file_ref idref="fl-30"/>
      </object_component>
      <object_component id="oc-242">
         <name>.switch:CSL_edma3GetHwStatus</name>
         <load_address>0xc0180c8</load_address>
         <run_address>0xc0180c8</run_address>
         <size>0x20</size>
         <input_file_ref idref="fl-61"/>
      </object_component>
      <object_component id="oc-50a">
         <name>.switch:CSL_intcHwControl</name>
         <load_address>0xc0180e8</load_address>
         <run_address>0xc0180e8</run_address>
         <size>0x1c</size>
         <input_file_ref idref="fl-70"/>
      </object_component>
      <object_component id="oc-22a">
         <name>.switch:CSL_edma3HwChannelControl</name>
         <load_address>0xc018104</load_address>
         <run_address>0xc018104</run_address>
         <size>0x14</size>
         <input_file_ref idref="fl-65"/>
      </object_component>
      <object_component id="oc-506">
         <name>.switch:CSL_CPINTC_open</name>
         <load_address>0xc018118</load_address>
         <run_address>0xc018118</run_address>
         <size>0x10</size>
         <input_file_ref idref="fl-5b"/>
      </object_component>
      <object_component id="oc-d9">
         <name>.switch:CSL_intcOpen</name>
         <load_address>0xc018128</load_address>
         <run_address>0xc018128</run_address>
         <size>0x10</size>
         <input_file_ref idref="fl-71"/>
      </object_component>
      <object_component id="oc-3e">
         <name>.sysmem</name>
         <uninitialized>true</uninitialized>
         <run_address>0xc00d880</run_address>
         <size>0x8</size>
         <input_file_ref idref="fl-2c"/>
      </object_component>
      <object_component id="oc-7a8">
         <name>.sysmem</name>
         <uninitialized>true</uninitialized>
         <run_address>0xc00d880</run_address>
         <size>0x0</size>
      </object_component>
      <object_component id="oc-1d5">
         <name>.common:regionIpr</name>
         <uninitialized>true</uninitialized>
         <run_address>0xc018278</run_address>
         <size>0xc</size>
      </object_component>
      <object_component id="oc-717">
         <name>.common:__TI_tmpnams</name>
         <uninitialized>true</uninitialized>
         <run_address>0xc018138</run_address>
         <size>0x140</size>
      </object_component>
      <object_component id="oc-71a">
         <name>.common:parmbuf</name>
         <uninitialized>true</uninitialized>
         <run_address>0xc018288</run_address>
         <size>0x8</size>
      </object_component>
      <object_component id="oc-7a6">
         <name>.cinit.platform_lib.load</name>
         <load_address>0xc018518</load_address>
         <run_address>0xc018518</run_address>
         <size>0x9a</size>
      </object_component>
      <object_component id="oc-7a4">
         <name>.cinit..fardata.load</name>
         <load_address>0xc0185b4</load_address>
         <run_address>0xc0185b4</run_address>
         <size>0x7e</size>
      </object_component>
      <object_component id="oc-7a5">
         <name>.cinit..testData.load</name>
         <load_address>0xc018634</load_address>
         <run_address>0xc018634</run_address>
         <size>0xf</size>
      </object_component>
      <object_component id="oc-79d">
         <name>__TI_handler_table</name>
         <load_address>0xc018644</load_address>
         <run_address>0xc018644</run_address>
         <size>0xc</size>
      </object_component>
      <object_component id="oc-7a3">
         <name>.cinit..neardata.load</name>
         <load_address>0xc018650</load_address>
         <run_address>0xc018650</run_address>
         <size>0xb</size>
      </object_component>
      <object_component id="oc-7a1">
         <name>.cinit..bss.load</name>
         <load_address>0xc01865c</load_address>
         <run_address>0xc01865c</run_address>
         <size>0x9</size>
      </object_component>
      <object_component id="oc-7a2">
         <name>.cinit..far.load</name>
         <load_address>0xc018668</load_address>
         <run_address>0xc018668</run_address>
         <size>0x8</size>
      </object_component>
      <object_component id="oc-79f">
         <name>.cinit..gem0_data.load</name>
         <load_address>0xc018670</load_address>
         <run_address>0xc018670</run_address>
         <size>0x8</size>
      </object_component>
      <object_component id="oc-7a0">
         <name>.cinit..gem1_data.load</name>
         <load_address>0xc018678</load_address>
         <run_address>0xc018678</run_address>
         <size>0x8</size>
      </object_component>
      <object_component id="oc-79e">
         <name>__TI_cinit_table</name>
         <load_address>0xc018680</load_address>
         <run_address>0xc018680</run_address>
         <size>0x40</size>
      </object_component>
      <object_component id="oc-1dc">
         <name>.neardata</name>
         <load_address>0xc017bb4</load_address>
         <run_address>0xc017bb4</run_address>
         <size>0x2</size>
         <input_file_ref idref="fl-3"/>
      </object_component>
      <object_component id="oc-24a">
         <name>.neardata</name>
         <load_address>0xc017bac</load_address>
         <run_address>0xc017bac</run_address>
         <size>0x8</size>
         <input_file_ref idref="fl-51"/>
      </object_component>
      <object_component id="oc-106">
         <name>.fardata</name>
         <load_address>0xc017b88</load_address>
         <run_address>0xc017b88</run_address>
         <size>0xc</size>
         <input_file_ref idref="fl-2a"/>
      </object_component>
      <object_component id="oc-2f8">
         <name>.fardata</name>
         <load_address>0xc017b94</load_address>
         <run_address>0xc017b94</run_address>
         <size>0x8</size>
         <input_file_ref idref="fl-2c"/>
      </object_component>
      <object_component id="oc-2db">
         <name>.fardata:_lock</name>
         <load_address>0xc017b9c</load_address>
         <run_address>0xc017b9c</run_address>
         <size>0x4</size>
         <input_file_ref idref="fl-2f"/>
      </object_component>
      <object_component id="oc-2e1">
         <name>.fardata:_unlock</name>
         <load_address>0xc017ba0</load_address>
         <run_address>0xc017ba0</run_address>
         <size>0x4</size>
         <input_file_ref idref="fl-2f"/>
      </object_component>
      <object_component id="oc-2de">
         <name>.fardata:_ftable</name>
         <load_address>0xc017880</load_address>
         <run_address>0xc017880</run_address>
         <size>0x1e0</size>
         <input_file_ref idref="fl-36"/>
      </object_component>
      <object_component id="oc-696">
         <name>.fardata</name>
         <load_address>0xc017ba4</load_address>
         <run_address>0xc017ba4</run_address>
         <size>0x4</size>
         <input_file_ref idref="fl-36"/>
      </object_component>
      <object_component id="oc-643">
         <name>.fardata:_device</name>
         <load_address>0xc017b00</load_address>
         <run_address>0xc017b00</run_address>
         <size>0x78</size>
         <input_file_ref idref="fl-42"/>
      </object_component>
      <object_component id="oc-5e6">
         <name>.fardata:_stream</name>
         <load_address>0xc017a60</load_address>
         <run_address>0xc017a60</run_address>
         <size>0xa0</size>
         <input_file_ref idref="fl-42"/>
      </object_component>
      <object_component id="oc-73f">
         <name>.fardata</name>
         <load_address>0xc017ba8</load_address>
         <run_address>0xc017ba8</run_address>
         <size>0x4</size>
         <input_file_ref idref="fl-4a"/>
      </object_component>
      <object_component id="oc-588">
         <name>.fardata:cpsgmiiPortBaseAddr</name>
         <load_address>0xc017b78</load_address>
         <run_address>0xc017b78</run_address>
         <size>0x10</size>
         <input_file_ref idref="fl-68"/>
      </object_component>
      <object_component id="oc-36">
         <name>.csl_vect</name>
         <load_address>0xc017c00</load_address>
         <run_address>0xc017c00</run_address>
         <size>0x220</size>
         <input_file_ref idref="fl-6b"/>
      </object_component>
      <object_component id="oc-2cf">
         <name>.testData:uninit</name>
         <load_address>0x800000</load_address>
         <run_address>0x800000</run_address>
         <size>0xbc</size>
         <input_file_ref idref="fl-2"/>
      </object_component>
      <object_component id="oc-2d3">
         <name>.testData:init</name>
         <load_address>0x800160</load_address>
         <run_address>0x800160</run_address>
         <size>0x4</size>
         <input_file_ref idref="fl-2"/>
      </object_component>
      <object_component id="oc-1cf">
         <name>.testData</name>
         <load_address>0x8000bc</load_address>
         <run_address>0x8000bc</run_address>
         <size>0xa4</size>
         <input_file_ref idref="fl-3"/>
      </object_component>
      <object_component id="oc-24d">
         <name>platform_lib:init</name>
         <load_address>0xc0183b0</load_address>
         <run_address>0xc0183b0</run_address>
         <size>0x108</size>
         <input_file_ref idref="fl-51"/>
      </object_component>
      <object_component id="oc-13b">
         <name>.debug_info</name>
         <load_address>0x0</load_address>
         <run_address>0x0</run_address>
         <size>0x65c</size>
         <input_file_ref idref="fl-2"/>
      </object_component>
      <object_component id="oc-2d0">
         <name>.debug_info</name>
         <load_address>0x65c</load_address>
         <run_address>0x65c</run_address>
         <size>0x1b5</size>
         <input_file_ref idref="fl-2"/>
      </object_component>
      <object_component id="oc-2d4">
         <name>.debug_info</name>
         <load_address>0x811</load_address>
         <run_address>0x811</run_address>
         <size>0xf4</size>
         <input_file_ref idref="fl-2"/>
      </object_component>
      <object_component id="oc-1b2">
         <name>.debug_info</name>
         <load_address>0x905</load_address>
         <run_address>0x905</run_address>
         <size>0xffb</size>
         <input_file_ref idref="fl-2"/>
      </object_component>
      <object_component id="oc-db">
         <name>.debug_info</name>
         <load_address>0x1900</load_address>
         <run_address>0x1900</run_address>
         <size>0x359</size>
         <input_file_ref idref="fl-2"/>
      </object_component>
      <object_component id="oc-215">
         <name>.debug_info</name>
         <load_address>0x1c59</load_address>
         <run_address>0x1c59</run_address>
         <size>0xb94</size>
         <input_file_ref idref="fl-2"/>
      </object_component>
      <object_component id="oc-c7">
[...]
      <symbol id="sm-5c2">
         <name>_ctypes_</name>
         <value>0xc017e20</value>
         <object_component_ref idref="oc-5f1"/>
      </symbol>
      <symbol id="sm-5d2">
         <name>__TI_tmpnams</name>
         <value>0xc018138</value>
      </symbol>
      <symbol id="sm-5d3">
         <name>_ftable</name>
         <value>0xc017880</value>
         <object_component_ref idref="oc-2de"/>
      </symbol>
      <symbol id="sm-5d4">
         <name>__TI_ft_end</name>
         <value>0xc017ba4</value>
         <object_component_ref idref="oc-696"/>
      </symbol>
      <symbol id="sm-5f3">
         <name>__c6xabi_divd</name>
         <value>0xc0022e0</value>
         <object_component_ref idref="oc-65d"/>
      </symbol>
      <symbol id="sm-611">
         <name>putc</name>
         <value>0xc008660</value>
         <object_component_ref idref="oc-524"/>
      </symbol>
      <symbol id="sm-612">
         <name>fputc</name>
         <value>0xc008660</value>
         <object_component_ref idref="oc-524"/>
      </symbol>
      <symbol id="sm-63b">
         <name>fputs</name>
         <value>0xc005620</value>
         <object_component_ref idref="oc-52b"/>
      </symbol>
      <symbol id="sm-64e">
         <name>__TI_frcmpyd_div</name>
         <value>0xc00cc40</value>
         <object_component_ref idref="oc-6d6"/>
      </symbol>
      <symbol id="sm-662">
         <name>frexpl</name>
         <value>0xc008f40</value>
         <object_component_ref idref="oc-672"/>
      </symbol>
      <symbol id="sm-663">
         <name>frexp</name>
         <value>0xc008f40</value>
         <object_component_ref idref="oc-672"/>
      </symbol>
      <symbol id="sm-674">
         <name>__c6xabi_divul</name>
         <value>0xc008880</value>
         <object_component_ref idref="oc-685"/>
      </symbol>
      <symbol id="sm-691">
         <name>_subcull</name>
         <value>0xc00d520</value>
         <object_component_ref idref="oc-6ff"/>
      </symbol>
      <symbol id="sm-692">
         <name>__c6xabi_divull</name>
         <value>0xc007500</value>
         <object_component_ref idref="oc-67f"/>
      </symbol>
      <symbol id="sm-69b">
         <name>__c6xabi_isinf</name>
         <value>0xc00d460</value>
         <object_component_ref idref="oc-5fc"/>
      </symbol>
      <symbol id="sm-6ac">
         <name>ldexpl</name>
         <value>0xc009d20</value>
         <object_component_ref idref="oc-6f2"/>
      </symbol>
      <symbol id="sm-6ad">
         <name>ldexp</name>
         <value>0xc009d20</value>
         <object_component_ref idref="oc-6f2"/>
      </symbol>
      <symbol id="sm-6c8">
         <name>__c6xabi_llshru</name>
         <value>0xc00cca0</value>
         <object_component_ref idref="oc-6d0"/>
      </symbol>
      <symbol id="sm-6c9">
         <name>__c6xabi_llshl</name>
         <value>0xc00c880</value>
         <object_component_ref idref="oc-6f9"/>
      </symbol>
      <symbol id="sm-72d">
         <name>lseek</name>
         <value>0xc00cd60</value>
         <object_component_ref idref="oc-62c"/>
      </symbol>
      <symbol id="sm-72e">
         <name>write</name>
         <value>0xc00cee0</value>
         <object_component_ref idref="oc-5a5"/>
      </symbol>
      <symbol id="sm-72f">
         <name>close</name>
         <value>0xc00b420</value>
         <object_component_ref idref="oc-70b"/>
      </symbol>
      <symbol id="sm-730">
         <name>unlink</name>
         <value>0xc00c980</value>
         <object_component_ref idref="oc-711"/>
      </symbol>
      <symbol id="sm-740">
         <name>ltoa</name>
         <value>0xc00b500</value>
         <object_component_ref idref="oc-663"/>
      </symbol>
      <symbol id="sm-751">
         <name>memccpy</name>
         <value>0xc00cdc0</value>
         <object_component_ref idref="oc-5c8"/>
      </symbol>
      <symbol id="sm-76a">
         <name>__TI_tls_init</name>
         <value>0xc00bfe0</value>
         <object_component_ref idref="oc-117"/>
      </symbol>
      <symbol id="sm-7d3">
         <name>HOSTrename</name>
         <value>0xc008c00</value>
         <object_component_ref idref="oc-6c6"/>
      </symbol>
      <symbol id="sm-7d4">
         <name>HOSTclose</name>
         <value>0xc00c280</value>
         <object_component_ref idref="oc-6a8"/>
      </symbol>
      <symbol id="sm-7d5">
         <name>HOSTunlink</name>
         <value>0xc00b920</value>
         <object_component_ref idref="oc-6c0"/>
      </symbol>
      <symbol id="sm-7d6">
         <name>HOSTlseek</name>
         <value>0xc00a9a0</value>
         <object_component_ref idref="oc-6ba"/>
      </symbol>
      <symbol id="sm-7d7">
         <name>HOSTopen</name>
         <value>0xc00b180</value>
         <object_component_ref idref="oc-6a2"/>
      </symbol>
      <symbol id="sm-7d8">
         <name>HOSTwrite</name>
         <value>0xc00b260</value>
         <object_component_ref idref="oc-6b4"/>
      </symbol>
      <symbol id="sm-7d9">
         <name>HOSTread</name>
         <value>0xc00b860</value>
         <object_component_ref idref="oc-6ae"/>
      </symbol>
      <symbol id="sm-7ff">
         <name>__TI_readmsg</name>
         <value>0xc00c780</value>
         <object_component_ref idref="oc-723"/>
      </symbol>
      <symbol id="sm-800">
         <name>C$$IO$$</name>
         <value>0xc00c860</value>
         <object_component_ref idref="oc-71d"/>
      </symbol>
      <symbol id="sm-801">
         <name>__CIOBUF_</name>
         <value>0xc018290</value>
         <object_component_ref idref="oc-75a"/>
      </symbol>
      <symbol id="sm-802">
         <name>__TI_writemsg</name>
         <value>0xc00c800</value>
         <object_component_ref idref="oc-71d"/>
      </symbol>
      <symbol id="sm-818">
         <name>__TI_wrt_ok</name>
         <value>0xc00aba0</value>
         <object_component_ref idref="oc-59f"/>
      </symbol>
      <symbol id="sm-829">
         <name>__errno</name>
         <value>0xc017ba8</value>
         <object_component_ref idref="oc-73f"/>
      </symbol>
      <symbol id="sm-82a">
         <name>errno</name>
         <value>0xc017ba8</value>
         <object_component_ref idref="oc-73f"/>
      </symbol>
      <symbol id="sm-82b">
         <name>__c6xabi_errno_addr</name>
         <value>0xc00d6a0</value>
         <object_component_ref idref="oc-6ea"/>
      </symbol>
      <symbol id="sm-83a">
         <name>__TI_doflush</name>
         <value>0xc00b9e0</value>
         <object_component_ref idref="oc-5ab"/>
      </symbol>
      <symbol id="sm-84f">
         <name>fseek</name>
         <value>0xc00a780</value>
         <object_component_ref idref="oc-5d8"/>
      </symbol>
      <symbol id="sm-86a">
         <name>setvbuf</name>
         <value>0xc007980</value>
         <object_component_ref idref="oc-5de"/>
      </symbol>
      <symbol id="sm-878">
         <name>__TI_cleanup</name>
         <value>0xc00c3c0</value>
         <object_component_ref idref="oc-634"/>
      </symbol>
      <symbol id="sm-88e">
         <name>__TI_closefile</name>
         <value>0xc009960</value>
         <object_component_ref idref="oc-699"/>
      </symbol>
      <symbol id="sm-97e">
         <name>platform_init</name>
         <value>0xc0072a0</value>
         <object_component_ref idref="oc-1ab"/>
      </symbol>
      <symbol id="sm-97f">
         <name>gDeviceEeprom1</name>
         <value>0xc018474</value>
         <object_component_ref idref="oc-24d"/>
      </symbol>
      <symbol id="sm-980">
         <name>gDeviceEeprom0</name>
         <value>0xc01843c</value>
         <object_component_ref idref="oc-24d"/>
      </symbol>
      <symbol id="sm-981">
         <name>platform_errno</name>
         <value>0xc017bac</value>
         <object_component_ref idref="oc-24a"/>
      </symbol>
      <symbol id="sm-982">
         <name>platform_init_return_code</name>
         <value>0xc017bb0</value>
         <object_component_ref idref="oc-24a"/>
      </symbol>
      <symbol id="sm-983">
         <name>platform_delaycycles</name>
         <value>0xc00ce20</value>
         <object_component_ref idref="oc-3ef"/>
      </symbol>
      <symbol id="sm-984">
         <name>gDeviceNand</name>
         <value>0xc0183cc</value>
         <object_component_ref idref="oc-24d"/>
      </symbol>
      <symbol id="sm-985">
         <name>emac_port_mode</name>
         <value>0xc0184b0</value>
         <object_component_ref idref="oc-24d"/>
      </symbol>
      <symbol id="sm-986">
         <name>gDeviceNor</name>
         <value>0xc018404</value>
         <object_component_ref idref="oc-24d"/>
      </symbol>
      <symbol id="sm-af1">
         <name>PowerUpDomains</name>
         <value>0xc00c320</value>
         <object_component_ref idref="oc-286"/>
      </symbol>
      <symbol id="sm-af2">
         <name>CorePllcGetHwSetup</name>
         <value>0xc00a8a0</value>
         <object_component_ref idref="oc-25c"/>
      </symbol>
      <symbol id="sm-af3">
         <name>SetPaPllConfig</name>
         <value>0xc007bc0</value>
         <object_component_ref idref="oc-262"/>
      </symbol>
      <symbol id="sm-af4">
         <name>SetDDR3PllConfig</name>
         <value>0xc008da0</value>
         <object_component_ref idref="oc-268"/>
      </symbol>
      <symbol id="sm-af5">
         <name>DDR3Init</name>
         <value>0xc004280</value>
         <object_component_ref idref="oc-274"/>
      </symbol>
      <symbol id="sm-af6">
         <name>xmc_setup</name>
         <value>0xc00cf40</value>
         <object_component_ref idref="oc-26e"/>
      </symbol>
      <symbol id="sm-af7">
         <name>CorePllcHwSetup</name>
         <value>0xc006b40</value>
         <object_component_ref idref="oc-256"/>
      </symbol>
      <symbol id="sm-af8">
         <name>prog_pll1_values</name>
         <value>0xc009580</value>
         <object_component_ref idref="oc-3cd"/>
      </symbol>
      <symbol id="sm-b91">
         <name>Init_SGMII</name>
         <value>0xc00a540</value>
         <object_component_ref idref="oc-2aa"/>
      </symbol>
      <symbol id="sm-b92">
         <name>configSerdes</name>
         <value>0xc00c500</value>
         <object_component_ref idref="oc-2a4"/>
      </symbol>
      <symbol id="sm-ba7">
         <name>CSL_CPINTC_open</name>
         <value>0xc00cac0</value>
         <object_component_ref idref="oc-2b7"/>
      </symbol>
      <symbol id="sm-bb3">
         <name>CSL_GPIO_open</name>
         <value>0xc00d660</value>
         <object_component_ref idref="oc-152"/>
      </symbol>
      <symbol id="sm-bbf">
         <name>CSL_edma3Init</name>
         <value>0xc00d760</value>
         <object_component_ref idref="oc-164"/>
      </symbol>
      <symbol id="sm-bcd">
         <name>CSL_edma3Open</name>
         <value>0xc00bc20</value>
         <object_component_ref idref="oc-16a"/>
      </symbol>
      <symbol id="sm-bd9">
         <name>CSL_edma3Close</name>
         <value>0xc00d740</value>
         <object_component_ref idref="oc-1a0"/>
      </symbol>
      <symbol id="sm-bf9">
         <name>CSL_edma3HwControl</name>
         <value>0xc003920</value>
         <object_component_ref idref="oc-18e"/>
      </symbol>
      <symbol id="sm-c12">
         <name>CSL_edma3GetHwStatus</name>
         <value>0xc0062e0</value>
         <object_component_ref idref="oc-194"/>
      </symbol>
      <symbol id="sm-c23">
         <name>CSL_edma3ChannelOpen</name>
         <value>0xc00a660</value>
         <object_component_ref idref="oc-170"/>
      </symbol>
      <symbol id="sm-c2f">
         <name>CSL_edma3ChannelClose</name>
         <value>0xc00d560</value>
         <object_component_ref idref="oc-19a"/>
      </symbol>
      <symbol id="sm-c45">
         <name>CSL_edma3HwChannelSetupParam</name>
         <value>0xc00c5a0</value>
         <object_component_ref idref="oc-176"/>
      </symbol>
      <symbol id="sm-c46">
         <name>CSL_edma3HwChannelSetupQue</name>
         <value>0xc00bb60</value>
         <object_component_ref idref="oc-188"/>
      </symbol>
      <symbol id="sm-c66">
         <name>CSL_edma3HwChannelControl</name>
         <value>0xc002e80</value>
         <object_component_ref idref="oc-15e"/>
      </symbol>
      <symbol id="sm-c83">
         <name>CSL_edma3GetParamHandle</name>
         <value>0xc00c900</value>
         <object_component_ref idref="oc-17c"/>
      </symbol>
      <symbol id="sm-c84">
         <name>CSL_edma3ParamSetup</name>
         <value>0xc00c640</value>
         <object_component_ref idref="oc-182"/>
      </symbol>
      <symbol id="sm-caa">
         <name>CSL_chipReadReg</name>
         <value>0xc00a420</value>
         <object_component_ref idref="oc-158"/>
      </symbol>
      <symbol id="sm-cb4">
         <name>cpsgmiiPortBaseAddr</name>
         <value>0xc017b78</value>
         <object_component_ref idref="oc-588"/>
      </symbol>
      <symbol id="sm-cc5">
         <name>CSL_edma3ccGetModuleBaseAddr</name>
         <value>0xc00aea0</value>
         <object_component_ref idref="oc-22f"/>
      </symbol>
      <symbol id="sm-ccd">
         <name>CSL_intcGlobalExcepEnable</name>
         <value>0xc009ce4</value>
         <object_component_ref idref="oc-b6"/>
      </symbol>
      <symbol id="sm-cce">
         <name>CSL_intcInterruptClear</name>
         <value>0xc009c30</value>
         <object_component_ref idref="oc-b6"/>
      </symbol>
      <symbol id="sm-ccf">
         <name>CSL_intcIvpSet</name>
         <value>0xc009be0</value>
         <object_component_ref idref="oc-b6"/>
      </symbol>
      <symbol id="sm-cd0">
         <name>CSL_intcQueryInterruptStatus</name>
         <value>0xc009c64</value>
         <object_component_ref idref="oc-b6"/>
      </symbol>
      <symbol id="sm-cd1">
         <name>CSL_intcInterruptRestore</name>
         <value>0xc009c4c</value>
         <object_component_ref idref="oc-b6"/>
      </symbol>
      <symbol id="sm-cd2">
         <name>CSL_intcGlobalEnable</name>
         <value>0xc009c78</value>
         <object_component_ref idref="oc-b6"/>
      </symbol>
      <symbol id="sm-cd3">
         <name>CSL_intcGlobalRestore</name>
         <value>0xc009cb8</value>
         <object_component_ref idref="oc-b6"/>
      </symbol>
      <symbol id="sm-cd4">
         <name>CSL_intcInterruptSet</name>
         <value>0xc009c40</value>
         <object_component_ref idref="oc-b6"/>
      </symbol>
      <symbol id="sm-cd5">
         <name>CSL_intcGlobalDisable</name>
         <value>0xc009c98</value>
         <object_component_ref idref="oc-b6"/>
      </symbol>
      <symbol id="sm-cd6">
         <name>CSL_intcGlobalNmiEnable</name>
         <value>0xc009cd0</value>
         <object_component_ref idref="oc-b6"/>
      </symbol>
      <symbol id="sm-cd7">
         <name>CSL_intcGlobalExcepClear</name>
         <value>0xc009d0c</value>
         <object_component_ref idref="oc-b6"/>
      </symbol>
      <symbol id="sm-cd8">
         <name>CSL_intcInterruptDisable</name>
         <value>0xc009c10</value>
         <object_component_ref idref="oc-b6"/>
      </symbol>
      <symbol id="sm-cd9">
         <name>CSL_intcGlobalExtExcepEnable</name>
         <value>0xc009cf8</value>
         <object_component_ref idref="oc-b6"/>
      </symbol>
      <symbol id="sm-cda">
         <name>CSL_intcInterruptEnable</name>
         <value>0xc009bf0</value>
         <object_component_ref idref="oc-b6"/>
      </symbol>
      <symbol id="sm-cf2">
         <name>_CSL_intcVectorTable</name>
         <value>0xc017c00</value>
         <object_component_ref idref="oc-36"/>
      </symbol>
      <symbol id="sm-cf3">
         <name>CSL_Entry</name>
         <value>0xc017e00</value>
         <object_component_ref idref="oc-36"/>
      </symbol>
      <symbol id="sm-d11">
         <name>CSL_intcInit</name>
         <value>0xc009280</value>
         <object_component_ref idref="oc-42"/>
      </symbol>
      <symbol id="sm-d23">
         <name>CSL_intcPlugEventHandler</name>
         <value>0xc00afa0</value>
         <object_component_ref idref="oc-2bd"/>
      </symbol>
      <symbol id="sm-d32">
         <name>CSL_intcClose</name>
         <value>0xc00bce0</value>
         <object_component_ref idref="oc-2c9"/>
      </symbol>
      <symbol id="sm-d3d">
         <name>CSL_intcDispatcher</name>
         <value>0xc008a40</value>
         <object_component_ref idref="oc-41"/>
      </symbol>
      <symbol id="sm-d5d">
         <name>CSL_intcHwControl</name>
         <value>0xc004b00</value>
         <object_component_ref idref="oc-2c3"/>
      </symbol>
      <symbol id="sm-d77">
         <name>CSL_intcOpen</name>
         <value>0xc007040</value>
         <object_component_ref idref="oc-4e"/>
      </symbol>
      <symbol id="sm-d86">
         <name>CSL_intcEventOffsetMap</name>
         <value>0xc018508</value>
         <object_component_ref idref="oc-ad"/>
      </symbol>
      <symbol id="sm-d87">
         <name>CSL_intcNumEvents</name>
         <value>0xc0184fc</value>
         <object_component_ref idref="oc-a3"/>
      </symbol>
      <symbol id="sm-d88">
         <name>CSL_intcCpuIntrTable</name>
         <value>0xc0184b8</value>
         <object_component_ref idref="oc-a3"/>
      </symbol>
      <symbol id="sm-d89">
         <name>CSL_intcAllocMask</name>
         <value>0xc018504</value>
         <object_component_ref idref="oc-ad"/>
      </symbol>
      <symbol id="sm-d8a">
         <name>CSL_intcEventHandlerRecord_p</name>
         <value>0xc018500</value>
         <object_component_ref idref="oc-a3"/>
      </symbol>
      <symbol id="sm-d92">
         <name>CSL_intcNmiDummy</name>
         <value>0xc00d7a0</value>
         <object_component_ref idref="oc-c1"/>
      </symbol>
      <symbol id="sm-da2">
         <name>rint</name>
         <value>0xc00d860</value>
         <object_component_ref idref="oc-bb"/>
      </symbol>
      <symbol id="sm-da3">
         <name>dint</name>
         <value>0xc00d820</value>
         <object_component_ref idref="oc-b0"/>
      </symbol>
      <symbol id="sm-dd9">
         <name>CSL_intcEvent1Dispatcher</name>
         <value>0xc008000</value>
         <object_component_ref idref="oc-5f"/>
      </symbol>
      <symbol id="sm-dda">
         <name>CSL_intcEvent0Dispatcher</name>
         <value>0xc007de0</value>
         <object_component_ref idref="oc-65"/>
      </symbol>
      <symbol id="sm-ddb">
         <name>CSL_intcEvent3Dispatcher</name>
         <value>0xc008440</value>
         <object_component_ref idref="oc-4d"/>
      </symbol>
      <symbol id="sm-ddc">
         <name>CSL_intcEvent2Dispatcher</name>
         <value>0xc008220</value>
         <object_component_ref idref="oc-59"/>
      </symbol>
      <symbol id="sm-de8">
         <name>CSL_intcHookIsr</name>
         <value>0xc00d780</value>
         <object_component_ref idref="oc-d3"/>
      </symbol>
      <symbol id="sm-df1">
         <name>__c6xabi_divi</name>
         <value>0xc00b340</value>
         <object_component_ref idref="oc-3d6"/>
      </symbol>
      <symbol id="sm-df2">
         <name>__divi</name>
         <value>0xc00b340</value>
         <object_component_ref idref="oc-3d6"/>
      </symbol>
      <symbol id="sm-df7">
         <name>__TI_STATIC_BASE</name>
         <value>0xc017bac</value>
      </symbol>
      <symbol id="sm-df9">
         <name>__TI_INITARRAY_Base</name>
         <value>0x0</value>
      </symbol>
      <symbol id="sm-dfa">
         <name>__TI_INITARRAY_Limit</name>
         <value>0x0</value>
      </symbol>
      <symbol id="sm-dfb">
         <name>__TI_TLS_INIT_Base</name>
         <value>0x0</value>
      </symbol>
      <symbol id="sm-dfc">
         <name>__TI_TLS_INIT_Limit</name>
         <value>0x0</value>
      </symbol>
      <symbol id="sm-dfd">
         <name>remove</name>
         <value>0xc00c980</value>
      </symbol>
   </symbol_table>
   <title>Link successful</title>
</link_info>
